Component: ARM Compiler 5.06 update 7 (build 960) Tool: armlink [4d3601]

==============================================================================

Section Cross References

    main.o(.text) refers to rtx_kernel.o(.text) for osKernelGetState
    main.o(.text) refers to lcd.o(.text) for LCD_reset
    main.o(.text) refers to leds.o(.text) for LED_Init
    main.o(.text) refers to rtc.o(.text) for RTC_Init
    main.o(.text) refers to joystick.o(.text) for Init_Joystick
    main.o(.text) refers to rtx_delay.o(.text) for osDelay
    main.o(.text) refers to sntp.o(.text) for get_SNTP_Time
    main.o(.text) refers to stm32f4xx_hal_rcc.o(.text) for HAL_RCC_OscConfig
    main.o(.text) refers to stm32f4xx_hal_rcc_ex.o(.text) for HAL_RCCEx_PeriphCLKConfig
    main.o(.text) refers to stm32f4xx_hal.o(.text) for HAL_GetREVID
    main.o(.text) refers to system_stm32f4xx_1.o(.text) for SystemCoreClockUpdate
    main.o(.text) refers to rtx_thread.o(.text) for osThreadNew
    main.o(.text) refers to parpadeo.o(.text) for Init_Parpadeo
    main.o(.text) refers to lowpower.o(.text) for Init_ThLowPower
    main.o(.text) refers to system_stm32f4xx_1.o(.data) for SystemCoreClock
    main.o(.text) refers to main.o(.data) for .data
    main.o(.text) refers to http_server.o(.constdata) for app_main_attr
    main.o(.text) refers to http_server.o(.text) for app_main
    http_server.o(.text) refers to adc.o(.text) for ADC1_pins_F429ZI_config
    http_server.o(.text) refers to rtx_thread.o(.text) for osThreadFlagsSet
    http_server.o(.text) refers to net_sys.o(i.netInitialize) for netInitialize
    http_server.o(.text) refers to lcd.o(.text) for LCD_reset
    http_server.o(.text) refers to leds.o(.text) for LED_Init
    http_server.o(.text) refers to http_server.o(.data) for .data
    http_server.o(.constdata) refers to http_server.o(.bss) for app_main_stk
    http_server_cgi.o(.text) refers to net_http_server.o(i.netCGI_GetEnvVar) for netCGI_GetEnvVar
    http_server_cgi.o(.text) refers to net_addr.o(i.netIP_aton) for netIP_aton
    http_server_cgi.o(.text) refers to net_sys.o(i.netIF_SetOption) for netIF_SetOption
    http_server_cgi.o(.text) refers to stm32f4xx_hal_gpio.o(.text) for HAL_GPIO_WritePin
    http_server_cgi.o(.text) refers to strcmp.o(.text) for strcmp
    http_server_cgi.o(.text) refers to strncmp.o(.text) for strncmp
    http_server_cgi.o(.text) refers to net_http_server.o(i.netHTTPs_LoginActive) for netHTTPs_LoginActive
    http_server_cgi.o(.text) refers to strcpy.o(.text) for strcpy
    http_server_cgi.o(.text) refers to net_http_server.o(i.netHTTPs_SetPassword) for netHTTPs_SetPassword
    http_server_cgi.o(.text) refers to lcd.o(.text) for LCD_clear
    http_server_cgi.o(.text) refers to strlen.o(.text) for strlen
    http_server_cgi.o(.text) refers to net_sys.o(i.netIF_GetOption) for netIF_GetOption
    http_server_cgi.o(.text) refers to net_addr.o(i.netIP_ntoa) for netIP_ntoa
    http_server_cgi.o(.text) refers to printfa.o(i.__0sprintf) for __2sprintf
    http_server_cgi.o(.text) refers to net_tcp.o(i.netTCP_GetState) for netTCP_GetState
    http_server_cgi.o(.text) refers to net_tcp.o(i.netTCP_GetPeer) for netTCP_GetPeer
    http_server_cgi.o(.text) refers to net_tcp.o(i.netTCP_GetTimer) for netTCP_GetTimer
    http_server_cgi.o(.text) refers to net_tcp.o(i.netTCP_GetLocalPort) for netTCP_GetLocalPort
    http_server_cgi.o(.text) refers to http_server_cgi.o(.bss) for .bss
    http_server_cgi.o(.text) refers to http_server_cgi.o(.data) for .data
    http_server_cgi.o(.text) refers to http_server.o(.data) for LEDrun
    http_server_cgi.o(.text) refers to http_server.o(.data) for lcd_text
    http_server_cgi.o(.text) refers to http_server_cgi.o(.conststring) for .conststring
    http_server_cgi.o(.text) refers to net_http_server.o(i.netHTTPs_GetPassword) for netHTTPs_GetPassword
    http_server_cgi.o(.text) refers to net_http_server.o(i.netHTTPs_GetLanguage) for netHTTPs_GetLanguage
    http_server_cgi.o(.text) refers to http_server.o(.text) for AD_in
    http_server_cgi.o(.text) refers to dfltui.o(.text) for __aeabi_ui2d
    http_server_cgi.o(.text) refers to dmul.o(.text) for __aeabi_dmul
    http_server_cgi.o(.text) refers to dscalb.o(.text) for __ARM_scalbn
    http_server_cgi.o(.text) refers to rtc.o(.text) for Get_String_Date_Time
    http_server_cgi.o(.text) refers to rtc.o(.bss) for Time_Date
    web.o(.text) refers to web.o(.constdata) for .constdata
    web.o(.constdata) refers to web.o(.constdata) for imageFileData
    adc.o(.text) refers to memseta.o(.text) for __aeabi_memclr4
    adc.o(.text) refers to stm32f4xx_hal_gpio.o(.text) for HAL_GPIO_Init
    adc.o(.text) refers to stm32f4xx_hal_adc.o(.text) for HAL_ADC_Init
    adc.o(.text) refers to ffltui.o(.text) for __aeabi_ui2f
    adc.o(.text) refers to fmul.o(.text) for __aeabi_fmul
    adc.o(.text) refers to fscalb.o(.text) for __ARM_scalbnf
    lcd.o(.text) refers to stm32f4xx_hal_tim.o(.text) for HAL_TIM_Base_Init
[...]
    net_eth_callback                         0x08017265   Thumb Code    14  net_eth.o(i.net_eth_callback)
    net_eth_config_mcast                     0x08017273   Thumb Code   104  net_eth.o(i.net_eth_config_mcast)
    net_eth_get_option                       0x080172db   Thumb Code   234  net_eth.o(i.net_eth_get_option)
    net_eth_iface_init                       0x080173c5   Thumb Code    22  net_eth.o(i.net_eth_iface_init)
    net_eth_iface_run                        0x080173e1   Thumb Code    22  net_eth.o(i.net_eth_iface_run)
    net_eth_output                           0x080173fd   Thumb Code   164  net_eth.o(i.net_eth_output)
    net_eth_send_frame                       0x080174a5   Thumb Code   462  net_eth.o(i.net_eth_send_frame)
    net_eth_set_option                       0x08017685   Thumb Code   610  net_eth.o(i.net_eth_set_option)
    net_http_server_init                     0x080178f5   Thumb Code   212  net_http_server.o(i.net_http_server_init)
    net_http_server_run                      0x080179dd   Thumb Code    30  net_http_server.o(i.net_http_server_run)
    net_icmp6_init                           0x08017a05   Thumb Code    20  net_icmp6.o(i.net_icmp6_init)
    net_icmp6_process                        0x08017a1d   Thumb Code   542  net_icmp6.o(i.net_icmp6_process)
    net_icmp6_send                           0x08017c55   Thumb Code   122  net_icmp6.o(i.net_icmp6_send)
    net_icmp6_send_echo                      0x08017cd9   Thumb Code    78  net_icmp6.o(i.net_icmp6_send_echo)
    net_icmp_init                            0x08017d31   Thumb Code    20  net_icmp.o(i.net_icmp_init)
    net_icmp_process                         0x08017d49   Thumb Code   430  net_icmp.o(i.net_icmp_process)
    net_icmp_send_echo                       0x08017f11   Thumb Code   142  net_icmp.o(i.net_icmp_send_echo)
    net_if_map_all                           0x08017fb1   Thumb Code     6  net_sys.o(i.net_if_map_all)
    net_ip4_chk_frame                        0x08017fbd   Thumb Code   372  net_ip4.o(i.net_ip4_chk_frame)
    net_ip4_chksum                           0x08018149   Thumb Code    44  net_ip4.o(i.net_ip4_chksum)
    net_ip4_chksum_buf                       0x08018175   Thumb Code     6  net_ip4.o(i.net_ip4_chksum_buf)
    net_ip4_find_route                       0x0801817d   Thumb Code   104  net_ip4.o(i.net_ip4_find_route)
    net_ip4_frag_add                         0x080181fd   Thumb Code   284  net_ip4_frag.o(i.net_ip4_frag_add)
    net_ip4_frag_get                         0x08018321   Thumb Code   168  net_ip4_frag.o(i.net_ip4_frag_get)
    net_ip4_frag_init                        0x080183cd   Thumb Code    12  net_ip4_frag.o(i.net_ip4_frag_init)
    net_ip4_frag_run                         0x080183dd   Thumb Code    50  net_ip4_frag.o(i.net_ip4_frag_run)
    net_ip4_get_local                        0x08018419   Thumb Code    40  net_ip4.o(i.net_ip4_get_local)
    net_ip4_init                             0x08018445   Thumb Code    22  net_ip4.o(i.net_ip4_init)
    net_ip4_is_onlink                        0x08018469   Thumb Code    32  net_ip4.o(i.net_ip4_is_onlink)
    net_ip4_is_subcast                       0x08018489   Thumb Code    38  net_ip4.o(i.net_ip4_is_subcast)
    net_ip4_reass_frame                      0x080184af   Thumb Code    14  net_ip4.o(i.net_ip4_reass_frame)
    net_ip4_send_frame                       0x080184bd   Thumb Code   340  net_ip4.o(i.net_ip4_send_frame)
    net_ip4_tx_offl_hl                       0x08018621   Thumb Code    42  net_ip4.o(i.net_ip4_tx_offl_hl)
    net_ip6_chk_frame                        0x0801864d   Thumb Code   236  net_ip6.o(i.net_ip6_chk_frame)
    net_ip6_chksum                           0x0801874d   Thumb Code    50  net_ip6.o(i.net_ip6_chksum)
    net_ip6_collect_mcast                    0x08018781   Thumb Code   118  net_ip6.o(i.net_ip6_collect_mcast)
    net_ip6_find_route                       0x080187fd   Thumb Code    56  net_ip6.o(i.net_ip6_find_route)
    net_ip6_get_local                        0x08018845   Thumb Code    74  net_ip6.o(i.net_ip6_get_local)
    net_ip6_init                             0x08018899   Thumb Code    20  net_ip6.o(i.net_ip6_init)
    net_ip6_send_frame                       0x080188b5   Thumb Code   192  net_ip6.o(i.net_ip6_send_frame)
    net_ip6_tx_offl_hl                       0x08018981   Thumb Code    30  net_ip6.o(i.net_ip6_tx_offl_hl)
    net_itoa                                 0x0801899f   Thumb Code     8  net_common.o(i.net_itoa)
    net_itoa_n0                              0x080189a7   Thumb Code     6  net_common.o(i.net_itoa_n0)
    net_loop_iface_init                      0x080189ad   Thumb Code    40  net_loopback.o(i.net_loop_iface_init)
    net_loop_iface_run                       0x080189dd   Thumb Code   176  net_loopback.o(i.net_loop_iface_run)
    net_loop_send_frame                      0x08018a99   Thumb Code   104  net_loopback.o(i.net_loop_send_frame)
    net_mem_alloc                            0x08018b09   Thumb Code   178  net_mem.o(i.net_mem_alloc)
    net_mem_avail                            0x08018bc9   Thumb Code    22  net_mem.o(i.net_mem_avail)
    net_mem_free                             0x08018be5   Thumb Code   152  net_mem.o(i.net_mem_free)
    net_mem_init                             0x08018c89   Thumb Code    98  net_mem.o(i.net_mem_init)
    net_mem_shrink                           0x08018cf9   Thumb Code    62  net_mem.o(i.net_mem_shrink)
    net_nbns_client_init                     0x08018d41   Thumb Code    82  net_nbns_client.o(i.net_nbns_client_init)
    net_ndp_cache_find                       0x08018da5   Thumb Code   438  net_ndp.o(i.net_ndp_cache_find)
    net_ndp_cache_init                       0x08018f69   Thumb Code   114  net_ndp.o(i.net_ndp_cache_init)
    net_ndp_cache_refresh                    0x08018fe9   Thumb Code   112  net_ndp.o(i.net_ndp_cache_refresh)
    net_ndp_cache_run                        0x08019061   Thumb Code    22  net_ndp.o(i.net_ndp_cache_run)
    net_ndp_enqueue                          0x0801907d   Thumb Code   108  net_ndp.o(i.net_ndp_enqueue)
    net_ndp_process                          0x080190ed   Thumb Code   872  net_ndp.o(i.net_ndp_process)
    net_path                                 0x08019461   Thumb Code    52  net_sys.o(i.net_path)
    net_ping_client_init                     0x08019499   Thumb Code    22  net_ping_core.o(i.net_ping_client_init)
    net_ping_client_run                      0x080194b9   Thumb Code   110  net_ping_core.o(i.net_ping_client_run)
    net_rand32                               0x08019539   Thumb Code    18  net_sys.o(i.net_rand32)
    net_sntp_client_init                     0x08019555   Thumb Code    80  net_sntp_client_core.o(i.net_sntp_client_init)
    net_sntp_client_run                      0x080195b1   Thumb Code    76  net_sntp_client_core.o(i.net_sntp_client_run)
    net_sntp_client_start                    0x08019609   Thumb Code   312  net_sntp_client_core.o(i.net_sntp_client_start)
    net_strcasecmp                           0x08019751   Thumb Code    46  net_common.o(i.net_strcasecmp)
    net_strchr                               0x0801977f   Thumb Code    22  net_common.o(i.net_strchr)
    net_strcmp                               0x08019795   Thumb Code    26  net_common.o(i.net_strcmp)
    net_strcpy                               0x080197af   Thumb Code    18  net_common.o(i.net_strcpy)
    net_strnchr                              0x080197c1   Thumb Code    28  net_common.o(i.net_strnchr)
    net_strncpy                              0x080197dd   Thumb Code    26  net_common.o(i.net_strncpy)
    net_strtoupper                           0x080197f7   Thumb Code    32  net_common.o(i.net_strtoupper)
    net_sys_lock                             0x08019819   Thumb Code     8  net_sys.o(i.net_sys_lock)
    net_sys_resume                           0x08019825   Thumb Code    22  net_sys.o(i.net_sys_resume)
    net_sys_tick                             0x0801983d   Thumb Code    16  net_sys.o(i.net_sys_tick)
    net_sys_unlock                           0x08019851   Thumb Code     8  net_sys.o(i.net_sys_unlock)
    net_sys_wakeup                           0x0801985d   Thumb Code    26  net_sys.o(i.net_sys_wakeup)
    net_tcp_abort                            0x0801987d   Thumb Code   122  net_tcp.o(i.net_tcp_abort)
    net_tcp_close                            0x08019901   Thumb Code   218  net_tcp.o(i.net_tcp_close)
    net_tcp_get_buf                          0x080199e5   Thumb Code    46  net_tcp.o(i.net_tcp_get_buf)
    net_tcp_get_local_port                   0x08019a15   Thumb Code    48  net_tcp.o(i.net_tcp_get_local_port)
    net_tcp_get_mss                          0x08019a49   Thumb Code    34  net_tcp.o(i.net_tcp_get_mss)
    net_tcp_get_peer                         0x08019a71   Thumb Code    80  net_tcp.o(i.net_tcp_get_peer)
    net_tcp_get_socket                       0x08019ac5   Thumb Code   104  net_tcp.o(i.net_tcp_get_socket)
    net_tcp_get_state                        0x08019b35   Thumb Code    40  net_tcp.o(i.net_tcp_get_state)
    net_tcp_get_timer                        0x08019b61   Thumb Code    48  net_tcp.o(i.net_tcp_get_timer)
    net_tcp_listen                           0x08019b95   Thumb Code   168  net_tcp.o(i.net_tcp_listen)
    net_tcp_process                          0x08019c45   Thumb Code  1956  net_tcp.o(i.net_tcp_process)
    net_tcp_send                             0x0801a3ed   Thumb Code   336  net_tcp.o(i.net_tcp_send)
    net_tcp_set_option                       0x0801a549   Thumb Code   288  net_tcp.o(i.net_tcp_set_option)
    net_tcp_socket_init                      0x0801a675   Thumb Code    30  net_tcp.o(i.net_tcp_socket_init)
    net_tcp_socket_run                       0x0801a69d   Thumb Code   938  net_tcp.o(i.net_tcp_socket_run)
    net_udp_close                            0x0801aa5d   Thumb Code    62  net_udp.o(i.net_udp_close)
    net_udp_get_buf                          0x0801aaa5   Thumb Code    46  net_udp.o(i.net_udp_get_buf)
    net_udp_get_socket                       0x0801aad5   Thumb Code   102  net_udp.o(i.net_udp_get_socket)
    net_udp_open                             0x0801ab45   Thumb Code   160  net_udp.o(i.net_udp_open)
    net_udp_process                          0x0801abf1   Thumb Code   322  net_udp.o(i.net_udp_process)
    net_udp_send                             0x0801ad49   Thumb Code    18  net_udp.o(i.net_udp_send)
    net_udp_send_if                          0x0801ad5d   Thumb Code   540  net_udp.o(i.net_udp_send_if)
    net_udp_socket_init                      0x0801af89   Thumb Code    30  net_udp.o(i.net_udp_socket_init)
    net_ultoa                                0x0801afad   Thumb Code     8  net_common.o(i.net_ultoa)
    net_ultox                                0x0801afb5   Thumb Code    44  net_common.o(i.net_ultox)
    net_xtoul                                0x0801afe5   Thumb Code    76  net_common.o(i.net_xtoul)
    app_main_attr                            0x0801be00   Data          36  http_server.o(.constdata)
    imageLastModified                        0x0801be24   Data           4  web.o(.constdata)
    Arial12x12                               0x0802298c   Data        2400  lcd.o(.constdata)
    osRtxUserSVC                             0x0802334c   Data           4  rtx_lib.o(.constdata)
    Driver_ETH_PHY0                          0x08023354   Data          32  phy_lan8742a.o(.constdata)
    Driver_ETH_MAC0                          0x080233c4   Data          68  emac_stm32f4xx.o(.constdata)
    Driver_SPI1                              0x0802345c   Data          44  spi_stm32f4xx.o(.constdata)
    EventRecorderInfo                        0x08023488   Data          24  eventrecorder.o(.constdata)
    AHBPrescTable                            0x080234a8   Data          16  system_stm32f4xx_1.o(.constdata)
    APBPrescTable                            0x080234b8   Data           8  system_stm32f4xx_1.o(.constdata)
    net_sys_config                           0x08023568   Data          28  net_config.o(.constdata)
    net_eth0_if_config                       0x0802361c   Data          44  net_config.o(.constdata)
    net_eth_list                             0x08023648   Data           8  net_config.o(.constdata)
    net_if_list_lan                          0x08023650   Data           8  net_config.o(.constdata)
    net_if_list_all                          0x08023658   Data           8  net_config.o(.constdata)
    net_if_inet_def                          0x08023660   Data           8  net_config.o(.constdata)
    net_if_link_def                          0x08023668   Data           8  net_config.o(.constdata)
    net_arp_list                             0x08023670   Data           8  net_config.o(.constdata)
    net_icmp_list                            0x08023678   Data           8  net_config.o(.constdata)
    net_ndp_list                             0x08023680   Data           8  net_config.o(.constdata)
    net_icmp6_list                           0x08023688   Data           8  net_config.o(.constdata)
    net_dhcp6_list                           0x08023690   Data           8  net_config.o(.constdata)
    net_ip4_frag_config                      0x08023698   Data           8  net_config.o(.constdata)
    net_udp_config                           0x080236a0   Data          12  net_config.o(.constdata)
    net_tcp_config                           0x080236ac   Data          24  net_config.o(.constdata)
    net_http_config                          0x080236c4   Data          52  net_config.o(.constdata)
    net_sntp_config                          0x080236f8   Data           8  net_config.o(.constdata)
    netif_getopt_func                        0x08023760   Data          16  net_config.o(.constdata)
    netif_setopt_func                        0x08023770   Data          16  net_config.o(.constdata)
    net_loop_if_config                       0x08023780   Data          44  net_loopback.o(.constdata)
    net_http_auth_basic_func                 0x080238cc   Data          24  net_http_server_auth.o(.constdata)
    net_ping_payload                         0x080238e4   Data          18  net_ping_core.o(.constdata)
    net_addr_unspec                          0x080238f6   Data          16  net_addr.o(.constdata)
    net_addr_bcast                           0x08023906   Data           6  net_addr.o(.constdata)
    net_addr4_loopback                       0x0802390c   Data           4  net_ip4.o(.constdata)
    net_addr6_all_nodes                      0x08023910   Data          16  net_ip6.o(.constdata)
    net_addr6_loopback                       0x08023920   Data          16  net_ip6.o(.constdata)
    net_addr6_all_routers                    0x08023930   Data          16  net_ip6.o(.constdata)
    net_http_error                           0x08023940   Data          24  net_http_server_err.o(.constdata)
    net_lib_version                          0x080239f8   Data           4  net_version.o(.constdata)
    network_ip4ip6_debug_v7.15.0             0x080239f8   Data           4  net_version.o(.constdata)
    osRtxConfig                              0x08023e7c   Data         112  rtx_lib.o(.rodata)
    os_cb_sections                           0x08023eec   Data          56  rtx_lib.o(.rodata)
    Region$$Table$$Base                      0x08023f24   Number         0  anon$$obj.o(Region$$Table)
    Region$$Table$$Limit                     0x08023f54   Number         0  anon$$obj.o(Region$$Table)
    .bss.os.msgqueue.cb$$Base                0x20008044   Number         0  rtx_lib.o(.bss.os.msgqueue.cb)
    .bss.os.msgqueue.cb$$Limit               0x20008078   Number         0  rtx_lib.o(.bss.os.msgqueue.cb)
    .bss.os.mutex.cb$$Base                   0x200080c8   Number         0  net_config.o(.bss.os.mutex.cb)
    .bss.os.mutex.cb$$Limit                  0x20008100   Number         0  net_config.o(.bss.os.mutex.cb)
    .bss.os.semaphore.cb$$Base               0x20008100   Number         0  net_config.o(.bss.os.semaphore.cb)
    .bss.os.semaphore.cb$$Limit              0x20008110   Number         0  net_config.o(.bss.os.semaphore.cb)
    .bss.os.thread.cb$$Base                  0x20008110   Number         0  rtx_lib.o(.bss.os.thread.cb)
    .bss.os.thread.cb$$Limit                 0x20008220   Number         0  net_config.o(.bss.os.thread.cb)
    .bss.os.timer.cb$$Base                   0x20008620   Number         0  net_config.o(.bss.os.timer.cb)
    .bss.os.timer.cb$$Limit                  0x20008640   Number         0  net_config.o(.bss.os.timer.cb)
    lcd_text                                 0x20008644   Data          42  http_server.o(.data)
    LEDrun                                   0x2000866e   Data           1  http_server.o(.data)
    TID_Display                              0x20008670   Data           4  http_server.o(.data)
    SPIdrv                                   0x2000867c   Data           4  lcd.o(.data)
    state                                    0x20008680   Data           4  lcd.o(.data)
    tid_Thread_Parpadeo                      0x20008684   Data           4  parpadeo.o(.data)
    sDate                                    0x20008688   Data           4  rtc.o(.data)
    tid_Thjoy                                0x2000868c   Data           4  joystick.o(.data)
    tid_ThSNTP                               0x2000869c   Data           4  sntp.o(.data)
    timer_SNTP                               0x200086a0   Data           4  sntp.o(.data)
    status                                   0x200086a8   Data           4  sntp.o(.data)
    tid_ThLowPower                           0x200086ac   Data           4  lowpower.o(.data)
    ITM_RxBuffer                             0x200086b0   Data           4  retarget_io.o(.data)
    uwTickFreq                               0x200086b4   Data           1  stm32f4xx_hal.o(.data)
    uwTickPrio                               0x200086b8   Data           4  stm32f4xx_hal.o(.data)
    uwTick                                   0x200086bc   Data           4  stm32f4xx_hal.o(.data)
    SystemCoreClock                          0x200086c0   Data           4  system_stm32f4xx_1.o(.data)
    net_eth0_icmp_control                    0x200086dc   Data           1  net_icmp.o(.data)
    net_eth0_icmp6_control                   0x200086dd   Data           1  net_icmp6.o(.data)
    __stdout                                 0x20008700   Data           4  stdout.o(.data)
    __stderr                                 0x20008704   Data           4  stderr.o(.data)
    osRtxInfo                                0x20008708   Data         164  rtx_kernel.o(.data.os)
    app_main_stk                             0x200087b0   Data        1024  http_server.o(.bss)
    htim7                                    0x20008bfc   Data          72  lcd.o(.bss)
    buffer                                   0x20008c44   Data         512  lcd.o(.bss)
    hrtc                                     0x20008e58   Data          32  rtc.o(.bss)
    sAlarm                                   0x20008e78   Data          40  rtc.o(.bss)
    sTime                                    0x20008ea0   Data          20  rtc.o(.bss)
    timeString                               0x20008eb4   Data          30  rtc.o(.bss)
    dateString                               0x20008ed2   Data          30  rtc.o(.bss)
    Time_Date                                0x20008ef0   Data          60  rtc.o(.bss)
    net_eth0_if_control                      0x2000f0e4   Data         160  net_eth.o(.bss)
    net_eth0_arp_control                     0x2000f184   Data          24  net_arp.o(.bss)
    net_eth0_ndp_control                     0x2000f19c   Data          68  net_ndp.o(.bss)
    net_eth0_dhcp6_control                   0x2000f1fc   Data          68  net_dhcp6_client.o(.bss)
    net_http_control                         0x2000f2c4   Data          20  net_http_server.o(.bss)
    net_sntp_control                         0x2000f2d8   Data          44  net_sntp_client_core.o(.bss)
    net_ping_control                         0x2000f304   Data          44  net_ping_core.o(.bss)
    net_sys_control                          0x2000f340   Data          28  net_sys.o(.bss)
    net_dbg_buf                              0x2000f368   Data          36  net_sys.o(.bss)
    __initial_sp                             0x2000f828   Data           0  startup_stm32f429xx.o(STACK)



==============================================================================

Memory Map of the image

  Image Entry point : 0x080001ad

  Load Region LR_IROM1 (Base: 0x08000000, Size: 0x0002c700, Max: 0x00200000, ABSOLUTE, COMPRESSED[0x00024090])

    Execution Region ER_IROM1 (Exec base: 0x08000000, Load base: 0x08000000, Size: 0x00023f54, Max: 0x00200000, ABSOLUTE)

    Exec Addr    Load Addr    Size         Type   Attr      Idx    E Section Name        Object

    0x08000000   0x08000000   0x000001ac   Data   RO         1728    RESET               startup_stm32f429xx.o
    0x080001ac   0x080001ac   0x00000000   Code   RO         2914  * .ARM.Collect$$$$00000000  mc_w.l(entry.o)
    0x080001ac   0x080001ac   0x00000004   Code   RO         3224    .ARM.Collect$$$$00000001  mc_w.l(entry2.o)
    0x080001b0   0x080001b0   0x00000004   Code   RO         3227    .ARM.Collect$$$$00000004  mc_w.l(entry5.o)
    0x080001b4   0x080001b4   0x00000000   Code   RO         3229    .ARM.Collect$$$$00000008  mc_w.l(entry7b.o)
    0x080001b4   0x080001b4   0x00000000   Code   RO         3231    .ARM.Collect$$$$0000000A  mc_w.l(entry8b.o)
    0x080001b4   0x080001b4   0x00000008   Code   RO         3232    .ARM.Collect$$$$0000000B  mc_w.l(entry9a.o)
    0x080001bc   0x080001bc   0x00000004   Code   RO         3239    .ARM.Collect$$$$0000000E  mc_w.l(entry12b.o)
    0x080001c0   0x080001c0   0x00000000   Code   RO         3234    .ARM.Collect$$$$0000000F  mc_w.l(entry10a.o)
    0x080001c0   0x080001c0   0x00000000   Code   RO         3236    .ARM.Collect$$$$00000011  mc_w.l(entry11a.o)
    0x080001c0   0x080001c0   0x00000004   Code   RO         3225    .ARM.Collect$$$$00002712  mc_w.l(entry2.o)
    0x080001c4   0x080001c4   0x00000148   Code   RO          840    .emb_text           rtx_mempool.o
    0x0800030c   0x0800030c   0x00000148   Code   RO          871    .emb_text           rtx_msgqueue.o
    0x08000454   0x08000454   0x00000148   Code   RO          936    .emb_text           rtx_semaphore.o
    0x0800059c   0x0800059c   0x00000148   Code   RO          967    .emb_text           rtx_system.o
    0x080006e4   0x080006e4   0x00000148   Code   RO         1001    .emb_text           rtx_thread.o
    0x0800082c   0x0800082c   0x00000074   Code   RO         1222    .emb_text           eventrecorder.o
    0x080008a0   0x080008a0   0x00000180   Code   RO            4    .text               main.o
    0x08000a20   0x08000a20   0x00000058   Code   RO          198    .text               http_server.o
    0x08000a78   0x08000a78   0x0000078c   Code   RO          249    .text               http_server_cgi.o
    0x08001204   0x08001204   0x00000078   Code   RO          313    .text               web.o
    0x0800127c   0x0800127c   0x00000130   Code   RO          333    .text               adc.o
    0x080013ac   0x080013ac   0x000003dc   Code   RO          366    .text               lcd.o
    0x08001788   0x08001788   0x0000006c   Code   RO          412    .text               leds.o
    0x080017f4   0x080017f4   0x00000054   Code   RO          438    .text               parpadeo.o
    0x08001848   0x08001848   0x00000254   Code   RO          468    .text               rtc.o
    0x08001a9c   0x08001a9c   0x00000198   Code   RO          500    .text               joystick.o
    0x08001c34   0x08001c34   0x000001ac   Code   RO          534    .text               sntp.o
    0x08001de0   0x08001de0   0x000001cc   Code   RO          562    .text               lowpower.o
    0x08001fac   0x08001fac   0x00000094   Code   RO          588    .text               irq_armv7m.o
    0x08002040   0x08002040   0x00000104   Code   RO          596    .text               rtx_delay.o
    0x08002144   0x08002144   0x00000964   Code   RO          694    .text               rtx_evr.o
    0x08002aa8   0x08002aa8   0x000006d8   Code   RO          719    .text               rtx_kernel.o
    0x08003180   0x08003180   0x00000124   Code   RO          810    .text               rtx_memory.o
    0x080032a4   0x080032a4   0x00000678   Code   RO          841    .text               rtx_mempool.o
    0x0800391c   0x0800391c   0x000009bc   Code   RO          872    .text               rtx_msgqueue.o
    0x080042d8   0x080042d8   0x00000558   Code   RO          906    .text               rtx_mutex.o
    0x08004830   0x08004830   0x00000450   Code   RO          937    .text               rtx_semaphore.o
    0x08004c80   0x08004c80   0x00000154   Code   RO          968    .text               rtx_system.o
    0x08004dd4   0x08004dd4   0x00001194   Code   RO         1002    .text               rtx_thread.o
    0x08005f68   0x08005f68   0x00000480   Code   RO         1036    .text               rtx_timer.o
    0x080063e8   0x080063e8   0x000000c4   Code   RO         1066    .text               os_systick.o
    0x080064ac   0x080064ac   0x00000004   Code   RO         1092    .text               rtx_config.o
    0x080064b0   0x080064b0   0x000001ac   Code   RO         1113    .text               phy_lan8742a.o
    0x0800665c   0x0800665c   0x000009f8   Code   RO         1141    .text               emac_stm32f4xx.o
    0x08007054   0x08007054   0x00000d6c   Code   RO         1183    .text               spi_stm32f4xx.o
    0x08007dc0   0x08007dc0   0x00000538   Code   RO         1223    .text               eventrecorder.o
    0x080082f8   0x080082f8   0x000000f0   Code   RO         1254    .text               retarget_io.o
    0x080083e8   0x080083e8   0x000001c8   Code   RO         1286    .text               stm32f4xx_hal.o
    0x080085b0   0x080085b0   0x00000b20   Code   RO         1316    .text               stm32f4xx_hal_adc.o
    0x080090d0   0x080090d0   0x0000075c   Code   RO         1340    .text               stm32f4xx_hal_adc_ex.o
    0x0800982c   0x0800982c   0x00000298   Code   RO         1364    .text               stm32f4xx_hal_cortex.o
    0x08009ac4   0x08009ac4   0x0000071c   Code   RO         1392    .text               stm32f4xx_hal_dma.o
    0x0800a1e0   0x0800a1e0   0x00000388   Code   RO         1441    .text               stm32f4xx_hal_gpio.o
    0x0800a568   0x0800a568   0x00000188   Code   RO         1465    .text               stm32f4xx_hal_pwr.o
    0x0800a6f0   0x0800a6f0   0x00000754   Code   RO         1513    .text               stm32f4xx_hal_rcc.o
    0x0800ae44   0x0800ae44   0x000005e4   Code   RO         1537    .text               stm32f4xx_hal_rcc_ex.o
    0x0800b428   0x0800b428   0x00000964   Code   RO         1561    .text               stm32f4xx_hal_rtc.o
    0x0800bd8c   0x0800bd8c   0x00000abc   Code   RO         1585    .text               stm32f4xx_hal_rtc_ex.o
    0x0800c848   0x0800c848   0x000031c4   Code   RO         1657    .text               stm32f4xx_hal_tim.o
    0x0800fa0c   0x0800fa0c   0x00001378   Code   RO         1681    .text               stm32f4xx_hal_tim_ex.o
    0x08010d84   0x08010d84   0x00000024   Code   RO         1729    .text               startup_stm32f429xx.o
    0x08010da8   0x08010da8   0x00000088   Code   RO         1736    .text               system_stm32f4xx_1.o
    0x08010e30   0x08010e30   0x0000016c   Code   RO         1765    .text               net_config.o
    0x08010f9c   0x08010f9c   0x00000152   Code   RO         1865    .text               net_debug.o
    0x080110ee   0x080110ee   0x00000062   Code   RO         2923    .text               mc_w.l(uldiv.o)
    0x08011150   0x08011150   0x00000094   Code   RO         2925    .text               mc_w.l(localtime.o)
    0x080111e4   0x080111e4   0x00000394   Code   RO         2929    .text               mc_w.l(strftime.o)
    0x08011578   0x08011578   0x00000024   Code   RO         2935    .text               mc_w.l(memcpya.o)
    0x0801159c   0x0801159c   0x00000024   Code   RO         2937    .text               mc_w.l(memseta.o)
    0x080115c0   0x080115c0   0x0000000e   Code   RO         2939    .text               mc_w.l(strlen.o)
    0x080115ce   0x080115ce   0x0000001c   Code   RO         2941    .text               mc_w.l(strcmp.o)
    0x080115ea   0x080115ea   0x0000001a   Code   RO         2943    .text               mc_w.l(memcmp.o)
    0x08011604   0x08011604   0x00000012   Code   RO         2945    .text               mc_w.l(strcpy.o)
    0x08011616   0x08011616   0x0000001e   Code   RO         2947    .text               mc_w.l(strncmp.o)
    0x08011634   0x08011634   0x00000064   Code   RO         3212    .text               mf_w.l(fmul.o)
    0x08011698   0x08011698   0x00000018   Code   RO         3214    .text               mf_w.l(fscalb.o)
    0x080116b0   0x080116b0   0x000000e4   Code   RO         3216    .text               mf_w.l(dmul.o)
    0x08011794   0x08011794   0x0000002e   Code   RO         3218    .text               mf_w.l(dscalb.o)
    0x080117c2   0x080117c2   0x0000000a   Code   RO         3220    .text               mf_w.l(ffltui.o)
    0x080117cc   0x080117cc   0x0000001a   Code   RO         3222    .text               mf_w.l(dfltui.o)
    0x080117e6   0x080117e6   0x0000002c   Code   RO         3240    .text               mc_w.l(uidiv.o)
    0x08011812   0x08011812   0x0000001e   Code   RO         3242    .text               mc_w.l(llshl.o)
    0x08011830   0x08011830   0x00000020   Code   RO         3244    .text               mc_w.l(llushr.o)
    0x08011850   0x08011850   0x00000000   Code   RO         3246    .text               mc_w.l(iusefp.o)
    0x08011850   0x08011850   0x0000006e   Code   RO         3247    .text               mf_w.l(fepilogue.o)
    0x080118be   0x080118be   0x000000ba   Code   RO         3249    .text               mf_w.l(depilogue.o)
    0x08011978   0x08011978   0x0000014e   Code   RO         3251    .text               mf_w.l(dadd.o)
    0x08011ac6   0x08011ac6   0x000000de   Code   RO         3253    .text               mf_w.l(ddiv.o)
    0x08011ba4   0x08011ba4   0x00000030   Code   RO         3255    .text               mf_w.l(dfixul.o)
    0x08011bd4   0x08011bd4   0x00000030   Code   RO         3257    .text               mf_w.l(cdrcmple.o)
    0x08011c04   0x08011c04   0x00000024   Code   RO         3259    .text               mc_w.l(init.o)
    0x08011c28   0x08011c28   0x00000024   Code   RO         3261    .text               mc_w.l(llsshr.o)
    0x08011c4c   0x08011c4c   0x00000056   Code   RO         3270    .text               mc_w.l(__dczerorl2.o)
    0x08011ca2   0x08011ca2   0x00000002   PAD
    0x08011ca4   0x08011ca4   0x00000020   Code   RO         3184    i.__0printf         mc_w.l(printfa.o)
    0x08011cc4   0x08011cc4   0x00000028   Code   RO         3186    i.__0sprintf        mc_w.l(printfa.o)
    0x08011cec   0x08011cec   0x0000000e   Code   RO         3264    i.__scatterload_copy  mc_w.l(handlers.o)
    0x08011cfa   0x08011cfa   0x00000002   Code   RO         3265    i.__scatterload_null  mc_w.l(handlers.o)
    0x08011cfc   0x08011cfc   0x0000000e   Code   RO         3266    i.__scatterload_zeroinit  mc_w.l(handlers.o)
    0x08011d0a   0x08011d0a   0x00000002   PAD
    0x08011d0c   0x08011d0c   0x00000184   Code   RO         3191    i._fp_digits        mc_w.l(printfa.o)
    0x08011e90   0x08011e90   0x000006b4   Code   RO         3192    i._printf_core      mc_w.l(printfa.o)
    0x08012544   0x08012544   0x00000024   Code   RO         3193    i._printf_post_padding  mc_w.l(printfa.o)
    0x08012568   0x08012568   0x0000002e   Code   RO         3194    i._printf_pre_padding  mc_w.l(printfa.o)
    0x08012596   0x08012596   0x0000000a   Code   RO         3196    i._sputc            mc_w.l(printfa.o)
    0x080125a0   0x080125a0   0x00000054   Code   RO         2403    i.add_server_id     Net_Dbg_CM3_L.lib(net_http_server.o)
    0x080125f4   0x080125f4   0x0000005c   Code   RO         1951    i.arp_cache_alloc   Net_Dbg_CM3_L.lib(net_arp.o)
    0x08012650   0x08012650   0x00000170   Code   RO         1952    i.arp_cache_run     Net_Dbg_CM3_L.lib(net_arp.o)
    0x080127c0   0x080127c0   0x00000038   Code   RO         1953    i.arp_is_cacheable  Net_Dbg_CM3_L.lib(net_arp.o)
    0x080127f8   0x080127f8   0x00000088   Code   RO         1954    i.arp_probe_run     Net_Dbg_CM3_L.lib(net_arp.o)
    0x08012880   0x08012880   0x000000d8   Code   RO         1956    i.arp_proc_response  Net_Dbg_CM3_L.lib(net_arp.o)
    0x08012958   0x08012958   0x0000001a   Code   RO         1957    i.arp_que_free      Net_Dbg_CM3_L.lib(net_arp.o)
    0x08012972   0x08012972   0x00000002   PAD
    0x08012974   0x08012974   0x000000a0   Code   RO         1958    i.arp_send_reply    Net_Dbg_CM3_L.lib(net_arp.o)
    0x08012a14   0x08012a14   0x000000d0   Code   RO         1959    i.arp_send_request  Net_Dbg_CM3_L.lib(net_arp.o)
    0x08012ae4   0x08012ae4   0x00000068   Code   RO         1960    i.arp_sender_valid  Net_Dbg_CM3_L.lib(net_arp.o)
    0x08012b4c   0x08012b4c   0x0000006c   Code   RO         2347    i.check_client_id   Net_Dbg_CM3_L.lib(net_dhcp6_client.o)
    0x08012bb8   0x08012bb8   0x0000018c   Code   RO         2404    i.chk_post_req      Net_Dbg_CM3_L.lib(net_http_server.o)
    0x08012d44   0x08012d44   0x00000028   Code   RO         2828    i.crc32_8bit        Net_Dbg_CM3_L.lib(net_common.o)
    0x08012d6c   0x08012d6c   0x00000394   Code   RO         2348    i.dhcp6_client_run  Net_Dbg_CM3_L.lib(net_dhcp6_client.o)
    0x08013100   0x08013100   0x00000058   Code   RO         2349    i.dhcp6_client_start  Net_Dbg_CM3_L.lib(net_dhcp6_client.o)
    0x08013158   0x08013158   0x000004b8   Code   RO         2351    i.dhcp6_listener    Net_Dbg_CM3_L.lib(net_dhcp6_client.o)
    0x08013610   0x08013610   0x000001f8   Code   RO         2352    i.dhcp6_send_message  Net_Dbg_CM3_L.lib(net_dhcp6_client.o)
    0x08013808   0x08013808   0x0000009a   Code   RO         1895    i.eth_check_link    Net_Dbg_CM3_L.lib(net_eth.o)
    0x080138a2   0x080138a2   0x00000002   PAD
    0x080138a4   0x080138a4   0x00000020   Code   RO         1896    i.eth_if_map        Net_Dbg_CM3_L.lib(net_eth.o)
    0x080138c4   0x080138c4   0x00000304   Code   RO         1897    i.eth_iface_init    Net_Dbg_CM3_L.lib(net_eth.o)
    0x08013bc8   0x08013bc8   0x00000290   Code   RO         1898    i.eth_iface_run     Net_Dbg_CM3_L.lib(net_eth.o)
    0x08013e58   0x08013e58   0x00000008   Code   RO         1900    i.eth_lock          Net_Dbg_CM3_L.lib(net_eth.o)
    0x08013e60   0x08013e60   0x0000001c   Code   RO         1901    i.eth_mtu_limit     Net_Dbg_CM3_L.lib(net_eth.o)
    0x08013e7c   0x08013e7c   0x00000048   Code   RO         1902    i.eth_opt_len       Net_Dbg_CM3_L.lib(net_eth.o)
    0x08013ec4   0x08013ec4   0x00000088   Code   RO         1903    i.eth_receive       Net_Dbg_CM3_L.lib(net_eth.o)
    0x08013f4c   0x08013f4c   0x00000008   Code   RO         1904    i.eth_unlock        Net_Dbg_CM3_L.lib(net_eth.o)
    0x08013f54   0x08013f54   0x00000018   Code   RO         2917    i.fputs             mc_w.l(fputs.o)
    0x08013f6c   0x08013f6c   0x0000007c   Code   RO         2105    i.frag_map_session  Net_Dbg_CM3_L.lib(net_ip4_frag.o)
    0x08013fe8   0x08013fe8   0x00000028   Code   RO         2405    i.get_next_field    Net_Dbg_CM3_L.lib(net_http_server.o)
    0x08014010   0x08014010   0x00000032   Code   RO         2406    i.get_next_par      Net_Dbg_CM3_L.lib(net_http_server.o)
    0x08014042   0x08014042   0x0000005c   Code   RO         2353    i.get_tout          Net_Dbg_CM3_L.lib(net_dhcp6_client.o)
    0x0801409e   0x0801409e   0x00000022   Code   RO         2407    i.hex2byte          Net_Dbg_CM3_L.lib(net_http_server.o)
    0x080140c0   0x080140c0   0x0000036c   Code   RO         2408    i.http_add_header   Net_Dbg_CM3_L.lib(net_http_server.o)
    0x0801442c   0x0801442c   0x00000050   Code   RO         2528    i.http_auth_basic_add  Net_Dbg_CM3_L.lib(net_http_server_auth.o)
    0x0801447c   0x0801447c   0x00000090   Code   RO         2529    i.http_auth_basic_parse  Net_Dbg_CM3_L.lib(net_http_server_auth.o)
    0x0801450c   0x0801450c   0x00000002   Code   RO         2535    i.http_auth_dummy   Net_Dbg_CM3_L.lib(net_http_server_auth.o)
    0x0801450e   0x0801450e   0x00000002   PAD
    0x08014510   0x08014510   0x00000024   Code   RO         2536    i.http_auth_init    Net_Dbg_CM3_L.lib(net_http_server_auth.o)
    0x08014534   0x08014534   0x000001cc   Code   RO         2409    i.http_error_msg    Net_Dbg_CM3_L.lib(net_http_server.o)
    0x08014700   0x08014700   0x00000078   Code   RO         2410    i.http_get_ftype    Net_Dbg_CM3_L.lib(net_http_server.o)
    0x08014778   0x08014778   0x0000005e   Code   RO         2411    i.http_kill_session  Net_Dbg_CM3_L.lib(net_http_server.o)
    0x080147d6   0x080147d6   0x00000002   PAD
    0x080147d8   0x080147d8   0x000002a8   Code   RO         2412    i.http_listener     Net_Dbg_CM3_L.lib(net_http_server.o)
    0x08014a80   0x08014a80   0x00000184   Code   RO         2413    i.http_open_file    Net_Dbg_CM3_L.lib(net_http_server.o)
    0x08014c04   0x08014c04   0x0000011c   Code   RO         2414    i.http_parse_header  Net_Dbg_CM3_L.lib(net_http_server.o)
    0x08014d20   0x08014d20   0x000001a8   Code   RO         2415    i.http_proc_multipart  Net_Dbg_CM3_L.lib(net_http_server.o)
    0x08014ec8   0x08014ec8   0x00000138   Code   RO         2416    i.http_proc_post    Net_Dbg_CM3_L.lib(net_http_server.o)
    0x08015000   0x08015000   0x00000468   Code   RO         2417    i.http_server_run   Net_Dbg_CM3_L.lib(net_http_server.o)
    0x08015468   0x08015468   0x00000060   Code   RO         2418    i.http_server_start  Net_Dbg_CM3_L.lib(net_http_server.o)
    0x080154c8   0x080154c8   0x00000020   Code   RO         2420    i.http_strcpy       Net_Dbg_CM3_L.lib(net_http_server.o)
    0x080154e8   0x080154e8   0x000000ac   Code   RO         2421    i.http_to_utc       Net_Dbg_CM3_L.lib(net_http_server.o)
    0x08015594   0x08015594   0x0000001a   Code   RO         2829    i.i2str             Net_Dbg_CM3_L.lib(net_common.o)
    0x080155ae   0x080155ae   0x0000000c   Code   RO         2726    i.ip4_get_chksum    Net_Dbg_CM3_L.lib(net_ip4.o)
    0x080155ba   0x080155ba   0x00000028   Code   RO         2727    i.ip4_get_mtu       Net_Dbg_CM3_L.lib(net_ip4.o)
    0x080155e2   0x080155e2   0x00000040   Code   RO         2659    i.ip4_ntoa          Net_Dbg_CM3_L.lib(net_addr.o)
    0x08015622   0x08015622   0x00000002   PAD
    0x08015624   0x08015624   0x000000ca   Code   RO         2660    i.ip6_ntoa          Net_Dbg_CM3_L.lib(net_addr.o)
    0x080156ee   0x080156ee   0x00000002   PAD
    0x080156f0   0x080156f0   0x0000000c   Code   RO         2805    i.mem_lock          Net_Dbg_CM3_L.lib(net_mem.o)
    0x080156fc   0x080156fc   0x0000000c   Code   RO         2806    i.mem_unlock        Net_Dbg_CM3_L.lib(net_mem.o)
    0x08015708   0x08015708   0x000001a4   Code   RO         2389    i.nbns_listener     Net_Dbg_CM3_L.lib(net_nbns_client.o)
    0x080158ac   0x080158ac   0x00000120   Code   RO         2018    i.ndp_cache_add     Net_Dbg_CM3_L.lib(net_ndp.o)
    0x080159cc   0x080159cc   0x00000072   Code   RO         2019    i.ndp_cache_alloc   Net_Dbg_CM3_L.lib(net_ndp.o)
    0x08015a3e   0x08015a3e   0x00000002   PAD
    0x08015a40   0x08015a40   0x00000078   Code   RO         2020    i.ndp_cache_delete  Net_Dbg_CM3_L.lib(net_ndp.o)
    0x08015ab8   0x08015ab8   0x0000016c   Code   RO         2021    i.ndp_cache_run     Net_Dbg_CM3_L.lib(net_ndp.o)
    0x08015c24   0x08015c24   0x0000002c   Code   RO         2022    i.ndp_check_frame   Net_Dbg_CM3_L.lib(net_ndp.o)
    0x08015c50   0x08015c50   0x00000012   Code   RO         2023    i.ndp_next_opt      Net_Dbg_CM3_L.lib(net_ndp.o)
    0x08015c62   0x08015c62   0x00000002   PAD
    0x08015c64   0x08015c64   0x000000e4   Code   RO         2024    i.ndp_prefix_add    Net_Dbg_CM3_L.lib(net_ndp.o)
    0x08015d48   0x08015d48   0x0000009c   Code   RO         2025    i.ndp_probe_run     Net_Dbg_CM3_L.lib(net_ndp.o)
    0x08015de4   0x08015de4   0x000000fc   Code   RO         2027    i.ndp_proc_response  Net_Dbg_CM3_L.lib(net_ndp.o)
    0x08015ee0   0x08015ee0   0x0000001a   Code   RO         2028    i.ndp_que_free      Net_Dbg_CM3_L.lib(net_ndp.o)
    0x08015efa   0x08015efa   0x00000002   PAD
    0x08015efc   0x08015efc   0x00000038   Code   RO         2029    i.ndp_router_remove  Net_Dbg_CM3_L.lib(net_ndp.o)
    0x08015f34   0x08015f34   0x0000009c   Code   RO         2030    i.ndp_send_reply    Net_Dbg_CM3_L.lib(net_ndp.o)
    0x08015fd0   0x08015fd0   0x000000bc   Code   RO         2031    i.ndp_send_request  Net_Dbg_CM3_L.lib(net_ndp.o)
    0x0801608c   0x0801608c   0x000001a0   Code   RO         2032    i.ndp_slaac_run     Net_Dbg_CM3_L.lib(net_ndp.o)
    0x0801622c   0x0801622c   0x00000004   Code   RO         2422    i.netCGI_Charset    Net_Dbg_CM3_L.lib(net_http_server.o)
    0x08016230   0x08016230   0x00000004   Code   RO         2423    i.netCGI_ContentType  Net_Dbg_CM3_L.lib(net_http_server.o)
    0x08016234   0x08016234   0x00000004   Code   RO         2424    i.netCGI_CustomHeader  Net_Dbg_CM3_L.lib(net_http_server.o)
    0x08016238   0x08016238   0x0000006c   Code   RO         2425    i.netCGI_GetEnvVar  Net_Dbg_CM3_L.lib(net_http_server.o)
    0x080162a4   0x080162a4   0x00000004   Code   RO         2428    i.netCGI_Redirect   Net_Dbg_CM3_L.lib(net_http_server.o)
    0x080162a8   0x080162a8   0x00000004   Code   RO         2430    i.netCGX_ContentType  Net_Dbg_CM3_L.lib(net_http_server.o)
    0x080162ac   0x080162ac   0x00000064   Code   RO         2609    i.netCore_Thread    Net_Dbg_CM3_L.lib(net_sys.o)
    0x08016310   0x08016310   0x00000002   Code   RO         2356    i.netDHCP6_Notify   Net_Dbg_CM3_L.lib(net_dhcp6_client.o)
    0x08016312   0x08016312   0x00000002   Code   RO         1905    i.netETH_Notify     Net_Dbg_CM3_L.lib(net_eth.o)
    0x08016314   0x08016314   0x00000002   Code   RO         1906    i.netETH_ReceiveRaw  Net_Dbg_CM3_L.lib(net_eth.o)
    0x08016316   0x08016316   0x00000072   Code   RO         1908    i.netETH_Thread     Net_Dbg_CM3_L.lib(net_eth.o)
    0x08016388   0x08016388   0x00000004   Code   RO         2431    i.netHTTPs_AcceptClient  Net_Dbg_CM3_L.lib(net_http_server.o)
    0x0801638c   0x0801638c   0x00000004   Code   RO         2537    i.netHTTPs_CheckAccount  Net_Dbg_CM3_L.lib(net_http_server_auth.o)
    0x08016390   0x08016390   0x00000004   Code   RO         2433    i.netHTTPs_FileAccess  Net_Dbg_CM3_L.lib(net_http_server.o)
    0x08016394   0x08016394   0x00000020   Code   RO         2436    i.netHTTPs_GetLanguage  Net_Dbg_CM3_L.lib(net_http_server.o)
    0x080163b4   0x080163b4   0x0000000c   Code   RO         2437    i.netHTTPs_GetPassword  Net_Dbg_CM3_L.lib(net_http_server.o)
    0x080163c0   0x080163c0   0x0000000c   Code   RO         2443    i.netHTTPs_LoginActive  Net_Dbg_CM3_L.lib(net_http_server.o)
    0x080163cc   0x080163cc   0x00000058   Code   RO         2446    i.netHTTPs_SetPassword  Net_Dbg_CM3_L.lib(net_http_server.o)
    0x08016424   0x08016424   0x00000088   Code   RO         2610    i.netIF_GetOption   Net_Dbg_CM3_L.lib(net_sys.o)
    0x080164ac   0x080164ac   0x00000084   Code   RO         2612    i.netIF_SetOption   Net_Dbg_CM3_L.lib(net_sys.o)
    0x08016530   0x08016530   0x0000001a   Code   RO         2662    i.netIP_aton        Net_Dbg_CM3_L.lib(net_addr.o)
    0x0801654a   0x0801654a   0x00000032   Code   RO         2663    i.netIP_ntoa        Net_Dbg_CM3_L.lib(net_addr.o)
    0x0801657c   0x0801657c   0x000000ac   Code   RO         2613    i.netInitialize     Net_Dbg_CM3_L.lib(net_sys.o)
    0x08016628   0x08016628   0x0000008c   Code   RO         2664    i.netMAC_aton       Net_Dbg_CM3_L.lib(net_addr.o)
    0x080166b4   0x080166b4   0x0000001c   Code   RO         2562    i.netSNTPc_GetTime  Net_Dbg_CM3_L.lib(net_sntp_client_core.o)
    0x080166d0   0x080166d0   0x00000004   Code   RO         2228    i.netTCP_GetLocalPort  Net_Dbg_CM3_L.lib(net_tcp.o)
    0x080166d4   0x080166d4   0x00000020   Code   RO         2230    i.netTCP_GetPeer    Net_Dbg_CM3_L.lib(net_tcp.o)
    0x080166f4   0x080166f4   0x00000004   Code   RO         2232    i.netTCP_GetState   Net_Dbg_CM3_L.lib(net_tcp.o)
    0x080166f8   0x080166f8   0x00000004   Code   RO         2233    i.netTCP_GetTimer   Net_Dbg_CM3_L.lib(net_tcp.o)
    0x080166fc   0x080166fc   0x0000007c   Code   RO         2666    i.net_addr4_aton    Net_Dbg_CM3_L.lib(net_addr.o)
    0x08016778   0x08016778   0x0000001e   Code   RO         2668    i.net_addr4_to_mac  Net_Dbg_CM3_L.lib(net_addr.o)
    0x08016796   0x08016796   0x00000002   PAD
    0x08016798   0x08016798   0x000000e6   Code   RO         2669    i.net_addr6_aton    Net_Dbg_CM3_L.lib(net_addr.o)
    0x0801687e   0x0801687e   0x00000028   Code   RO         2670    i.net_addr6_comp    Net_Dbg_CM3_L.lib(net_addr.o)
    0x080168a6   0x080168a6   0x00000012   Code   RO         2671    i.net_addr6_copy    Net_Dbg_CM3_L.lib(net_addr.o)
    0x080168b8   0x080168b8   0x0000004c   Code   RO         2672    i.net_addr6_create  Net_Dbg_CM3_L.lib(net_addr.o)
    0x08016904   0x08016904   0x00000028   Code   RO         2673    i.net_addr6_get_solicited  Net_Dbg_CM3_L.lib(net_addr.o)
    0x0801692c   0x0801692c   0x00000018   Code   RO         2674    i.net_addr6_is_linklocal  Net_Dbg_CM3_L.lib(net_addr.o)
    0x08016944   0x08016944   0x0000006e   Code   RO         2675    i.net_addr6_is_onlink  Net_Dbg_CM3_L.lib(net_addr.o)
    0x080169b2   0x080169b2   0x00000048   Code   RO         2676    i.net_addr6_is_solicited  Net_Dbg_CM3_L.lib(net_addr.o)
    0x080169fa   0x080169fa   0x00000018   Code   RO         2677    i.net_addr6_is_unspec  Net_Dbg_CM3_L.lib(net_addr.o)
    0x08016a12   0x08016a12   0x0000000e   Code   RO         2679    i.net_addr6_to_mac  Net_Dbg_CM3_L.lib(net_addr.o)
    0x08016a20   0x08016a20   0x0000002c   Code   RO         2680    i.net_addr_comp     Net_Dbg_CM3_L.lib(net_addr.o)
    0x08016a4c   0x08016a4c   0x00000026   Code   RO         2681    i.net_addr_copy     Net_Dbg_CM3_L.lib(net_addr.o)
    0x08016a72   0x08016a72   0x0000001a   Code   RO         2682    i.net_addr_find_route  Net_Dbg_CM3_L.lib(net_addr.o)
    0x08016a8c   0x08016a8c   0x00000020   Code   RO         2684    i.net_addr_get_local  Net_Dbg_CM3_L.lib(net_addr.o)
    0x08016aac   0x08016aac   0x00000022   Code   RO         2685    i.net_addr_is_unspec  Net_Dbg_CM3_L.lib(net_addr.o)
    0x08016ace   0x08016ace   0x00000002   PAD
    0x08016ad0   0x08016ad0   0x0000011c   Code   RO         1968    i.net_arp_cache_add  Net_Dbg_CM3_L.lib(net_arp.o)
    0x08016bec   0x08016bec   0x000000bc   Code   RO         1969    i.net_arp_cache_early  Net_Dbg_CM3_L.lib(net_arp.o)
    0x08016ca8   0x08016ca8   0x000000ec   Code   RO         1970    i.net_arp_cache_find  Net_Dbg_CM3_L.lib(net_arp.o)
    0x08016d94   0x08016d94   0x00000048   Code   RO         1971    i.net_arp_cache_init  Net_Dbg_CM3_L.lib(net_arp.o)
    0x08016ddc   0x08016ddc   0x0000001c   Code   RO         1972    i.net_arp_cache_run  Net_Dbg_CM3_L.lib(net_arp.o)
    0x08016df8   0x08016df8   0x00000078   Code   RO         1974    i.net_arp_enqueue   Net_Dbg_CM3_L.lib(net_arp.o)
    0x08016e70   0x08016e70   0x00000020   Code   RO         1976    i.net_arp_notify    Net_Dbg_CM3_L.lib(net_arp.o)
    0x08016e90   0x08016e90   0x00000224   Code   RO         1978    i.net_arp_process   Net_Dbg_CM3_L.lib(net_arp.o)
    0x080170b4   0x080170b4   0x00000042   Code   RO         2830    i.net_atoi          Net_Dbg_CM3_L.lib(net_common.o)
    0x080170f6   0x080170f6   0x00000002   PAD
    0x080170f8   0x080170f8   0x00000078   Code   RO         2896    i.net_base64_decode  Net_Dbg_CM3_L.lib(net_base64.o)
    0x08017170   0x08017170   0x00000030   Code   RO         2832    i.net_chksum_buf    Net_Dbg_CM3_L.lib(net_common.o)
    0x080171a0   0x080171a0   0x0000001e   Code   RO         2833    i.net_crc_buf       Net_Dbg_CM3_L.lib(net_common.o)
    0x080171be   0x080171be   0x00000002   PAD
    0x080171c0   0x080171c0   0x00000088   Code   RO         2357    i.net_dhcp6_client_init  Net_Dbg_CM3_L.lib(net_dhcp6_client.o)
    0x08017248   0x08017248   0x0000001c   Code   RO         2358    i.net_dhcp6_client_run  Net_Dbg_CM3_L.lib(net_dhcp6_client.o)
    0x08017264   0x08017264   0x0000000e   Code   RO         1909    i.net_eth_callback  Net_Dbg_CM3_L.lib(net_eth.o)
    0x08017272   0x08017272   0x00000068   Code   RO         1910    i.net_eth_config_mcast  Net_Dbg_CM3_L.lib(net_eth.o)
    0x080172da   0x080172da   0x000000ea   Code   RO         1912    i.net_eth_get_option  Net_Dbg_CM3_L.lib(net_eth.o)
    0x080173c4   0x080173c4   0x0000001c   Code   RO         1913    i.net_eth_iface_init  Net_Dbg_CM3_L.lib(net_eth.o)
    0x080173e0   0x080173e0   0x0000001c   Code   RO         1914    i.net_eth_iface_run  Net_Dbg_CM3_L.lib(net_eth.o)
    0x080173fc   0x080173fc   0x000000a8   Code   RO         1916    i.net_eth_output    Net_Dbg_CM3_L.lib(net_eth.o)
    0x080174a4   0x080174a4   0x000001e0   Code   RO         1917    i.net_eth_send_frame  Net_Dbg_CM3_L.lib(net_eth.o)
    0x08017684   0x08017684   0x00000270   Code   RO         1918    i.net_eth_set_option  Net_Dbg_CM3_L.lib(net_eth.o)
    0x080178f4   0x080178f4   0x000000e8   Code   RO         2452    i.net_http_server_init  Net_Dbg_CM3_L.lib(net_http_server.o)
    0x080179dc   0x080179dc   0x00000028   Code   RO         2453    i.net_http_server_run  Net_Dbg_CM3_L.lib(net_http_server.o)
    0x08017a04   0x08017a04   0x00000018   Code   RO         2147    i.net_icmp6_init    Net_Dbg_CM3_L.lib(net_icmp6.o)
    0x08017a1c   0x08017a1c   0x00000238   Code   RO         2148    i.net_icmp6_process  Net_Dbg_CM3_L.lib(net_icmp6.o)
    0x08017c54   0x08017c54   0x00000084   Code   RO         2149    i.net_icmp6_send    Net_Dbg_CM3_L.lib(net_icmp6.o)
    0x08017cd8   0x08017cd8   0x00000058   Code   RO         2150    i.net_icmp6_send_echo  Net_Dbg_CM3_L.lib(net_icmp6.o)
    0x08017d30   0x08017d30   0x00000018   Code   RO         2127    i.net_icmp_init     Net_Dbg_CM3_L.lib(net_icmp.o)
    0x08017d48   0x08017d48   0x000001c8   Code   RO         2128    i.net_icmp_process  Net_Dbg_CM3_L.lib(net_icmp.o)
    0x08017f10   0x08017f10   0x000000a0   Code   RO         2129    i.net_icmp_send_echo  Net_Dbg_CM3_L.lib(net_icmp.o)
    0x08017fb0   0x08017fb0   0x0000000c   Code   RO         2617    i.net_if_map_all    Net_Dbg_CM3_L.lib(net_sys.o)
    0x08017fbc   0x08017fbc   0x0000018c   Code   RO         2728    i.net_ip4_chk_frame  Net_Dbg_CM3_L.lib(net_ip4.o)
    0x08018148   0x08018148   0x0000002c   Code   RO         2729    i.net_ip4_chksum    Net_Dbg_CM3_L.lib(net_ip4.o)
    0x08018174   0x08018174   0x00000006   Code   RO         2730    i.net_ip4_chksum_buf  Net_Dbg_CM3_L.lib(net_ip4.o)
    0x0801817a   0x0801817a   0x00000002   PAD
    0x0801817c   0x0801817c   0x00000080   Code   RO         2732    i.net_ip4_find_route  Net_Dbg_CM3_L.lib(net_ip4.o)
    0x080181fc   0x080181fc   0x00000124   Code   RO         2106    i.net_ip4_frag_add  Net_Dbg_CM3_L.lib(net_ip4_frag.o)
    0x08018320   0x08018320   0x000000ac   Code   RO         2107    i.net_ip4_frag_get  Net_Dbg_CM3_L.lib(net_ip4_frag.o)
    0x080183cc   0x080183cc   0x00000010   Code   RO         2108    i.net_ip4_frag_init  Net_Dbg_CM3_L.lib(net_ip4_frag.o)
    0x080183dc   0x080183dc   0x0000003c   Code   RO         2109    i.net_ip4_frag_run  Net_Dbg_CM3_L.lib(net_ip4_frag.o)
    0x08018418   0x08018418   0x0000002c   Code   RO         2733    i.net_ip4_get_local  Net_Dbg_CM3_L.lib(net_ip4.o)
    0x08018444   0x08018444   0x00000024   Code   RO         2734    i.net_ip4_init      Net_Dbg_CM3_L.lib(net_ip4.o)
    0x08018468   0x08018468   0x00000020   Code   RO         2735    i.net_ip4_is_onlink  Net_Dbg_CM3_L.lib(net_ip4.o)
    0x08018488   0x08018488   0x00000026   Code   RO         2736    i.net_ip4_is_subcast  Net_Dbg_CM3_L.lib(net_ip4.o)
    0x080184ae   0x080184ae   0x0000000e   Code   RO         2737    i.net_ip4_reass_frame  Net_Dbg_CM3_L.lib(net_ip4.o)
    0x080184bc   0x080184bc   0x00000164   Code   RO         2738    i.net_ip4_send_frame  Net_Dbg_CM3_L.lib(net_ip4.o)
    0x08018620   0x08018620   0x0000002a   Code   RO         2740    i.net_ip4_tx_offl_hl  Net_Dbg_CM3_L.lib(net_ip4.o)
    0x0801864a   0x0801864a   0x00000002   PAD
    0x0801864c   0x0801864c   0x00000100   Code   RO         2766    i.net_ip6_chk_frame  Net_Dbg_CM3_L.lib(net_ip6.o)
    0x0801874c   0x0801874c   0x00000032   Code   RO         2767    i.net_ip6_chksum    Net_Dbg_CM3_L.lib(net_ip6.o)
    0x0801877e   0x0801877e   0x00000002   PAD
    0x08018780   0x08018780   0x0000007c   Code   RO         2768    i.net_ip6_collect_mcast  Net_Dbg_CM3_L.lib(net_ip6.o)
    0x080187fc   0x080187fc   0x00000048   Code   RO         2770    i.net_ip6_find_route  Net_Dbg_CM3_L.lib(net_ip6.o)
    0x08018844   0x08018844   0x00000054   Code   RO         2771    i.net_ip6_get_local  Net_Dbg_CM3_L.lib(net_ip6.o)
    0x08018898   0x08018898   0x0000001c   Code   RO         2772    i.net_ip6_init      Net_Dbg_CM3_L.lib(net_ip6.o)
    0x080188b4   0x080188b4   0x000000cc   Code   RO         2773    i.net_ip6_send_frame  Net_Dbg_CM3_L.lib(net_ip6.o)
    0x08018980   0x08018980   0x0000001e   Code   RO         2775    i.net_ip6_tx_offl_hl  Net_Dbg_CM3_L.lib(net_ip6.o)
    0x0801899e   0x0801899e   0x00000008   Code   RO         2834    i.net_itoa          Net_Dbg_CM3_L.lib(net_common.o)
    0x080189a6   0x080189a6   0x00000006   Code   RO         2836    i.net_itoa_n0       Net_Dbg_CM3_L.lib(net_common.o)
    0x080189ac   0x080189ac   0x00000030   Code   RO         2088    i.net_loop_iface_init  Net_Dbg_CM3_L.lib(net_loopback.o)
    0x080189dc   0x080189dc   0x000000bc   Code   RO         2089    i.net_loop_iface_run  Net_Dbg_CM3_L.lib(net_loopback.o)
    0x08018a98   0x08018a98   0x00000070   Code   RO         2091    i.net_loop_send_frame  Net_Dbg_CM3_L.lib(net_loopback.o)
    0x08018b08   0x08018b08   0x000000c0   Code   RO         2807    i.net_mem_alloc     Net_Dbg_CM3_L.lib(net_mem.o)
    0x08018bc8   0x08018bc8   0x0000001c   Code   RO         2808    i.net_mem_avail     Net_Dbg_CM3_L.lib(net_mem.o)
    0x08018be4   0x08018be4   0x000000a4   Code   RO         2809    i.net_mem_free      Net_Dbg_CM3_L.lib(net_mem.o)
    0x08018c88   0x08018c88   0x00000070   Code   RO         2810    i.net_mem_init      Net_Dbg_CM3_L.lib(net_mem.o)
    0x08018cf8   0x08018cf8   0x00000048   Code   RO         2811    i.net_mem_shrink    Net_Dbg_CM3_L.lib(net_mem.o)
    0x08018d40   0x08018d40   0x00000064   Code   RO         2390    i.net_nbns_client_init  Net_Dbg_CM3_L.lib(net_nbns_client.o)
    0x08018da4   0x08018da4   0x000001c4   Code   RO         2039    i.net_ndp_cache_find  Net_Dbg_CM3_L.lib(net_ndp.o)
    0x08018f68   0x08018f68   0x00000080   Code   RO         2040    i.net_ndp_cache_init  Net_Dbg_CM3_L.lib(net_ndp.o)
    0x08018fe8   0x08018fe8   0x00000078   Code   RO         2042    i.net_ndp_cache_refresh  Net_Dbg_CM3_L.lib(net_ndp.o)
    0x08019060   0x08019060   0x0000001c   Code   RO         2043    i.net_ndp_cache_run  Net_Dbg_CM3_L.lib(net_ndp.o)
    0x0801907c   0x0801907c   0x00000070   Code   RO         2045    i.net_ndp_enqueue   Net_Dbg_CM3_L.lib(net_ndp.o)
    0x080190ec   0x080190ec   0x00000374   Code   RO         2047    i.net_ndp_process   Net_Dbg_CM3_L.lib(net_ndp.o)
    0x08019460   0x08019460   0x00000038   Code   RO         2619    i.net_path          Net_Dbg_CM3_L.lib(net_sys.o)
    0x08019498   0x08019498   0x00000020   Code   RO         2590    i.net_ping_client_init  Net_Dbg_CM3_L.lib(net_ping_core.o)
    0x080194b8   0x080194b8   0x00000080   Code   RO         2591    i.net_ping_client_run  Net_Dbg_CM3_L.lib(net_ping_core.o)
    0x08019538   0x08019538   0x0000001c   Code   RO         2620    i.net_rand32        Net_Dbg_CM3_L.lib(net_sys.o)
    0x08019554   0x08019554   0x0000005c   Code   RO         2564    i.net_sntp_client_init  Net_Dbg_CM3_L.lib(net_sntp_client_core.o)
    0x080195b0   0x080195b0   0x00000058   Code   RO         2565    i.net_sntp_client_run  Net_Dbg_CM3_L.lib(net_sntp_client_core.o)
    0x08019608   0x08019608   0x00000148   Code   RO         2566    i.net_sntp_client_start  Net_Dbg_CM3_L.lib(net_sntp_client_core.o)
    0x08019750   0x08019750   0x0000002e   Code   RO         2837    i.net_strcasecmp    Net_Dbg_CM3_L.lib(net_common.o)
    0x0801977e   0x0801977e   0x00000016   Code   RO         2838    i.net_strchr        Net_Dbg_CM3_L.lib(net_common.o)
    0x08019794   0x08019794   0x0000001a   Code   RO         2839    i.net_strcmp        Net_Dbg_CM3_L.lib(net_common.o)
    0x080197ae   0x080197ae   0x00000012   Code   RO         2840    i.net_strcpy        Net_Dbg_CM3_L.lib(net_common.o)
    0x080197c0   0x080197c0   0x0000001c   Code   RO         2842    i.net_strnchr       Net_Dbg_CM3_L.lib(net_common.o)
    0x080197dc   0x080197dc   0x0000001a   Code   RO         2843    i.net_strncpy       Net_Dbg_CM3_L.lib(net_common.o)
    0x080197f6   0x080197f6   0x00000020   Code   RO         2844    i.net_strtoupper    Net_Dbg_CM3_L.lib(net_common.o)
    0x08019816   0x08019816   0x00000002   PAD
    0x08019818   0x08019818   0x0000000c   Code   RO         2621    i.net_sys_lock      Net_Dbg_CM3_L.lib(net_sys.o)
    0x08019824   0x08019824   0x00000016   Code   RO         2622    i.net_sys_resume    Net_Dbg_CM3_L.lib(net_sys.o)
    0x0801983a   0x0801983a   0x00000002   PAD
    0x0801983c   0x0801983c   0x00000014   Code   RO         2624    i.net_sys_tick      Net_Dbg_CM3_L.lib(net_sys.o)
    0x08019850   0x08019850   0x0000000c   Code   RO         2625    i.net_sys_unlock    Net_Dbg_CM3_L.lib(net_sys.o)
    0x0801985c   0x0801985c   0x00000020   Code   RO         2627    i.net_sys_wakeup    Net_Dbg_CM3_L.lib(net_sys.o)
    0x0801987c   0x0801987c   0x00000084   Code   RO         2240    i.net_tcp_abort     Net_Dbg_CM3_L.lib(net_tcp.o)
    0x08019900   0x08019900   0x000000e4   Code   RO         2243    i.net_tcp_close     Net_Dbg_CM3_L.lib(net_tcp.o)
    0x080199e4   0x080199e4   0x0000002e   Code   RO         2246    i.net_tcp_get_buf   Net_Dbg_CM3_L.lib(net_tcp.o)
    0x08019a12   0x08019a12   0x00000002   PAD
    0x08019a14   0x08019a14   0x00000034   Code   RO         2248    i.net_tcp_get_local_port  Net_Dbg_CM3_L.lib(net_tcp.o)
    0x08019a48   0x08019a48   0x00000028   Code   RO         2249    i.net_tcp_get_mss   Net_Dbg_CM3_L.lib(net_tcp.o)
    0x08019a70   0x08019a70   0x00000054   Code   RO         2251    i.net_tcp_get_peer  Net_Dbg_CM3_L.lib(net_tcp.o)
    0x08019ac4   0x08019ac4   0x00000070   Code   RO         2253    i.net_tcp_get_socket  Net_Dbg_CM3_L.lib(net_tcp.o)
    0x08019b34   0x08019b34   0x0000002c   Code   RO         2254    i.net_tcp_get_state  Net_Dbg_CM3_L.lib(net_tcp.o)
    0x08019b60   0x08019b60   0x00000034   Code   RO         2255    i.net_tcp_get_timer  Net_Dbg_CM3_L.lib(net_tcp.o)
    0x08019b94   0x08019b94   0x000000b0   Code   RO         2256    i.net_tcp_listen    Net_Dbg_CM3_L.lib(net_tcp.o)
    0x08019c44   0x08019c44   0x000007a8   Code   RO         2258    i.net_tcp_process   Net_Dbg_CM3_L.lib(net_tcp.o)
    0x0801a3ec   0x0801a3ec   0x0000015c   Code   RO         2262    i.net_tcp_send      Net_Dbg_CM3_L.lib(net_tcp.o)
    0x0801a548   0x0801a548   0x0000012c   Code   RO         2264    i.net_tcp_set_option  Net_Dbg_CM3_L.lib(net_tcp.o)
    0x0801a674   0x0801a674   0x00000028   Code   RO         2265    i.net_tcp_socket_init  Net_Dbg_CM3_L.lib(net_tcp.o)
    0x0801a69c   0x0801a69c   0x000003c0   Code   RO         2266    i.net_tcp_socket_run  Net_Dbg_CM3_L.lib(net_tcp.o)
    0x0801aa5c   0x0801aa5c   0x00000048   Code   RO         2174    i.net_udp_close     Net_Dbg_CM3_L.lib(net_udp.o)
    0x0801aaa4   0x0801aaa4   0x0000002e   Code   RO         2177    i.net_udp_get_buf   Net_Dbg_CM3_L.lib(net_udp.o)
    0x0801aad2   0x0801aad2   0x00000002   PAD
    0x0801aad4   0x0801aad4   0x00000070   Code   RO         2180    i.net_udp_get_socket  Net_Dbg_CM3_L.lib(net_udp.o)
    0x0801ab44   0x0801ab44   0x000000ac   Code   RO         2182    i.net_udp_open      Net_Dbg_CM3_L.lib(net_udp.o)
    0x0801abf0   0x0801abf0   0x00000158   Code   RO         2183    i.net_udp_process   Net_Dbg_CM3_L.lib(net_udp.o)
    0x0801ad48   0x0801ad48   0x00000012   Code   RO         2185    i.net_udp_send      Net_Dbg_CM3_L.lib(net_udp.o)
    0x0801ad5a   0x0801ad5a   0x00000002   PAD
    0x0801ad5c   0x0801ad5c   0x0000022c   Code   RO         2186    i.net_udp_send_if   Net_Dbg_CM3_L.lib(net_udp.o)
    0x0801af88   0x0801af88   0x00000024   Code   RO         2188    i.net_udp_socket_init  Net_Dbg_CM3_L.lib(net_udp.o)
    0x0801afac   0x0801afac   0x00000008   Code   RO         2845    i.net_ultoa         Net_Dbg_CM3_L.lib(net_common.o)
    0x0801afb4   0x0801afb4   0x00000030   Code   RO         2848    i.net_ultox         Net_Dbg_CM3_L.lib(net_common.o)
    0x0801afe4   0x0801afe4   0x0000004c   Code   RO         2849    i.net_xtoul         Net_Dbg_CM3_L.lib(net_common.o)
    0x0801b030   0x0801b030   0x0000001c   Code   RO         2594    i.ping_send_req     Net_Dbg_CM3_L.lib(net_ping_core.o)
    0x0801b04c   0x0801b04c   0x00000104   Code   RO         2360    i.proc_opt_ia_na    Net_Dbg_CM3_L.lib(net_dhcp6_client.o)
    0x0801b150   0x0801b150   0x00000058   Code   RO         2456    i.proc_req_line     Net_Dbg_CM3_L.lib(net_http_server.o)
    0x0801b1a8   0x0801b1a8   0x0000001a   Code   RO         2111    i.que_free_list     Net_Dbg_CM3_L.lib(net_ip4_frag.o)
    0x0801b1c2   0x0801b1c2   0x000000a0   Code   RO         2457    i.read_script_line  Net_Dbg_CM3_L.lib(net_http_server.o)
    0x0801b262   0x0801b262   0x00000048   Code   RO         2458    i.search_delim      Net_Dbg_CM3_L.lib(net_http_server.o)
    0x0801b2aa   0x0801b2aa   0x00000070   Code   RO         2361    i.select_server     Net_Dbg_CM3_L.lib(net_dhcp6_client.o)
    0x0801b31a   0x0801b31a   0x00000002   PAD
    0x0801b31c   0x0801b31c   0x000000fc   Code   RO         2568    i.sntp_listener     Net_Dbg_CM3_L.lib(net_sntp_client_core.o)
    0x0801b418   0x0801b418   0x0000003c   Code   RO         2569    i.sntp_send_message  Net_Dbg_CM3_L.lib(net_sntp_client_core.o)
    0x0801b454   0x0801b454   0x00000018   Code   RO         2571    i.sntp_stop         Net_Dbg_CM3_L.lib(net_sntp_client_core.o)
    0x0801b46c   0x0801b46c   0x00000018   Code   RO         2628    i.sys_map_if        Net_Dbg_CM3_L.lib(net_sys.o)
    0x0801b484   0x0801b484   0x0000004c   Code   RO         2629    i.sys_proc_tick     Net_Dbg_CM3_L.lib(net_sys.o)
    0x0801b4d0   0x0801b4d0   0x00000110   Code   RO         2268    i.tcp_map_socket    Net_Dbg_CM3_L.lib(net_tcp.o)
    0x0801b5e0   0x0801b5e0   0x00000084   Code   RO         2269    i.tcp_parse_opt     Net_Dbg_CM3_L.lib(net_tcp.o)
    0x0801b664   0x0801b664   0x0000011c   Code   RO         2270    i.tcp_proc_acknr    Net_Dbg_CM3_L.lib(net_tcp.o)
    0x0801b780   0x0801b780   0x000000ac   Code   RO         2271    i.tcp_proc_dupack   Net_Dbg_CM3_L.lib(net_tcp.o)
    0x0801b82c   0x0801b82c   0x0000001a   Code   RO         2272    i.tcp_que_free      Net_Dbg_CM3_L.lib(net_tcp.o)
    0x0801b846   0x0801b846   0x0000001a   Code   RO         2273    i.tcp_que_init      Net_Dbg_CM3_L.lib(net_tcp.o)
    0x0801b860   0x0801b860   0x000000ac   Code   RO         2274    i.tcp_que_resend    Net_Dbg_CM3_L.lib(net_tcp.o)
    0x0801b90c   0x0801b90c   0x00000090   Code   RO         2275    i.tcp_send_ctrl     Net_Dbg_CM3_L.lib(net_tcp.o)
    0x0801b99c   0x0801b99c   0x0000007c   Code   RO         2276    i.tcp_send_data     Net_Dbg_CM3_L.lib(net_tcp.o)
    0x0801ba18   0x0801ba18   0x00000090   Code   RO         2277    i.tcp_send_reset    Net_Dbg_CM3_L.lib(net_tcp.o)
    0x0801baa8   0x0801baa8   0x00000044   Code   RO         2278    i.tcp_set_cwnd      Net_Dbg_CM3_L.lib(net_tcp.o)
    0x0801baec   0x0801baec   0x00000074   Code   RO         2279    i.tcp_transit       Net_Dbg_CM3_L.lib(net_tcp.o)
    0x0801bb60   0x0801bb60   0x0000010c   Code   RO         2280    i.tcp_write         Net_Dbg_CM3_L.lib(net_tcp.o)
    0x0801bc6c   0x0801bc6c   0x0000002c   Code   RO         2190    i.udp_port_in_use   Net_Dbg_CM3_L.lib(net_udp.o)
    0x0801bc98   0x0801bc98   0x00000044   Code   RO         2850    i.ul2str            Net_Dbg_CM3_L.lib(net_common.o)
    0x0801bcdc   0x0801bcdc   0x00000124   Code   RO         2459    i.utc_to_http       Net_Dbg_CM3_L.lib(net_http_server.o)
    0x0801be00   0x0801be00   0x00000024   Data   RO          200    .constdata          http_server.o
    0x0801be24   0x0801be24   0x00000004   Data   RO          314    .constdata          web.o
    0x0801be28   0x0801be28   0x00006ab2   Data   RO          315    .constdata          web.o
    0x080228da   0x080228da   0x00000002   PAD
    0x080228dc   0x080228dc   0x000000b0   Data   RO          316    .constdata          web.o
    0x0802298c   0x0802298c   0x00000960   Data   RO          368    .constdata          lcd.o
    0x080232ec   0x080232ec   0x00000024   Data   RO          775    .constdata          rtx_lib.o
    0x08023310   0x08023310   0x00000024   Data   RO          776    .constdata          rtx_lib.o
    0x08023334   0x08023334   0x00000018   Data   RO          777    .constdata          rtx_lib.o
    0x0802334c   0x0802334c   0x00000004   Data   RO          779    .constdata          rtx_lib.o
    0x08023350   0x08023350   0x00000004   Data   RO         1115    .constdata          phy_lan8742a.o
    0x08023354   0x08023354   0x00000020   Data   RO         1116    .constdata          phy_lan8742a.o
    0x08023374   0x08023374   0x00000050   Data   RO         1143    .constdata          emac_stm32f4xx.o
    0x080233c4   0x080233c4   0x00000044   Data   RO         1144    .constdata          emac_stm32f4xx.o
    0x08023408   0x08023408   0x00000034   Data   RO         1186    .constdata          spi_stm32f4xx.o
    0x0802343c   0x0802343c   0x00000010   Data   RO         1187    .constdata          spi_stm32f4xx.o
    0x0802344c   0x0802344c   0x00000010   Data   RO         1188    .constdata          spi_stm32f4xx.o
    0x0802345c   0x0802345c   0x0000002c   Data   RO         1189    .constdata          spi_stm32f4xx.o
    0x08023488   0x08023488   0x00000018   Data   RO         1225    .constdata          eventrecorder.o
    0x080234a0   0x080234a0   0x00000008   Data   RO         1393    .constdata          stm32f4xx_hal_dma.o
    0x080234a8   0x080234a8   0x00000010   Data   RO         1737    .constdata          system_stm32f4xx_1.o
    0x080234b8   0x080234b8   0x00000008   Data   RO         1738    .constdata          system_stm32f4xx_1.o
    0x080234c0   0x080234c0   0x000000a8   Data   RO         1783    .constdata          net_config.o
    0x08023568   0x08023568   0x0000001c   Data   RO         1784    .constdata          net_config.o
    0x08023584   0x08023584   0x00000014   Data   RO         1785    .constdata          net_config.o
    0x08023598   0x08023598   0x0000000c   Data   RO         1786    .constdata          net_config.o
    0x080235a4   0x080235a4   0x00000028   Data   RO         1787    .constdata          net_config.o
    0x080235cc   0x080235cc   0x00000010   Data   RO         1788    .constdata          net_config.o
    0x080235dc   0x080235dc   0x0000000c   Data   RO         1789    .constdata          net_config.o
    0x080235e8   0x080235e8   0x00000014   Data   RO         1790    .constdata          net_config.o
    0x080235fc   0x080235fc   0x00000020   Data   RO         1791    .constdata          net_config.o
    0x0802361c   0x0802361c   0x0000002c   Data   RO         1792    .constdata          net_config.o
    0x08023648   0x08023648   0x00000008   Data   RO         1793    .constdata          net_config.o
    0x08023650   0x08023650   0x00000008   Data   RO         1794    .constdata          net_config.o
    0x08023658   0x08023658   0x00000008   Data   RO         1795    .constdata          net_config.o
    0x08023660   0x08023660   0x00000008   Data   RO         1796    .constdata          net_config.o
    0x08023668   0x08023668   0x00000008   Data   RO         1797    .constdata          net_config.o
    0x08023670   0x08023670   0x00000008   Data   RO         1798    .constdata          net_config.o
    0x08023678   0x08023678   0x00000008   Data   RO         1799    .constdata          net_config.o
    0x08023680   0x08023680   0x00000008   Data   RO         1800    .constdata          net_config.o
    0x08023688   0x08023688   0x00000008   Data   RO         1801    .constdata          net_config.o
    0x08023690   0x08023690   0x00000008   Data   RO         1802    .constdata          net_config.o
    0x08023698   0x08023698   0x00000008   Data   RO         1803    .constdata          net_config.o
    0x080236a0   0x080236a0   0x0000000c   Data   RO         1804    .constdata          net_config.o
    0x080236ac   0x080236ac   0x00000018   Data   RO         1805    .constdata          net_config.o
    0x080236c4   0x080236c4   0x00000034   Data   RO         1806    .constdata          net_config.o
    0x080236f8   0x080236f8   0x00000008   Data   RO         1807    .constdata          net_config.o
    0x08023700   0x08023700   0x00000034   Data   RO         1808    .constdata          net_config.o
    0x08023734   0x08023734   0x0000002c   Data   RO         1809    .constdata          net_config.o
    0x08023760   0x08023760   0x00000010   Data   RO         1811    .constdata          net_config.o
    0x08023770   0x08023770   0x00000010   Data   RO         1812    .constdata          net_config.o
    0x08023780   0x08023780   0x0000002c   Data   RO         2092    .constdata          Net_Dbg_CM3_L.lib(net_loopback.o)
    0x080237ac   0x080237ac   0x0000000c   Data   RO         2093    .constdata          Net_Dbg_CM3_L.lib(net_loopback.o)
    0x080237b8   0x080237b8   0x00000010   Data   RO         2366    .constdata          Net_Dbg_CM3_L.lib(net_dhcp6_client.o)
    0x080237c8   0x080237c8   0x00000008   Data   RO         2392    .constdata          Net_Dbg_CM3_L.lib(net_nbns_client.o)
    0x080237d0   0x080237d0   0x000000fa   Data   RO         2461    .constdata          Net_Dbg_CM3_L.lib(net_http_server.o)
    0x080238ca   0x080238ca   0x00000002   PAD
    0x080238cc   0x080238cc   0x00000018   Data   RO         2540    .constdata          Net_Dbg_CM3_L.lib(net_http_server_auth.o)
    0x080238e4   0x080238e4   0x00000012   Data   RO         2596    .constdata          Net_Dbg_CM3_L.lib(net_ping_core.o)
    0x080238f6   0x080238f6   0x00000010   Data   RO         2689    .constdata          Net_Dbg_CM3_L.lib(net_addr.o)
    0x08023906   0x08023906   0x00000006   Data   RO         2690    .constdata          Net_Dbg_CM3_L.lib(net_addr.o)
    0x0802390c   0x0802390c   0x00000004   Data   RO         2742    .constdata          Net_Dbg_CM3_L.lib(net_ip4.o)
    0x08023910   0x08023910   0x00000020   Data   RO         2777    .constdata          Net_Dbg_CM3_L.lib(net_ip6.o)
    0x08023930   0x08023930   0x00000010   Data   RO         2778    .constdata          Net_Dbg_CM3_L.lib(net_ip6.o)
    0x08023940   0x08023940   0x00000018   Data   RO         2797    .constdata          Net_Dbg_CM3_L.lib(net_http_server_err.o)
    0x08023958   0x08023958   0x00000010   Data   RO         2851    .constdata          Net_Dbg_CM3_L.lib(net_common.o)
    0x08023968   0x08023968   0x00000090   Data   RO         2898    .constdata          Net_Dbg_CM3_L.lib(net_base64.o)
    0x080239f8   0x080239f8   0x00000004   Data   RO         2907    .constdata          Net_Dbg_CM3_L.lib(net_version.o)
    0x080239fc   0x080239fc   0x0000000c   Data   RO         2927    .constdata          mc_w.l(localtime.o)
    0x08023a08   0x08023a08   0x00000056   Data   RO         2930    .constdata          mc_w.l(strftime.o)
    0x08023a5e   0x08023a5e   0x00000002   PAD
    0x08023a60   0x08023a60   0x000000da   Data   RO          252    .conststring        http_server_cgi.o
    0x08023b3a   0x08023b3a   0x00000002   PAD
    0x08023b3c   0x08023b3c   0x00000078   Data   RO         1813    .conststring        net_config.o
    0x08023bb4   0x08023bb4   0x0000000d   Data   RO         1814    .conststring        net_config.o
    0x08023bc1   0x08023bc1   0x00000003   PAD
    0x08023bc4   0x08023bc4   0x00000038   Data   RO         1815    .conststring        net_config.o
    0x08023bfc   0x08023bfc   0x0000003d   Data   RO         1816    .conststring        net_config.o
    0x08023c39   0x08023c39   0x00000003   PAD
    0x08023c3c   0x08023c3c   0x0000001d   Data   RO         1817    .conststring        net_config.o
    0x08023c59   0x08023c59   0x00000003   PAD
    0x08023c5c   0x08023c5c   0x0000000f   Data   RO         1818    .conststring        net_config.o
    0x08023c6b   0x08023c6b   0x00000001   PAD
    0x08023c6c   0x08023c6c   0x00000203   Data   RO         2798    .conststring        Net_Dbg_CM3_L.lib(net_http_server_err.o)
    0x08023e6f   0x08023e6f   0x00000001   PAD
    0x08023e70   0x08023e70   0x0000000b   Data   RO          720    .conststrlit        rtx_kernel.o
    0x08023e7b   0x08023e7b   0x00000001   PAD
    0x08023e7c   0x08023e7c   0x000000a8   Data   RO          780    .rodata             rtx_lib.o
    0x08023f24   0x08023f24   0x00000030   Data   RO         3263    Region$$Table       anon$$obj.o


    Execution Region RW_IRAM2 (Exec base: 0x10000000, Load base: 0x08024090, Size: 0x000004a4, Max: 0x00010000, ABSOLUTE)

    Exec Addr    Load Addr    Size         Type   Attr      Idx    E Section Name        Object

    0x10000000        -       0x000004a4   Zero   RW         1224    .bss.noinit         eventrecorder.o


    Execution Region RW_IRAM1 (Exec base: 0x20000000, Load base: 0x08023f54, Size: 0x0000f828, Max: 0x00030000, ABSOLUTE, COMPRESSED[0x0000013c])

    Exec Addr    Load Addr    Size         Type   Attr      Idx    E Section Name        Object

    0x20000000   COMPRESSED   0x00008000   Data   RW          767    .bss.os             rtx_lib.o
    0x20008000   COMPRESSED   0x00000040   Data   RW          768    .bss.os             rtx_lib.o
    0x20008040   COMPRESSED   0x00000001   Data   RW         1067    .bss.os             os_systick.o
    0x20008041   COMPRESSED   0x00000003   PAD
    0x20008044   COMPRESSED   0x00000034   Data   RW          769    .bss.os.msgqueue.cb  rtx_lib.o
    0x20008078   COMPRESSED   0x00000050   Data   RW          770    .bss.os.msgqueue.mem  rtx_lib.o
    0x200080c8   COMPRESSED   0x0000001c   Data   RW         1777    .bss.os.mutex.cb    net_config.o
    0x200080e4   COMPRESSED   0x0000001c   Data   RW         1778    .bss.os.mutex.cb    net_config.o
    0x20008100   COMPRESSED   0x00000010   Data   RW         1779    .bss.os.semaphore.cb  net_config.o
    0x20008110   COMPRESSED   0x00000044   Data   RW          771    .bss.os.thread.cb   rtx_lib.o
    0x20008154   COMPRESSED   0x00000044   Data   RW          772    .bss.os.thread.cb   rtx_lib.o
    0x20008198   COMPRESSED   0x00000044   Data   RW         1780    .bss.os.thread.cb   net_config.o
    0x200081dc   COMPRESSED   0x00000044   Data   RW         1781    .bss.os.thread.cb   net_config.o
    0x20008220   COMPRESSED   0x00000200   Data   RW          773    .bss.os.thread.idle.stack  rtx_lib.o
    0x20008420   COMPRESSED   0x00000200   Data   RW          774    .bss.os.thread.timer.stack  rtx_lib.o
    0x20008620   COMPRESSED   0x00000020   Data   RW         1782    .bss.os.timer.cb    net_config.o
    0x20008640   COMPRESSED   0x00000004   Data   RW            5    .data               main.o
    0x20008644   COMPRESSED   0x0000002a   Data   RW          201    .data               http_server.o
    0x2000866e   COMPRESSED   0x00000001   Data   RW          202    .data               http_server.o
    0x2000866f   COMPRESSED   0x00000001   PAD
    0x20008670   COMPRESSED   0x00000004   Data   RW          203    .data               http_server.o
    0x20008674   COMPRESSED   0x00000008   Data   RW          253    .data               http_server_cgi.o
    0x2000867c   COMPRESSED   0x00000008   Data   RW          369    .data               lcd.o
    0x20008684   COMPRESSED   0x00000004   Data   RW          439    .data               parpadeo.o
    0x20008688   COMPRESSED   0x00000004   Data   RW          470    .data               rtc.o
    0x2000868c   COMPRESSED   0x00000010   Data   RW          501    .data               joystick.o
    0x2000869c   COMPRESSED   0x00000010   Data   RW          536    .data               sntp.o
    0x200086ac   COMPRESSED   0x00000004   Data   RW          564    .data               lowpower.o
    0x200086b0   COMPRESSED   0x00000004   Data   RW         1255    .data               retarget_io.o
    0x200086b4   COMPRESSED   0x0000000c   Data   RW         1287    .data               stm32f4xx_hal.o
    0x200086c0   COMPRESSED   0x00000004   Data   RW         1739    .data               system_stm32f4xx_1.o
    0x200086c4   COMPRESSED   0x00000004   Data   RW         1819    .data               net_config.o
    0x200086c8   COMPRESSED   0x00000006   Data   RW         1820    .data               net_config.o
    0x200086ce   COMPRESSED   0x00000004   Data   RW         1821    .data               net_config.o
    0x200086d2   COMPRESSED   0x00000002   PAD
    0x200086d4   COMPRESSED   0x00000004   Data   RW         2094    .data               Net_Dbg_CM3_L.lib(net_loopback.o)
    0x200086d8   COMPRESSED   0x00000004   Data   RW         2112    .data               Net_Dbg_CM3_L.lib(net_ip4_frag.o)
    0x200086dc   COMPRESSED   0x00000001   Data   RW         2130    .data               Net_Dbg_CM3_L.lib(net_icmp.o)
    0x200086dd   COMPRESSED   0x00000001   Data   RW         2151    .data               Net_Dbg_CM3_L.lib(net_icmp6.o)
    0x200086de   COMPRESSED   0x00000002   Data   RW         2192    .data               Net_Dbg_CM3_L.lib(net_udp.o)
    0x200086e0   COMPRESSED   0x00000004   Data   RW         2283    .data               Net_Dbg_CM3_L.lib(net_tcp.o)
    0x200086e4   COMPRESSED   0x00000002   Data   RW         2367    .data               Net_Dbg_CM3_L.lib(net_dhcp6_client.o)
    0x200086e6   COMPRESSED   0x00000001   Data   RW         2393    .data               Net_Dbg_CM3_L.lib(net_nbns_client.o)
    0x200086e7   COMPRESSED   0x00000001   PAD
    0x200086e8   COMPRESSED   0x0000000c   Data   RW         2462    .data               Net_Dbg_CM3_L.lib(net_http_server.o)
    0x200086f4   COMPRESSED   0x00000008   Data   RW         2743    .data               Net_Dbg_CM3_L.lib(net_ip4.o)
    0x200086fc   COMPRESSED   0x00000004   Data   RW         2779    .data               Net_Dbg_CM3_L.lib(net_ip6.o)
    0x20008700   COMPRESSED   0x00000004   Data   RW         2921    .data               mc_w.l(stdout.o)
    0x20008704   COMPRESSED   0x00000004   Data   RW         2922    .data               mc_w.l(stderr.o)
    0x20008708   COMPRESSED   0x000000a4   Data   RW          721    .data.os            rtx_kernel.o
    0x200087ac   COMPRESSED   0x00000004   PAD
    0x200087b0        -       0x00000400   Zero   RW          199    .bss                http_server.o
    0x20008bb0        -       0x00000038   Zero   RW          251    .bss                http_server_cgi.o
    0x20008be8        -       0x0000025c   Zero   RW          367    .bss                lcd.o
    0x20008e44        -       0x00000014   Zero   RW          413    .bss                leds.o
    0x20008e58        -       0x000000d4   Zero   RW          469    .bss                rtc.o
    0x20008f2c        -       0x0000000c   Zero   RW         1114    .bss                phy_lan8742a.o
    0x20008f38        -       0x000024cc   Zero   RW         1142    .bss                emac_stm32f4xx.o
    0x2000b404        -       0x00000010   Zero   RW         1184    .bss                spi_stm32f4xx.o
    0x2000b414        -       0x0000001c   Zero   RW         1185    .bss                spi_stm32f4xx.o
    0x2000b430        -       0x00000400   Zero   RW         1766    .bss                net_config.o
    0x2000b830        -       0x00000400   Zero   RW         1767    .bss                net_config.o
    0x2000bc30        -       0x00002ee0   Zero   RW         1768    .bss                net_config.o
    0x2000eb10        -       0x000000c8   Zero   RW         1769    .bss                net_config.o
    0x2000ebd8        -       0x00000018   Zero   RW         1770    .bss                net_config.o
    0x2000ebf0        -       0x000000a0   Zero   RW         1771    .bss                net_config.o
    0x2000ec90        -       0x00000064   Zero   RW         1772    .bss                net_config.o
    0x2000ecf4        -       0x00000028   Zero   RW         1773    .bss                net_config.o
    0x2000ed1c        -       0x00000050   Zero   RW         1774    .bss                net_config.o
    0x2000ed6c        -       0x00000228   Zero   RW         1775    .bss                net_config.o
    0x2000ef94        -       0x00000150   Zero   RW         1776    .bss                net_config.o
    0x2000f0e4        -       0x000000a0   Zero   RW         1919    .bss                Net_Dbg_CM3_L.lib(net_eth.o)
    0x2000f184        -       0x00000018   Zero   RW         1979    .bss                Net_Dbg_CM3_L.lib(net_arp.o)
    0x2000f19c        -       0x00000044   Zero   RW         2048    .bss                Net_Dbg_CM3_L.lib(net_ndp.o)
    0x2000f1e0        -       0x0000001c   Zero   RW         2191    .bss                Net_Dbg_CM3_L.lib(net_udp.o)
    0x2000f1fc        -       0x00000044   Zero   RW         2362    .bss                Net_Dbg_CM3_L.lib(net_dhcp6_client.o)
    0x2000f240        -       0x00000098   Zero   RW         2460    .bss                Net_Dbg_CM3_L.lib(net_http_server.o)
    0x2000f2d8        -       0x0000002c   Zero   RW         2572    .bss                Net_Dbg_CM3_L.lib(net_sntp_client_core.o)
    0x2000f304        -       0x0000002c   Zero   RW         2595    .bss                Net_Dbg_CM3_L.lib(net_ping_core.o)
    0x2000f330        -       0x00000038   Zero   RW         2630    .bss                Net_Dbg_CM3_L.lib(net_sys.o)
    0x2000f368        -       0x00000024   Zero   RW         2631    .bss                Net_Dbg_CM3_L.lib(net_sys.o)
    0x2000f38c        -       0x0000005c   Zero   RW         2688    .bss                Net_Dbg_CM3_L.lib(net_addr.o)
    0x2000f3e8        -       0x00000014   Zero   RW         2813    .bss                Net_Dbg_CM3_L.lib(net_mem.o)
    0x2000f3fc        -       0x0000002c   Zero   RW         2926    .bss                mc_w.l(localtime.o)
    0x2000f428        -       0x00000400   Zero   RW         1726    STACK               startup_stm32f429xx.o


==============================================================================

Image component sizes


      Code (inc. data)   RO Data    RW Data    ZI Data      Debug   Object Name

       304         22          0          0          0       2156   adc.o
      2552        158        148          0       9420      47618   emac_stm32f4xx.o
      1452         40         24          0       1188      17460   eventrecorder.o
        88         10         36         47       1024       2208   http_server.o
      1932        346        218          8         56       8049   http_server_cgi.o
       148          8          0          0          0        612   irq_armv7m.o
       408         26          0         16          0       2349   joystick.o
       988         36       2400          8        604       9445   lcd.o
       108         16          0          0         20        931   leds.o
       460         20          0          4          0       2015   lowpower.o
       384         28          0          4          0     815833   main.o
       364         24        998        254      15540      32623   net_config.o
       338          0          0          0          0        826   net_debug.o
       196         12          0          1          0       1992   os_systick.o
        84          8          0          4          0        935   parpadeo.o
       428         10         36          0         12       6922   phy_lan8742a.o
       240         60          0          4          0       4087   retarget_io.o
       596        122          0          4        212       2968   rtc.o
         4          0          0          0          0        571   rtx_config.o
       260         14          0          0          0      17878   rtx_delay.o
      2404         88          0          0          0      45314   rtx_evr.o
      1752         98         11        164          0      28052   rtx_kernel.o
         0          0        268      34124          0       9214   rtx_lib.o
       292          0          0          0          0       3791   rtx_memory.o
      1984         48          0          0          0      15160   rtx_mempool.o
      2820         58          0          0          0      23676   rtx_msgqueue.o
      1368         30          0          0          0      10126   rtx_mutex.o
      1432         34          0          0          0      11888   rtx_semaphore.o
       668         18          0          0          0       8465   rtx_system.o
      4828        124          0          0          0      33211   rtx_thread.o
      1152         34          0          0          0      10233   rtx_timer.o
       428        168          0         16          0       2303   sntp.o
      3436        100        128          0         44      45063   spi_stm32f4xx.o
        36          8        428          0       1024        808   startup_stm32f429xx.o
       456         38          0         12          0      11391   stm32f4xx_hal.o
      2848        100          0          0          0       8943   stm32f4xx_hal_adc.o
      1884         42          0          0          0       6546   stm32f4xx_hal_adc_ex.o
       664         10          0          0          0      36074   stm32f4xx_hal_cortex.o
      1820         28          8          0          0       7709   stm32f4xx_hal_dma.o
       904         54          0          0          0       3779   stm32f4xx_hal_gpio.o
       392         20          0          0          0       3715   stm32f4xx_hal_pwr.o
      1876         66          0          0          0       6115   stm32f4xx_hal_rcc.o
      1508         80          0          0          0       4645   stm32f4xx_hal_rcc_ex.o
      2404         26          0          0          0       9629   stm32f4xx_hal_rtc.o
      2748         20          0          0          0      13849   stm32f4xx_hal_rtc_ex.o
     12740        296          0          0          0      45954   stm32f4xx_hal_tim.o
      4984        154          0          0          0      18131   stm32f4xx_hal_tim_ex.o
       136         16         24          4          0       1641   system_stm32f4xx_1.o
       120         10      27494          0          0       1688   web.o

    ----------------------------------------------------------------------
     69418       2728      32284      34680      29148    1404591   Object Totals
         0          0         48          0          0          0   (incl. Generated)
         0          0         15          6          4          0   (incl. Padding)

    ----------------------------------------------------------------------

      Code (inc. data)   RO Data    RW Data    ZI Data      Debug   Library Member Name

      1458         18         22          0         92       1624   net_addr.o
      2874        144          0          0         24       1548   net_arp.o
       120          6        144          0          0         84   net_base64.o
       622         10         16          0          0       1340   net_common.o
      3454        144         16          2         68        944   net_dhcp6_client.o
      3664        138          0          0        160       1600   net_eth.o
      6834       1268        250         12        152       2852   net_http_server.o
       266         66         24          0          0        368   net_http_server_auth.o
         0          0        539          0          0          0   net_http_server_err.o
       640         48          0          1          0        236   net_icmp.o
       812         60          0          1          0        332   net_icmp6.o
      1188         82          4          8          0        956   net_ip4.o
       690         30          0          4          0        476   net_ip4_frag.o
       848         72         48          4          0        644   net_ip6.o
       348         28         56          4          0        256   net_loopback.o
       592         64          0          0         20        564   net_mem.o
       520         44          8          1          0        188   net_nbns_client.o
      4150        176          0          0         68       1848   net_ndp.o
       188         32         18          0         44        220   net_ping_core.o
       872         70          0          0         44        584   net_sntp_client_core.o
       834         84          0          0         92       1012   net_sys.o
      6566        282          0          4          0       2728   net_tcp.o
      1400         80          0          2         28        772   net_udp.o
         0          0          4          0          0          0   net_version.o
        86          0          0          0          0          0   __dczerorl2.o
         0          0          0          0          0          0   entry.o
         0          0          0          0          0          0   entry10a.o
         0          0          0          0          0          0   entry11a.o
         4          0          0          0          0          0   entry12b.o
         8          4          0          0          0          0   entry2.o
         4          0          0          0          0          0   entry5.o
         0          0          0          0          0          0   entry7b.o
         0          0          0          0          0          0   entry8b.o
         8          4          0          0          0          0   entry9a.o
        24          0          0          0          0         80   fputs.o
        30          0          0          0          0          0   handlers.o
        36          8          0          0          0         68   init.o
         0          0          0          0          0          0   iusefp.o
        30          0          0          0          0         68   llshl.o
        36          0          0          0          0         68   llsshr.o
        32          0          0          0          0         68   llushr.o
       148         10         12          0         44         76   localtime.o
        26          0          0          0          0         80   memcmp.o
        36          0          0          0          0         68   memcpya.o
        36          0          0          0          0        108   memseta.o
      2268         96          0          0          0        616   printfa.o
         0          0          0          4          0          0   stderr.o
         0          0          0          4          0          0   stdout.o
        28          0          0          0          0         76   strcmp.o
        18          0          0          0          0         68   strcpy.o
       916        264         86          0          0        144   strftime.o
        14          0          0          0          0         68   strlen.o
        30          0          0          0          0         80   strncmp.o
        44          0          0          0          0         80   uidiv.o
        98          0          0          0          0         92   uldiv.o
        48          0          0          0          0         68   cdrcmple.o
       334          0          0          0          0        148   dadd.o
       222          0          0          0          0        100   ddiv.o
       186          0          0          0          0        176   depilogue.o
        48          0          0          0          0         68   dfixul.o
        26          0          0          0          0         76   dfltui.o
       228          0          0          0          0         96   dmul.o
        46          0          0          0          0         80   dscalb.o
       110          0          0          0          0        168   fepilogue.o
        10          0          0          0          0         68   ffltui.o
       100          0          0          0          0         76   fmul.o
        24          0          0          0          0         68   fscalb.o

    ----------------------------------------------------------------------
     44330       3332       1252         52        836      24276   Library Totals
        48          0          5          1          0          0   (incl. Padding)

    ----------------------------------------------------------------------

      Code (inc. data)   RO Data    RW Data    ZI Data      Debug   Library Name

     38940       2946       1149         43        792      21176   Net_Dbg_CM3_L.lib
      3960        386         98          8         44       1908   mc_w.l
      1382          0          0          0          0       1192   mf_w.l

    ----------------------------------------------------------------------
     44330       3332       1252         52        836      24276   Library Totals

    ----------------------------------------------------------------------

==============================================================================


      Code (inc. data)   RO Data    RW Data    ZI Data      Debug   

    113748       6060      33536      34732      29984    1409287   Grand Totals
    113748       6060      33536        316      29984    1409287   ELF Image Totals (compressed)
    113748       6060      33536        316          0          0   ROM Totals

==============================================================================

    Total RO  Size (Code + RO Data)               147284 ( 143.83kB)
    Total RW  Size (RW Data + ZI Data)             64716 (  63.20kB)
    Total ROM Size (Code + RO Data + RW Data)     147600 ( 144.14kB)

==============================================================================

