Component: ARM Compiler 5.06 update 7 (build 960) Tool: armlink [4d3601]

==============================================================================

Section Cross References

    main.o(.text) refers to rtx_kernel.o(.text) for osKernelGetState
    main.o(.text) refers to lcd.o(.text) for LCD_reset
    main.o(.text) refers to leds.o(.text) for LED_Init
    main.o(.text) refers to rtc.o(.text) for RTC_Init
    main.o(.text) refers to joystick.o(.text) for Init_Joystick
    main.o(.text) refers to lowpower.o(.text) for Init_ThLowPower
    main.o(.text) refers to rtx_delay.o(.text) for osDelay
    main.o(.text) refers to stm32f4xx_hal_rcc.o(.text) for HAL_RCC_OscConfig
    main.o(.text) refers to stm32f4xx_hal_rcc_ex.o(.text) for HAL_RCCEx_PeriphCLKConfig
    main.o(.text) refers to stm32f4xx_hal.o(.text) for HAL_GetREVID
    main.o(.text) refers to system_stm32f4xx_1.o(.text) for SystemCoreClockUpdate
    main.o(.text) refers to rtx_thread.o(.text) for osThreadNew
    main.o(.text) refers to parpadeo.o(.text) for Init_Parpadeo
    main.o(.text) refers to sntp.o(.text) for Init_ThSNTP
    main.o(.text) refers to system_stm32f4xx_1.o(.data) for SystemCoreClock
    main.o(.text) refers to main.o(.data) for .data
    main.o(.text) refers to http_server.o(.constdata) for app_main_attr
    main.o(.text) refers to http_server.o(.text) for app_main
    http_server.o(.text) refers to adc.o(.text) for ADC1_pins_F429ZI_config
    http_server.o(.text) refers to rtx_thread.o(.text) for osThreadFlagsSet
    http_server.o(.text) refers to net_sys.o(i.netInitialize) for netInitialize
    http_server.o(.text) refers to lcd.o(.text) for LCD_reset
    http_server.o(.text) refers to leds.o(.text) for LED_Init
    http_server.o(.text) refers to http_server.o(.data) for .data
    http_server.o(.constdata) refers to http_server.o(.bss) for app_main_stk
    http_server_cgi.o(.text) refers to net_http_server.o(i.netCGI_GetEnvVar) for netCGI_GetEnvVar
    http_server_cgi.o(.text) refers to net_addr.o(i.netIP_aton) for netIP_aton
    http_server_cgi.o(.text) refers to net_sys.o(i.netIF_SetOption) for netIF_SetOption
    http_server_cgi.o(.text) refers to stm32f4xx_hal_gpio.o(.text) for HAL_GPIO_WritePin
    http_server_cgi.o(.text) refers to strcmp.o(.text) for strcmp
    http_server_cgi.o(.text) refers to strncmp.o(.text) for strncmp
    http_server_cgi.o(.text) refers to net_http_server.o(i.netHTTPs_LoginActive) for netHTTPs_LoginActive
    http_server_cgi.o(.text) refers to strcpy.o(.text) for strcpy
    http_server_cgi.o(.text) refers to net_http_server.o(i.netHTTPs_SetPassword) for netHTTPs_SetPassword
    http_server_cgi.o(.text) refers to lcd.o(.text) for LCD_clear
    http_server_cgi.o(.text) refers to strlen.o(.text) for strlen
    http_server_cgi.o(.text) refers to net_sys.o(i.netIF_GetOption) for netIF_GetOption
    http_server_cgi.o(.text) refers to net_addr.o(i.netIP_ntoa) for netIP_ntoa
    http_server_cgi.o(.text) refers to printfa.o(i.__0sprintf) for __2sprintf
    http_server_cgi.o(.text) refers to net_tcp.o(i.netTCP_GetState) for netTCP_GetState
    http_server_cgi.o(.text) refers to net_tcp.o(i.netTCP_GetPeer) for netTCP_GetPeer
    http_server_cgi.o(.text) refers to net_tcp.o(i.netTCP_GetTimer) for netTCP_GetTimer
    http_server_cgi.o(.text) refers to net_tcp.o(i.netTCP_GetLocalPort) for netTCP_GetLocalPort
    http_server_cgi.o(.text) refers to http_server_cgi.o(.bss) for .bss
    http_server_cgi.o(.text) refers to http_server_cgi.o(.data) for .data
    http_server_cgi.o(.text) refers to http_server.o(.data) for LEDrun
    http_server_cgi.o(.text) refers to http_server.o(.data) for lcd_text
    http_server_cgi.o(.text) refers to http_server_cgi.o(.conststring) for .conststring
    http_server_cgi.o(.text) refers to net_http_server.o(i.netHTTPs_GetPassword) for netHTTPs_GetPassword
    http_server_cgi.o(.text) refers to net_http_server.o(i.netHTTPs_GetLanguage) for netHTTPs_GetLanguage
    http_server_cgi.o(.text) refers to http_server.o(.text) for AD_in
    http_server_cgi.o(.text) refers to dfltui.o(.text) for __aeabi_ui2d
    http_server_cgi.o(.text) refers to dmul.o(.text) for __aeabi_dmul
    http_server_cgi.o(.text) refers to dscalb.o(.text) for __ARM_scalbn
    http_server_cgi.o(.text) refers to rtc.o(.text) for Get_String_Date_Time
    http_server_cgi.o(.text) refers to rtc.o(.bss) for Time_Date
    web.o(.text) refers to web.o(.constdata) for .constdata
    web.o(.constdata) refers to web.o(.constdata) for imageFileData
    adc.o(.text) refers to memseta.o(.text) for __aeabi_memclr4
    adc.o(.text) refers to stm32f4xx_hal_gpio.o(.text) for HAL_GPIO_Init
    adc.o(.text) refers to stm32f4xx_hal_adc.o(.text) for HAL_ADC_Init
    adc.o(.text) refers to ffltui.o(.text) for __aeabi_ui2f
    adc.o(.text) refers to fmul.o(.text) for __aeabi_fmul
    adc.o(.text) refers to fscalb.o(.text) for __ARM_scalbnf
    lcd.o(.text) refers to stm32f4xx_hal_tim.o(.text) for HAL_TIM_Base_Init
[...]
    net_eth_config_mcast                     0x0801727b   Thumb Code   104  net_eth.o(i.net_eth_config_mcast)
    net_eth_get_option                       0x080172e3   Thumb Code   234  net_eth.o(i.net_eth_get_option)
    net_eth_iface_init                       0x080173cd   Thumb Code    22  net_eth.o(i.net_eth_iface_init)
    net_eth_iface_run                        0x080173e9   Thumb Code    22  net_eth.o(i.net_eth_iface_run)
    net_eth_output                           0x08017405   Thumb Code   164  net_eth.o(i.net_eth_output)
    net_eth_send_frame                       0x080174ad   Thumb Code   462  net_eth.o(i.net_eth_send_frame)
    net_eth_set_option                       0x0801768d   Thumb Code   610  net_eth.o(i.net_eth_set_option)
    net_http_server_init                     0x080178fd   Thumb Code   212  net_http_server.o(i.net_http_server_init)
    net_http_server_run                      0x080179e5   Thumb Code    30  net_http_server.o(i.net_http_server_run)
    net_icmp6_init                           0x08017a0d   Thumb Code    20  net_icmp6.o(i.net_icmp6_init)
    net_icmp6_process                        0x08017a25   Thumb Code   542  net_icmp6.o(i.net_icmp6_process)
    net_icmp6_send                           0x08017c5d   Thumb Code   122  net_icmp6.o(i.net_icmp6_send)
    net_icmp6_send_echo                      0x08017ce1   Thumb Code    78  net_icmp6.o(i.net_icmp6_send_echo)
    net_icmp_init                            0x08017d39   Thumb Code    20  net_icmp.o(i.net_icmp_init)
    net_icmp_process                         0x08017d51   Thumb Code   430  net_icmp.o(i.net_icmp_process)
    net_icmp_send_echo                       0x08017f19   Thumb Code   142  net_icmp.o(i.net_icmp_send_echo)
    net_if_map_all                           0x08017fb9   Thumb Code     6  net_sys.o(i.net_if_map_all)
    net_ip4_chk_frame                        0x08017fc5   Thumb Code   372  net_ip4.o(i.net_ip4_chk_frame)
    net_ip4_chksum                           0x08018151   Thumb Code    44  net_ip4.o(i.net_ip4_chksum)
    net_ip4_chksum_buf                       0x0801817d   Thumb Code     6  net_ip4.o(i.net_ip4_chksum_buf)
    net_ip4_find_route                       0x08018185   Thumb Code   104  net_ip4.o(i.net_ip4_find_route)
    net_ip4_frag_add                         0x08018205   Thumb Code   284  net_ip4_frag.o(i.net_ip4_frag_add)
    net_ip4_frag_get                         0x08018329   Thumb Code   168  net_ip4_frag.o(i.net_ip4_frag_get)
    net_ip4_frag_init                        0x080183d5   Thumb Code    12  net_ip4_frag.o(i.net_ip4_frag_init)
    net_ip4_frag_run                         0x080183e5   Thumb Code    50  net_ip4_frag.o(i.net_ip4_frag_run)
    net_ip4_get_local                        0x08018421   Thumb Code    40  net_ip4.o(i.net_ip4_get_local)
    net_ip4_init                             0x0801844d   Thumb Code    22  net_ip4.o(i.net_ip4_init)
    net_ip4_is_onlink                        0x08018471   Thumb Code    32  net_ip4.o(i.net_ip4_is_onlink)
    net_ip4_is_subcast                       0x08018491   Thumb Code    38  net_ip4.o(i.net_ip4_is_subcast)
    net_ip4_reass_frame                      0x080184b7   Thumb Code    14  net_ip4.o(i.net_ip4_reass_frame)
    net_ip4_send_frame                       0x080184c5   Thumb Code   340  net_ip4.o(i.net_ip4_send_frame)
    net_ip4_tx_offl_hl                       0x08018629   Thumb Code    42  net_ip4.o(i.net_ip4_tx_offl_hl)
    net_ip6_chk_frame                        0x08018655   Thumb Code   236  net_ip6.o(i.net_ip6_chk_frame)
    net_ip6_chksum                           0x08018755   Thumb Code    50  net_ip6.o(i.net_ip6_chksum)
    net_ip6_collect_mcast                    0x08018789   Thumb Code   118  net_ip6.o(i.net_ip6_collect_mcast)
    net_ip6_find_route                       0x08018805   Thumb Code    56  net_ip6.o(i.net_ip6_find_route)
    net_ip6_get_local                        0x0801884d   Thumb Code    74  net_ip6.o(i.net_ip6_get_local)
    net_ip6_init                             0x080188a1   Thumb Code    20  net_ip6.o(i.net_ip6_init)
    net_ip6_send_frame                       0x080188bd   Thumb Code   192  net_ip6.o(i.net_ip6_send_frame)
    net_ip6_tx_offl_hl                       0x08018989   Thumb Code    30  net_ip6.o(i.net_ip6_tx_offl_hl)
    net_itoa                                 0x080189a7   Thumb Code     8  net_common.o(i.net_itoa)
    net_itoa_n0                              0x080189af   Thumb Code     6  net_common.o(i.net_itoa_n0)
    net_loop_iface_init                      0x080189b5   Thumb Code    40  net_loopback.o(i.net_loop_iface_init)
    net_loop_iface_run                       0x080189e5   Thumb Code   176  net_loopback.o(i.net_loop_iface_run)
    net_loop_send_frame                      0x08018aa1   Thumb Code   104  net_loopback.o(i.net_loop_send_frame)
    net_mem_alloc                            0x08018b11   Thumb Code   178  net_mem.o(i.net_mem_alloc)
    net_mem_avail                            0x08018bd1   Thumb Code    22  net_mem.o(i.net_mem_avail)
    net_mem_free                             0x08018bed   Thumb Code   152  net_mem.o(i.net_mem_free)
    net_mem_init                             0x08018c91   Thumb Code    98  net_mem.o(i.net_mem_init)
    net_mem_shrink                           0x08018d01   Thumb Code    62  net_mem.o(i.net_mem_shrink)
    net_nbns_client_init                     0x08018d49   Thumb Code    82  net_nbns_client.o(i.net_nbns_client_init)
    net_ndp_cache_find                       0x08018dad   Thumb Code   438  net_ndp.o(i.net_ndp_cache_find)
    net_ndp_cache_init                       0x08018f71   Thumb Code   114  net_ndp.o(i.net_ndp_cache_init)
    net_ndp_cache_refresh                    0x08018ff1   Thumb Code   112  net_ndp.o(i.net_ndp_cache_refresh)
    net_ndp_cache_run                        0x08019069   Thumb Code    22  net_ndp.o(i.net_ndp_cache_run)
    net_ndp_enqueue                          0x08019085   Thumb Code   108  net_ndp.o(i.net_ndp_enqueue)
    net_ndp_process                          0x080190f5   Thumb Code   872  net_ndp.o(i.net_ndp_process)
    net_path                                 0x08019469   Thumb Code    52  net_sys.o(i.net_path)
    net_ping_client_init                     0x080194a1   Thumb Code    22  net_ping_core.o(i.net_ping_client_init)
    net_ping_client_run                      0x080194c1   Thumb Code   110  net_ping_core.o(i.net_ping_client_run)
    net_rand32                               0x08019541   Thumb Code    18  net_sys.o(i.net_rand32)
    net_sntp_client_init                     0x0801955d   Thumb Code    80  net_sntp_client_core.o(i.net_sntp_client_init)
    net_sntp_client_run                      0x080195b9   Thumb Code    76  net_sntp_client_core.o(i.net_sntp_client_run)
    net_sntp_client_start                    0x08019611   Thumb Code   312  net_sntp_client_core.o(i.net_sntp_client_start)
    net_strcasecmp                           0x08019759   Thumb Code    46  net_common.o(i.net_strcasecmp)
    net_strchr                               0x08019787   Thumb Code    22  net_common.o(i.net_strchr)
    net_strcmp                               0x0801979d   Thumb Code    26  net_common.o(i.net_strcmp)
    net_strcpy                               0x080197b7   Thumb Code    18  net_common.o(i.net_strcpy)
    net_strnchr                              0x080197c9   Thumb Code    28  net_common.o(i.net_strnchr)
    net_strncpy                              0x080197e5   Thumb Code    26  net_common.o(i.net_strncpy)
    net_strtoupper                           0x080197ff   Thumb Code    32  net_common.o(i.net_strtoupper)
    net_sys_lock                             0x08019821   Thumb Code     8  net_sys.o(i.net_sys_lock)
    net_sys_resume                           0x0801982d   Thumb Code    22  net_sys.o(i.net_sys_resume)
    net_sys_tick                             0x08019845   Thumb Code    16  net_sys.o(i.net_sys_tick)
    net_sys_unlock                           0x08019859   Thumb Code     8  net_sys.o(i.net_sys_unlock)
    net_sys_wakeup                           0x08019865   Thumb Code    26  net_sys.o(i.net_sys_wakeup)
    net_tcp_abort                            0x08019885   Thumb Code   122  net_tcp.o(i.net_tcp_abort)
    net_tcp_close                            0x08019909   Thumb Code   218  net_tcp.o(i.net_tcp_close)
    net_tcp_get_buf                          0x080199ed   Thumb Code    46  net_tcp.o(i.net_tcp_get_buf)
    net_tcp_get_local_port                   0x08019a1d   Thumb Code    48  net_tcp.o(i.net_tcp_get_local_port)
    net_tcp_get_mss                          0x08019a51   Thumb Code    34  net_tcp.o(i.net_tcp_get_mss)
    net_tcp_get_peer                         0x08019a79   Thumb Code    80  net_tcp.o(i.net_tcp_get_peer)
    net_tcp_get_socket                       0x08019acd   Thumb Code   104  net_tcp.o(i.net_tcp_get_socket)
    net_tcp_get_state                        0x08019b3d   Thumb Code    40  net_tcp.o(i.net_tcp_get_state)
    net_tcp_get_timer                        0x08019b69   Thumb Code    48  net_tcp.o(i.net_tcp_get_timer)
    net_tcp_listen                           0x08019b9d   Thumb Code   168  net_tcp.o(i.net_tcp_listen)
    net_tcp_process                          0x08019c4d   Thumb Code  1956  net_tcp.o(i.net_tcp_process)
    net_tcp_send                             0x0801a3f5   Thumb Code   336  net_tcp.o(i.net_tcp_send)
    net_tcp_set_option                       0x0801a551   Thumb Code   288  net_tcp.o(i.net_tcp_set_option)
    net_tcp_socket_init                      0x0801a67d   Thumb Code    30  net_tcp.o(i.net_tcp_socket_init)
    net_tcp_socket_run                       0x0801a6a5   Thumb Code   938  net_tcp.o(i.net_tcp_socket_run)
    net_udp_close                            0x0801aa65   Thumb Code    62  net_udp.o(i.net_udp_close)
    net_udp_get_buf                          0x0801aaad   Thumb Code    46  net_udp.o(i.net_udp_get_buf)
    net_udp_get_socket                       0x0801aadd   Thumb Code   102  net_udp.o(i.net_udp_get_socket)
    net_udp_open                             0x0801ab4d   Thumb Code   160  net_udp.o(i.net_udp_open)
    net_udp_process                          0x0801abf9   Thumb Code   322  net_udp.o(i.net_udp_process)
    net_udp_send                             0x0801ad51   Thumb Code    18  net_udp.o(i.net_udp_send)
    net_udp_send_if                          0x0801ad65   Thumb Code   540  net_udp.o(i.net_udp_send_if)
    net_udp_socket_init                      0x0801af91   Thumb Code    30  net_udp.o(i.net_udp_socket_init)
    net_ultoa                                0x0801afb5   Thumb Code     8  net_common.o(i.net_ultoa)
    net_ultox                                0x0801afbd   Thumb Code    44  net_common.o(i.net_ultox)
    net_xtoul                                0x0801afed   Thumb Code    76  net_common.o(i.net_xtoul)
    app_main_attr                            0x0801be08   Data          36  http_server.o(.constdata)
    imageLastModified                        0x0801be2c   Data           4  web.o(.constdata)
    Arial12x12                               0x08022998   Data        2400  lcd.o(.constdata)
    osRtxUserSVC                             0x08023358   Data           4  rtx_lib.o(.constdata)
    Driver_ETH_PHY0                          0x08023360   Data          32  phy_lan8742a.o(.constdata)
    Driver_ETH_MAC0                          0x080233d0   Data          68  emac_stm32f4xx.o(.constdata)
    Driver_SPI1                              0x08023468   Data          44  spi_stm32f4xx.o(.constdata)
    EventRecorderInfo                        0x08023494   Data          24  eventrecorder.o(.constdata)
    AHBPrescTable                            0x080234b4   Data          16  system_stm32f4xx_1.o(.constdata)
    APBPrescTable                            0x080234c4   Data           8  system_stm32f4xx_1.o(.constdata)
    net_sys_config                           0x08023574   Data          28  net_config.o(.constdata)
    net_eth0_if_config                       0x08023628   Data          44  net_config.o(.constdata)
    net_eth_list                             0x08023654   Data           8  net_config.o(.constdata)
    net_if_list_lan                          0x0802365c   Data           8  net_config.o(.constdata)
    net_if_list_all                          0x08023664   Data           8  net_config.o(.constdata)
    net_if_inet_def                          0x0802366c   Data           8  net_config.o(.constdata)
    net_if_link_def                          0x08023674   Data           8  net_config.o(.constdata)
    net_arp_list                             0x0802367c   Data           8  net_config.o(.constdata)
    net_icmp_list                            0x08023684   Data           8  net_config.o(.constdata)
    net_ndp_list                             0x0802368c   Data           8  net_config.o(.constdata)
    net_icmp6_list                           0x08023694   Data           8  net_config.o(.constdata)
    net_dhcp6_list                           0x0802369c   Data           8  net_config.o(.constdata)
    net_ip4_frag_config                      0x080236a4   Data           8  net_config.o(.constdata)
    net_udp_config                           0x080236ac   Data          12  net_config.o(.constdata)
    net_tcp_config                           0x080236b8   Data          24  net_config.o(.constdata)
    net_http_config                          0x080236d0   Data          52  net_config.o(.constdata)
    net_sntp_config                          0x08023704   Data           8  net_config.o(.constdata)
    netif_getopt_func                        0x0802376c   Data          16  net_config.o(.constdata)
    netif_setopt_func                        0x0802377c   Data          16  net_config.o(.constdata)
    net_loop_if_config                       0x0802378c   Data          44  net_loopback.o(.constdata)
    net_http_auth_basic_func                 0x080238d8   Data          24  net_http_server_auth.o(.constdata)
    net_ping_payload                         0x080238f0   Data          18  net_ping_core.o(.constdata)
    net_addr_unspec                          0x08023902   Data          16  net_addr.o(.constdata)
    net_addr_bcast                           0x08023912   Data           6  net_addr.o(.constdata)
    net_addr4_loopback                       0x08023918   Data           4  net_ip4.o(.constdata)
    net_addr6_all_nodes                      0x0802391c   Data          16  net_ip6.o(.constdata)
    net_addr6_loopback                       0x0802392c   Data          16  net_ip6.o(.constdata)
    net_addr6_all_routers                    0x0802393c   Data          16  net_ip6.o(.constdata)
    net_http_error                           0x0802394c   Data          24  net_http_server_err.o(.constdata)
    net_lib_version                          0x08023a04   Data           4  net_version.o(.constdata)
    network_ip4ip6_debug_v7.15.0             0x08023a04   Data           4  net_version.o(.constdata)
    osRtxConfig                              0x08023e88   Data         112  rtx_lib.o(.rodata)
    os_cb_sections                           0x08023ef8   Data          56  rtx_lib.o(.rodata)
    Region$$Table$$Base                      0x08023f30   Number         0  anon$$obj.o(Region$$Table)
    Region$$Table$$Limit                     0x08023f60   Number         0  anon$$obj.o(Region$$Table)
    .bss.os.msgqueue.cb$$Base                0x20008044   Number         0  rtx_lib.o(.bss.os.msgqueue.cb)
    .bss.os.msgqueue.cb$$Limit               0x20008078   Number         0  rtx_lib.o(.bss.os.msgqueue.cb)
    .bss.os.mutex.cb$$Base                   0x200080c8   Number         0  net_config.o(.bss.os.mutex.cb)
    .bss.os.mutex.cb$$Limit                  0x20008100   Number         0  net_config.o(.bss.os.mutex.cb)
    .bss.os.semaphore.cb$$Base               0x20008100   Number         0  net_config.o(.bss.os.semaphore.cb)
    .bss.os.semaphore.cb$$Limit              0x20008110   Number         0  net_config.o(.bss.os.semaphore.cb)
    .bss.os.thread.cb$$Base                  0x20008110   Number         0  rtx_lib.o(.bss.os.thread.cb)
    .bss.os.thread.cb$$Limit                 0x20008220   Number         0  net_config.o(.bss.os.thread.cb)
    .bss.os.timer.cb$$Base                   0x20008620   Number         0  net_config.o(.bss.os.timer.cb)
    .bss.os.timer.cb$$Limit                  0x20008640   Number         0  net_config.o(.bss.os.timer.cb)
    lcd_text                                 0x20008644   Data          42  http_server.o(.data)
    LEDrun                                   0x2000866e   Data           1  http_server.o(.data)
    TID_Display                              0x20008670   Data           4  http_server.o(.data)
    SPIdrv                                   0x2000867c   Data           4  lcd.o(.data)
    state                                    0x20008680   Data           4  lcd.o(.data)
    tid_Thread_Parpadeo                      0x20008684   Data           4  parpadeo.o(.data)
    sDate                                    0x20008688   Data           4  rtc.o(.data)
    tid_ThSNTP                               0x2000868c   Data           4  sntp.o(.data)
    timer_SNTP                               0x20008690   Data           4  sntp.o(.data)
    status                                   0x20008698   Data           4  sntp.o(.data)
    tid_Thjoy                                0x2000869c   Data           4  joystick.o(.data)
    tid_ThLowPower                           0x200086ac   Data           4  lowpower.o(.data)
    tid_ThLowPower_Parpadeo                  0x200086b0   Data           4  lowpower.o(.data)
    ITM_RxBuffer                             0x200086b4   Data           4  retarget_io.o(.data)
    uwTickFreq                               0x200086b8   Data           1  stm32f4xx_hal.o(.data)
    uwTickPrio                               0x200086bc   Data           4  stm32f4xx_hal.o(.data)
    uwTick                                   0x200086c0   Data           4  stm32f4xx_hal.o(.data)
    SystemCoreClock                          0x200086c4   Data           4  system_stm32f4xx_1.o(.data)
    net_eth0_icmp_control                    0x200086e0   Data           1  net_icmp.o(.data)
    net_eth0_icmp6_control                   0x200086e1   Data           1  net_icmp6.o(.data)
    __stdout                                 0x20008704   Data           4  stdout.o(.data)
    __stderr                                 0x20008708   Data           4  stderr.o(.data)
    osRtxInfo                                0x2000870c   Data         164  rtx_kernel.o(.data.os)
    app_main_stk                             0x200087b0   Data        1024  http_server.o(.bss)
    htim7                                    0x20008bfc   Data          72  lcd.o(.bss)
    buffer                                   0x20008c44   Data         512  lcd.o(.bss)
    hrtc                                     0x20008e58   Data          32  rtc.o(.bss)
    sAlarm                                   0x20008e78   Data          40  rtc.o(.bss)
    sTime                                    0x20008ea0   Data          20  rtc.o(.bss)
    timeString                               0x20008eb4   Data          30  rtc.o(.bss)
    dateString                               0x20008ed2   Data          30  rtc.o(.bss)
    Time_Date                                0x20008ef0   Data          60  rtc.o(.bss)
    net_eth0_if_control                      0x2000f0e4   Data         160  net_eth.o(.bss)
    net_eth0_arp_control                     0x2000f184   Data          24  net_arp.o(.bss)
    net_eth0_ndp_control                     0x2000f19c   Data          68  net_ndp.o(.bss)
    net_eth0_dhcp6_control                   0x2000f1fc   Data          68  net_dhcp6_client.o(.bss)
    net_http_control                         0x2000f2c4   Data          20  net_http_server.o(.bss)
    net_sntp_control                         0x2000f2d8   Data          44  net_sntp_client_core.o(.bss)
    net_ping_control                         0x2000f304   Data          44  net_ping_core.o(.bss)
    net_sys_control                          0x2000f340   Data          28  net_sys.o(.bss)
    net_dbg_buf                              0x2000f368   Data          36  net_sys.o(.bss)
    __initial_sp                             0x2000f828   Data           0  startup_stm32f429xx.o(STACK)



==============================================================================

Memory Map of the image

  Image Entry point : 0x080001ad

  Load Region LR_IROM1 (Base: 0x08000000, Size: 0x0002c710, Max: 0x00200000, ABSOLUTE, COMPRESSED[0x0002409c])

    Execution Region ER_IROM1 (Exec base: 0x08000000, Load base: 0x08000000, Size: 0x00023f60, Max: 0x00200000, ABSOLUTE)

    Exec Addr    Load Addr    Size         Type   Attr      Idx    E Section Name        Object

    0x08000000   0x08000000   0x000001ac   Data   RO         1717    RESET               startup_stm32f429xx.o
    0x080001ac   0x080001ac   0x00000000   Code   RO         2903  * .ARM.Collect$$$$00000000  mc_w.l(entry.o)
    0x080001ac   0x080001ac   0x00000004   Code   RO         3213    .ARM.Collect$$$$00000001  mc_w.l(entry2.o)
    0x080001b0   0x080001b0   0x00000004   Code   RO         3216    .ARM.Collect$$$$00000004  mc_w.l(entry5.o)
    0x080001b4   0x080001b4   0x00000000   Code   RO         3218    .ARM.Collect$$$$00000008  mc_w.l(entry7b.o)
    0x080001b4   0x080001b4   0x00000000   Code   RO         3220    .ARM.Collect$$$$0000000A  mc_w.l(entry8b.o)
    0x080001b4   0x080001b4   0x00000008   Code   RO         3221    .ARM.Collect$$$$0000000B  mc_w.l(entry9a.o)
    0x080001bc   0x080001bc   0x00000004   Code   RO         3228    .ARM.Collect$$$$0000000E  mc_w.l(entry12b.o)
    0x080001c0   0x080001c0   0x00000000   Code   RO         3223    .ARM.Collect$$$$0000000F  mc_w.l(entry10a.o)
    0x080001c0   0x080001c0   0x00000000   Code   RO         3225    .ARM.Collect$$$$00000011  mc_w.l(entry11a.o)
    0x080001c0   0x080001c0   0x00000004   Code   RO         3214    .ARM.Collect$$$$00002712  mc_w.l(entry2.o)
    0x080001c4   0x080001c4   0x00000148   Code   RO          829    .emb_text           rtx_mempool.o
    0x0800030c   0x0800030c   0x00000148   Code   RO          860    .emb_text           rtx_msgqueue.o
    0x08000454   0x08000454   0x00000148   Code   RO          925    .emb_text           rtx_semaphore.o
    0x0800059c   0x0800059c   0x00000148   Code   RO          956    .emb_text           rtx_system.o
    0x080006e4   0x080006e4   0x00000148   Code   RO          990    .emb_text           rtx_thread.o
    0x0800082c   0x0800082c   0x00000074   Code   RO         1211    .emb_text           eventrecorder.o
    0x080008a0   0x080008a0   0x00000178   Code   RO            4    .text               main.o
    0x08000a18   0x08000a18   0x00000058   Code   RO          198    .text               http_server.o
    0x08000a70   0x08000a70   0x0000078c   Code   RO          261    .text               http_server_cgi.o
    0x080011fc   0x080011fc   0x00000078   Code   RO          310    .text               web.o
    0x08001274   0x08001274   0x00000130   Code   RO          330    .text               adc.o
    0x080013a4   0x080013a4   0x000003dc   Code   RO          354    .text               lcd.o
    0x08001780   0x08001780   0x0000003c   Code   RO          404    .text               leds.o
    0x080017bc   0x080017bc   0x00000054   Code   RO          430    .text               parpadeo.o
    0x08001810   0x08001810   0x00000254   Code   RO          457    .text               rtc.o
    0x08001a64   0x08001a64   0x000001b0   Code   RO          489    .text               sntp.o
    0x08001c14   0x08001c14   0x0000019c   Code   RO          517    .text               joystick.o
    0x08001db0   0x08001db0   0x00000204   Code   RO          551    .text               lowpower.o
    0x08001fb4   0x08001fb4   0x00000094   Code   RO          577    .text               irq_armv7m.o
    0x08002048   0x08002048   0x00000104   Code   RO          585    .text               rtx_delay.o
    0x0800214c   0x0800214c   0x00000964   Code   RO          683    .text               rtx_evr.o
    0x08002ab0   0x08002ab0   0x000006d8   Code   RO          708    .text               rtx_kernel.o
    0x08003188   0x08003188   0x00000124   Code   RO          799    .text               rtx_memory.o
    0x080032ac   0x080032ac   0x00000678   Code   RO          830    .text               rtx_mempool.o
    0x08003924   0x08003924   0x000009bc   Code   RO          861    .text               rtx_msgqueue.o
    0x080042e0   0x080042e0   0x00000558   Code   RO          895    .text               rtx_mutex.o
    0x08004838   0x08004838   0x00000450   Code   RO          926    .text               rtx_semaphore.o
    0x08004c88   0x08004c88   0x00000154   Code   RO          957    .text               rtx_system.o
    0x08004ddc   0x08004ddc   0x00001194   Code   RO          991    .text               rtx_thread.o
    0x08005f70   0x08005f70   0x00000480   Code   RO         1025    .text               rtx_timer.o
    0x080063f0   0x080063f0   0x000000c4   Code   RO         1055    .text               os_systick.o
    0x080064b4   0x080064b4   0x00000004   Code   RO         1081    .text               rtx_config.o
    0x080064b8   0x080064b8   0x000001ac   Code   RO         1102    .text               phy_lan8742a.o
    0x08006664   0x08006664   0x000009f8   Code   RO         1133    .text               emac_stm32f4xx.o
    0x0800705c   0x0800705c   0x00000d6c   Code   RO         1172    .text               spi_stm32f4xx.o
    0x08007dc8   0x08007dc8   0x00000538   Code   RO         1212    .text               eventrecorder.o
    0x08008300   0x08008300   0x000000f0   Code   RO         1243    .text               retarget_io.o
    0x080083f0   0x080083f0   0x000001c8   Code   RO         1275    .text               stm32f4xx_hal.o
    0x080085b8   0x080085b8   0x00000b20   Code   RO         1305    .text               stm32f4xx_hal_adc.o
    0x080090d8   0x080090d8   0x0000075c   Code   RO         1329    .text               stm32f4xx_hal_adc_ex.o
    0x08009834   0x08009834   0x00000298   Code   RO         1353    .text               stm32f4xx_hal_cortex.o
    0x08009acc   0x08009acc   0x0000071c   Code   RO         1381    .text               stm32f4xx_hal_dma.o
    0x0800a1e8   0x0800a1e8   0x00000388   Code   RO         1430    .text               stm32f4xx_hal_gpio.o
    0x0800a570   0x0800a570   0x00000188   Code   RO         1454    .text               stm32f4xx_hal_pwr.o
    0x0800a6f8   0x0800a6f8   0x00000754   Code   RO         1502    .text               stm32f4xx_hal_rcc.o
    0x0800ae4c   0x0800ae4c   0x000005e4   Code   RO         1526    .text               stm32f4xx_hal_rcc_ex.o
    0x0800b430   0x0800b430   0x00000964   Code   RO         1550    .text               stm32f4xx_hal_rtc.o
    0x0800bd94   0x0800bd94   0x00000abc   Code   RO         1574    .text               stm32f4xx_hal_rtc_ex.o
    0x0800c850   0x0800c850   0x000031c4   Code   RO         1646    .text               stm32f4xx_hal_tim.o
    0x0800fa14   0x0800fa14   0x00001378   Code   RO         1670    .text               stm32f4xx_hal_tim_ex.o
    0x08010d8c   0x08010d8c   0x00000024   Code   RO         1718    .text               startup_stm32f429xx.o
    0x08010db0   0x08010db0   0x00000088   Code   RO         1725    .text               system_stm32f4xx_1.o
    0x08010e38   0x08010e38   0x0000016c   Code   RO         1754    .text               net_config.o
    0x08010fa4   0x08010fa4   0x00000152   Code   RO         1854    .text               net_debug.o
    0x080110f6   0x080110f6   0x00000062   Code   RO         2912    .text               mc_w.l(uldiv.o)
    0x08011158   0x08011158   0x00000094   Code   RO         2914    .text               mc_w.l(localtime.o)
    0x080111ec   0x080111ec   0x00000394   Code   RO         2918    .text               mc_w.l(strftime.o)
    0x08011580   0x08011580   0x00000024   Code   RO         2924    .text               mc_w.l(memcpya.o)
    0x080115a4   0x080115a4   0x00000024   Code   RO         2926    .text               mc_w.l(memseta.o)
    0x080115c8   0x080115c8   0x0000000e   Code   RO         2928    .text               mc_w.l(strlen.o)
    0x080115d6   0x080115d6   0x0000001c   Code   RO         2930    .text               mc_w.l(strcmp.o)
    0x080115f2   0x080115f2   0x0000001a   Code   RO         2932    .text               mc_w.l(memcmp.o)
    0x0801160c   0x0801160c   0x00000012   Code   RO         2934    .text               mc_w.l(strcpy.o)
    0x0801161e   0x0801161e   0x0000001e   Code   RO         2936    .text               mc_w.l(strncmp.o)
    0x0801163c   0x0801163c   0x00000064   Code   RO         3201    .text               mf_w.l(fmul.o)
    0x080116a0   0x080116a0   0x00000018   Code   RO         3203    .text               mf_w.l(fscalb.o)
    0x080116b8   0x080116b8   0x000000e4   Code   RO         3205    .text               mf_w.l(dmul.o)
    0x0801179c   0x0801179c   0x0000002e   Code   RO         3207    .text               mf_w.l(dscalb.o)
    0x080117ca   0x080117ca   0x0000000a   Code   RO         3209    .text               mf_w.l(ffltui.o)
    0x080117d4   0x080117d4   0x0000001a   Code   RO         3211    .text               mf_w.l(dfltui.o)
    0x080117ee   0x080117ee   0x0000002c   Code   RO         3229    .text               mc_w.l(uidiv.o)
    0x0801181a   0x0801181a   0x0000001e   Code   RO         3231    .text               mc_w.l(llshl.o)
    0x08011838   0x08011838   0x00000020   Code   RO         3233    .text               mc_w.l(llushr.o)
    0x08011858   0x08011858   0x00000000   Code   RO         3235    .text               mc_w.l(iusefp.o)
    0x08011858   0x08011858   0x0000006e   Code   RO         3236    .text               mf_w.l(fepilogue.o)
    0x080118c6   0x080118c6   0x000000ba   Code   RO         3238    .text               mf_w.l(depilogue.o)
    0x08011980   0x08011980   0x0000014e   Code   RO         3240    .text               mf_w.l(dadd.o)
    0x08011ace   0x08011ace   0x000000de   Code   RO         3242    .text               mf_w.l(ddiv.o)
    0x08011bac   0x08011bac   0x00000030   Code   RO         3244    .text               mf_w.l(dfixul.o)
    0x08011bdc   0x08011bdc   0x00000030   Code   RO         3246    .text               mf_w.l(cdrcmple.o)
    0x08011c0c   0x08011c0c   0x00000024   Code   RO         3248    .text               mc_w.l(init.o)
    0x08011c30   0x08011c30   0x00000024   Code   RO         3250    .text               mc_w.l(llsshr.o)
    0x08011c54   0x08011c54   0x00000056   Code   RO         3259    .text               mc_w.l(__dczerorl2.o)
    0x08011caa   0x08011caa   0x00000002   PAD
    0x08011cac   0x08011cac   0x00000020   Code   RO         3173    i.__0printf         mc_w.l(printfa.o)
    0x08011ccc   0x08011ccc   0x00000028   Code   RO         3175    i.__0sprintf        mc_w.l(printfa.o)
    0x08011cf4   0x08011cf4   0x0000000e   Code   RO         3253    i.__scatterload_copy  mc_w.l(handlers.o)
    0x08011d02   0x08011d02   0x00000002   Code   RO         3254    i.__scatterload_null  mc_w.l(handlers.o)
    0x08011d04   0x08011d04   0x0000000e   Code   RO         3255    i.__scatterload_zeroinit  mc_w.l(handlers.o)
    0x08011d12   0x08011d12   0x00000002   PAD
    0x08011d14   0x08011d14   0x00000184   Code   RO         3180    i._fp_digits        mc_w.l(printfa.o)
    0x08011e98   0x08011e98   0x000006b4   Code   RO         3181    i._printf_core      mc_w.l(printfa.o)
    0x0801254c   0x0801254c   0x00000024   Code   RO         3182    i._printf_post_padding  mc_w.l(printfa.o)
    0x08012570   0x08012570   0x0000002e   Code   RO         3183    i._printf_pre_padding  mc_w.l(printfa.o)
    0x0801259e   0x0801259e   0x0000000a   Code   RO         3185    i._sputc            mc_w.l(printfa.o)
    0x080125a8   0x080125a8   0x00000054   Code   RO         2392    i.add_server_id     Net_Dbg_CM3_L.lib(net_http_server.o)
    0x080125fc   0x080125fc   0x0000005c   Code   RO         1940    i.arp_cache_alloc   Net_Dbg_CM3_L.lib(net_arp.o)
    0x08012658   0x08012658   0x00000170   Code   RO         1941    i.arp_cache_run     Net_Dbg_CM3_L.lib(net_arp.o)
    0x080127c8   0x080127c8   0x00000038   Code   RO         1942    i.arp_is_cacheable  Net_Dbg_CM3_L.lib(net_arp.o)
    0x08012800   0x08012800   0x00000088   Code   RO         1943    i.arp_probe_run     Net_Dbg_CM3_L.lib(net_arp.o)
    0x08012888   0x08012888   0x000000d8   Code   RO         1945    i.arp_proc_response  Net_Dbg_CM3_L.lib(net_arp.o)
    0x08012960   0x08012960   0x0000001a   Code   RO         1946    i.arp_que_free      Net_Dbg_CM3_L.lib(net_arp.o)
    0x0801297a   0x0801297a   0x00000002   PAD
    0x0801297c   0x0801297c   0x000000a0   Code   RO         1947    i.arp_send_reply    Net_Dbg_CM3_L.lib(net_arp.o)
    0x08012a1c   0x08012a1c   0x000000d0   Code   RO         1948    i.arp_send_request  Net_Dbg_CM3_L.lib(net_arp.o)
    0x08012aec   0x08012aec   0x00000068   Code   RO         1949    i.arp_sender_valid  Net_Dbg_CM3_L.lib(net_arp.o)
    0x08012b54   0x08012b54   0x0000006c   Code   RO         2336    i.check_client_id   Net_Dbg_CM3_L.lib(net_dhcp6_client.o)
    0x08012bc0   0x08012bc0   0x0000018c   Code   RO         2393    i.chk_post_req      Net_Dbg_CM3_L.lib(net_http_server.o)
    0x08012d4c   0x08012d4c   0x00000028   Code   RO         2817    i.crc32_8bit        Net_Dbg_CM3_L.lib(net_common.o)
    0x08012d74   0x08012d74   0x00000394   Code   RO         2337    i.dhcp6_client_run  Net_Dbg_CM3_L.lib(net_dhcp6_client.o)
    0x08013108   0x08013108   0x00000058   Code   RO         2338    i.dhcp6_client_start  Net_Dbg_CM3_L.lib(net_dhcp6_client.o)
    0x08013160   0x08013160   0x000004b8   Code   RO         2340    i.dhcp6_listener    Net_Dbg_CM3_L.lib(net_dhcp6_client.o)
    0x08013618   0x08013618   0x000001f8   Code   RO         2341    i.dhcp6_send_message  Net_Dbg_CM3_L.lib(net_dhcp6_client.o)
    0x08013810   0x08013810   0x0000009a   Code   RO         1884    i.eth_check_link    Net_Dbg_CM3_L.lib(net_eth.o)
    0x080138aa   0x080138aa   0x00000002   PAD
    0x080138ac   0x080138ac   0x00000020   Code   RO         1885    i.eth_if_map        Net_Dbg_CM3_L.lib(net_eth.o)
    0x080138cc   0x080138cc   0x00000304   Code   RO         1886    i.eth_iface_init    Net_Dbg_CM3_L.lib(net_eth.o)
    0x08013bd0   0x08013bd0   0x00000290   Code   RO         1887    i.eth_iface_run     Net_Dbg_CM3_L.lib(net_eth.o)
    0x08013e60   0x08013e60   0x00000008   Code   RO         1889    i.eth_lock          Net_Dbg_CM3_L.lib(net_eth.o)
    0x08013e68   0x08013e68   0x0000001c   Code   RO         1890    i.eth_mtu_limit     Net_Dbg_CM3_L.lib(net_eth.o)
    0x08013e84   0x08013e84   0x00000048   Code   RO         1891    i.eth_opt_len       Net_Dbg_CM3_L.lib(net_eth.o)
    0x08013ecc   0x08013ecc   0x00000088   Code   RO         1892    i.eth_receive       Net_Dbg_CM3_L.lib(net_eth.o)
    0x08013f54   0x08013f54   0x00000008   Code   RO         1893    i.eth_unlock        Net_Dbg_CM3_L.lib(net_eth.o)
    0x08013f5c   0x08013f5c   0x00000018   Code   RO         2906    i.fputs             mc_w.l(fputs.o)
    0x08013f74   0x08013f74   0x0000007c   Code   RO         2094    i.frag_map_session  Net_Dbg_CM3_L.lib(net_ip4_frag.o)
    0x08013ff0   0x08013ff0   0x00000028   Code   RO         2394    i.get_next_field    Net_Dbg_CM3_L.lib(net_http_server.o)
    0x08014018   0x08014018   0x00000032   Code   RO         2395    i.get_next_par      Net_Dbg_CM3_L.lib(net_http_server.o)
    0x0801404a   0x0801404a   0x0000005c   Code   RO         2342    i.get_tout          Net_Dbg_CM3_L.lib(net_dhcp6_client.o)
    0x080140a6   0x080140a6   0x00000022   Code   RO         2396    i.hex2byte          Net_Dbg_CM3_L.lib(net_http_server.o)
    0x080140c8   0x080140c8   0x0000036c   Code   RO         2397    i.http_add_header   Net_Dbg_CM3_L.lib(net_http_server.o)
    0x08014434   0x08014434   0x00000050   Code   RO         2517    i.http_auth_basic_add  Net_Dbg_CM3_L.lib(net_http_server_auth.o)
    0x08014484   0x08014484   0x00000090   Code   RO         2518    i.http_auth_basic_parse  Net_Dbg_CM3_L.lib(net_http_server_auth.o)
    0x08014514   0x08014514   0x00000002   Code   RO         2524    i.http_auth_dummy   Net_Dbg_CM3_L.lib(net_http_server_auth.o)
    0x08014516   0x08014516   0x00000002   PAD
    0x08014518   0x08014518   0x00000024   Code   RO         2525    i.http_auth_init    Net_Dbg_CM3_L.lib(net_http_server_auth.o)
    0x0801453c   0x0801453c   0x000001cc   Code   RO         2398    i.http_error_msg    Net_Dbg_CM3_L.lib(net_http_server.o)
    0x08014708   0x08014708   0x00000078   Code   RO         2399    i.http_get_ftype    Net_Dbg_CM3_L.lib(net_http_server.o)
    0x08014780   0x08014780   0x0000005e   Code   RO         2400    i.http_kill_session  Net_Dbg_CM3_L.lib(net_http_server.o)
    0x080147de   0x080147de   0x00000002   PAD
    0x080147e0   0x080147e0   0x000002a8   Code   RO         2401    i.http_listener     Net_Dbg_CM3_L.lib(net_http_server.o)
    0x08014a88   0x08014a88   0x00000184   Code   RO         2402    i.http_open_file    Net_Dbg_CM3_L.lib(net_http_server.o)
    0x08014c0c   0x08014c0c   0x0000011c   Code   RO         2403    i.http_parse_header  Net_Dbg_CM3_L.lib(net_http_server.o)
    0x08014d28   0x08014d28   0x000001a8   Code   RO         2404    i.http_proc_multipart  Net_Dbg_CM3_L.lib(net_http_server.o)
    0x08014ed0   0x08014ed0   0x00000138   Code   RO         2405    i.http_proc_post    Net_Dbg_CM3_L.lib(net_http_server.o)
    0x08015008   0x08015008   0x00000468   Code   RO         2406    i.http_server_run   Net_Dbg_CM3_L.lib(net_http_server.o)
    0x08015470   0x08015470   0x00000060   Code   RO         2407    i.http_server_start  Net_Dbg_CM3_L.lib(net_http_server.o)
    0x080154d0   0x080154d0   0x00000020   Code   RO         2409    i.http_strcpy       Net_Dbg_CM3_L.lib(net_http_server.o)
    0x080154f0   0x080154f0   0x000000ac   Code   RO         2410    i.http_to_utc       Net_Dbg_CM3_L.lib(net_http_server.o)
    0x0801559c   0x0801559c   0x0000001a   Code   RO         2818    i.i2str             Net_Dbg_CM3_L.lib(net_common.o)
    0x080155b6   0x080155b6   0x0000000c   Code   RO         2715    i.ip4_get_chksum    Net_Dbg_CM3_L.lib(net_ip4.o)
    0x080155c2   0x080155c2   0x00000028   Code   RO         2716    i.ip4_get_mtu       Net_Dbg_CM3_L.lib(net_ip4.o)
    0x080155ea   0x080155ea   0x00000040   Code   RO         2648    i.ip4_ntoa          Net_Dbg_CM3_L.lib(net_addr.o)
    0x0801562a   0x0801562a   0x00000002   PAD
    0x0801562c   0x0801562c   0x000000ca   Code   RO         2649    i.ip6_ntoa          Net_Dbg_CM3_L.lib(net_addr.o)
    0x080156f6   0x080156f6   0x00000002   PAD
    0x080156f8   0x080156f8   0x0000000c   Code   RO         2794    i.mem_lock          Net_Dbg_CM3_L.lib(net_mem.o)
    0x08015704   0x08015704   0x0000000c   Code   RO         2795    i.mem_unlock        Net_Dbg_CM3_L.lib(net_mem.o)
    0x08015710   0x08015710   0x000001a4   Code   RO         2378    i.nbns_listener     Net_Dbg_CM3_L.lib(net_nbns_client.o)
    0x080158b4   0x080158b4   0x00000120   Code   RO         2007    i.ndp_cache_add     Net_Dbg_CM3_L.lib(net_ndp.o)
    0x080159d4   0x080159d4   0x00000072   Code   RO         2008    i.ndp_cache_alloc   Net_Dbg_CM3_L.lib(net_ndp.o)
    0x08015a46   0x08015a46   0x00000002   PAD
    0x08015a48   0x08015a48   0x00000078   Code   RO         2009    i.ndp_cache_delete  Net_Dbg_CM3_L.lib(net_ndp.o)
    0x08015ac0   0x08015ac0   0x0000016c   Code   RO         2010    i.ndp_cache_run     Net_Dbg_CM3_L.lib(net_ndp.o)
    0x08015c2c   0x08015c2c   0x0000002c   Code   RO         2011    i.ndp_check_frame   Net_Dbg_CM3_L.lib(net_ndp.o)
    0x08015c58   0x08015c58   0x00000012   Code   RO         2012    i.ndp_next_opt      Net_Dbg_CM3_L.lib(net_ndp.o)
    0x08015c6a   0x08015c6a   0x00000002   PAD
    0x08015c6c   0x08015c6c   0x000000e4   Code   RO         2013    i.ndp_prefix_add    Net_Dbg_CM3_L.lib(net_ndp.o)
    0x08015d50   0x08015d50   0x0000009c   Code   RO         2014    i.ndp_probe_run     Net_Dbg_CM3_L.lib(net_ndp.o)
    0x08015dec   0x08015dec   0x000000fc   Code   RO         2016    i.ndp_proc_response  Net_Dbg_CM3_L.lib(net_ndp.o)
    0x08015ee8   0x08015ee8   0x0000001a   Code   RO         2017    i.ndp_que_free      Net_Dbg_CM3_L.lib(net_ndp.o)
    0x08015f02   0x08015f02   0x00000002   PAD
    0x08015f04   0x08015f04   0x00000038   Code   RO         2018    i.ndp_router_remove  Net_Dbg_CM3_L.lib(net_ndp.o)
    0x08015f3c   0x08015f3c   0x0000009c   Code   RO         2019    i.ndp_send_reply    Net_Dbg_CM3_L.lib(net_ndp.o)
    0x08015fd8   0x08015fd8   0x000000bc   Code   RO         2020    i.ndp_send_request  Net_Dbg_CM3_L.lib(net_ndp.o)
    0x08016094   0x08016094   0x000001a0   Code   RO         2021    i.ndp_slaac_run     Net_Dbg_CM3_L.lib(net_ndp.o)
    0x08016234   0x08016234   0x00000004   Code   RO         2411    i.netCGI_Charset    Net_Dbg_CM3_L.lib(net_http_server.o)
    0x08016238   0x08016238   0x00000004   Code   RO         2412    i.netCGI_ContentType  Net_Dbg_CM3_L.lib(net_http_server.o)
    0x0801623c   0x0801623c   0x00000004   Code   RO         2413    i.netCGI_CustomHeader  Net_Dbg_CM3_L.lib(net_http_server.o)
    0x08016240   0x08016240   0x0000006c   Code   RO         2414    i.netCGI_GetEnvVar  Net_Dbg_CM3_L.lib(net_http_server.o)
    0x080162ac   0x080162ac   0x00000004   Code   RO         2417    i.netCGI_Redirect   Net_Dbg_CM3_L.lib(net_http_server.o)
    0x080162b0   0x080162b0   0x00000004   Code   RO         2419    i.netCGX_ContentType  Net_Dbg_CM3_L.lib(net_http_server.o)
    0x080162b4   0x080162b4   0x00000064   Code   RO         2598    i.netCore_Thread    Net_Dbg_CM3_L.lib(net_sys.o)
    0x08016318   0x08016318   0x00000002   Code   RO         2345    i.netDHCP6_Notify   Net_Dbg_CM3_L.lib(net_dhcp6_client.o)
    0x0801631a   0x0801631a   0x00000002   Code   RO         1894    i.netETH_Notify     Net_Dbg_CM3_L.lib(net_eth.o)
    0x0801631c   0x0801631c   0x00000002   Code   RO         1895    i.netETH_ReceiveRaw  Net_Dbg_CM3_L.lib(net_eth.o)
    0x0801631e   0x0801631e   0x00000072   Code   RO         1897    i.netETH_Thread     Net_Dbg_CM3_L.lib(net_eth.o)
    0x08016390   0x08016390   0x00000004   Code   RO         2420    i.netHTTPs_AcceptClient  Net_Dbg_CM3_L.lib(net_http_server.o)
    0x08016394   0x08016394   0x00000004   Code   RO         2526    i.netHTTPs_CheckAccount  Net_Dbg_CM3_L.lib(net_http_server_auth.o)
    0x08016398   0x08016398   0x00000004   Code   RO         2422    i.netHTTPs_FileAccess  Net_Dbg_CM3_L.lib(net_http_server.o)
    0x0801639c   0x0801639c   0x00000020   Code   RO         2425    i.netHTTPs_GetLanguage  Net_Dbg_CM3_L.lib(net_http_server.o)
    0x080163bc   0x080163bc   0x0000000c   Code   RO         2426    i.netHTTPs_GetPassword  Net_Dbg_CM3_L.lib(net_http_server.o)
    0x080163c8   0x080163c8   0x0000000c   Code   RO         2432    i.netHTTPs_LoginActive  Net_Dbg_CM3_L.lib(net_http_server.o)
    0x080163d4   0x080163d4   0x00000058   Code   RO         2435    i.netHTTPs_SetPassword  Net_Dbg_CM3_L.lib(net_http_server.o)
    0x0801642c   0x0801642c   0x00000088   Code   RO         2599    i.netIF_GetOption   Net_Dbg_CM3_L.lib(net_sys.o)
    0x080164b4   0x080164b4   0x00000084   Code   RO         2601    i.netIF_SetOption   Net_Dbg_CM3_L.lib(net_sys.o)
    0x08016538   0x08016538   0x0000001a   Code   RO         2651    i.netIP_aton        Net_Dbg_CM3_L.lib(net_addr.o)
    0x08016552   0x08016552   0x00000032   Code   RO         2652    i.netIP_ntoa        Net_Dbg_CM3_L.lib(net_addr.o)
    0x08016584   0x08016584   0x000000ac   Code   RO         2602    i.netInitialize     Net_Dbg_CM3_L.lib(net_sys.o)
    0x08016630   0x08016630   0x0000008c   Code   RO         2653    i.netMAC_aton       Net_Dbg_CM3_L.lib(net_addr.o)
    0x080166bc   0x080166bc   0x0000001c   Code   RO         2551    i.netSNTPc_GetTime  Net_Dbg_CM3_L.lib(net_sntp_client_core.o)
    0x080166d8   0x080166d8   0x00000004   Code   RO         2217    i.netTCP_GetLocalPort  Net_Dbg_CM3_L.lib(net_tcp.o)
    0x080166dc   0x080166dc   0x00000020   Code   RO         2219    i.netTCP_GetPeer    Net_Dbg_CM3_L.lib(net_tcp.o)
    0x080166fc   0x080166fc   0x00000004   Code   RO         2221    i.netTCP_GetState   Net_Dbg_CM3_L.lib(net_tcp.o)
    0x08016700   0x08016700   0x00000004   Code   RO         2222    i.netTCP_GetTimer   Net_Dbg_CM3_L.lib(net_tcp.o)
    0x08016704   0x08016704   0x0000007c   Code   RO         2655    i.net_addr4_aton    Net_Dbg_CM3_L.lib(net_addr.o)
    0x08016780   0x08016780   0x0000001e   Code   RO         2657    i.net_addr4_to_mac  Net_Dbg_CM3_L.lib(net_addr.o)
    0x0801679e   0x0801679e   0x00000002   PAD
    0x080167a0   0x080167a0   0x000000e6   Code   RO         2658    i.net_addr6_aton    Net_Dbg_CM3_L.lib(net_addr.o)
    0x08016886   0x08016886   0x00000028   Code   RO         2659    i.net_addr6_comp    Net_Dbg_CM3_L.lib(net_addr.o)
    0x080168ae   0x080168ae   0x00000012   Code   RO         2660    i.net_addr6_copy    Net_Dbg_CM3_L.lib(net_addr.o)
    0x080168c0   0x080168c0   0x0000004c   Code   RO         2661    i.net_addr6_create  Net_Dbg_CM3_L.lib(net_addr.o)
    0x0801690c   0x0801690c   0x00000028   Code   RO         2662    i.net_addr6_get_solicited  Net_Dbg_CM3_L.lib(net_addr.o)
    0x08016934   0x08016934   0x00000018   Code   RO         2663    i.net_addr6_is_linklocal  Net_Dbg_CM3_L.lib(net_addr.o)
    0x0801694c   0x0801694c   0x0000006e   Code   RO         2664    i.net_addr6_is_onlink  Net_Dbg_CM3_L.lib(net_addr.o)
    0x080169ba   0x080169ba   0x00000048   Code   RO         2665    i.net_addr6_is_solicited  Net_Dbg_CM3_L.lib(net_addr.o)
    0x08016a02   0x08016a02   0x00000018   Code   RO         2666    i.net_addr6_is_unspec  Net_Dbg_CM3_L.lib(net_addr.o)
    0x08016a1a   0x08016a1a   0x0000000e   Code   RO         2668    i.net_addr6_to_mac  Net_Dbg_CM3_L.lib(net_addr.o)
    0x08016a28   0x08016a28   0x0000002c   Code   RO         2669    i.net_addr_comp     Net_Dbg_CM3_L.lib(net_addr.o)
    0x08016a54   0x08016a54   0x00000026   Code   RO         2670    i.net_addr_copy     Net_Dbg_CM3_L.lib(net_addr.o)
    0x08016a7a   0x08016a7a   0x0000001a   Code   RO         2671    i.net_addr_find_route  Net_Dbg_CM3_L.lib(net_addr.o)
    0x08016a94   0x08016a94   0x00000020   Code   RO         2673    i.net_addr_get_local  Net_Dbg_CM3_L.lib(net_addr.o)
    0x08016ab4   0x08016ab4   0x00000022   Code   RO         2674    i.net_addr_is_unspec  Net_Dbg_CM3_L.lib(net_addr.o)
    0x08016ad6   0x08016ad6   0x00000002   PAD
    0x08016ad8   0x08016ad8   0x0000011c   Code   RO         1957    i.net_arp_cache_add  Net_Dbg_CM3_L.lib(net_arp.o)
    0x08016bf4   0x08016bf4   0x000000bc   Code   RO         1958    i.net_arp_cache_early  Net_Dbg_CM3_L.lib(net_arp.o)
    0x08016cb0   0x08016cb0   0x000000ec   Code   RO         1959    i.net_arp_cache_find  Net_Dbg_CM3_L.lib(net_arp.o)
    0x08016d9c   0x08016d9c   0x00000048   Code   RO         1960    i.net_arp_cache_init  Net_Dbg_CM3_L.lib(net_arp.o)
    0x08016de4   0x08016de4   0x0000001c   Code   RO         1961    i.net_arp_cache_run  Net_Dbg_CM3_L.lib(net_arp.o)
    0x08016e00   0x08016e00   0x00000078   Code   RO         1963    i.net_arp_enqueue   Net_Dbg_CM3_L.lib(net_arp.o)
    0x08016e78   0x08016e78   0x00000020   Code   RO         1965    i.net_arp_notify    Net_Dbg_CM3_L.lib(net_arp.o)
    0x08016e98   0x08016e98   0x00000224   Code   RO         1967    i.net_arp_process   Net_Dbg_CM3_L.lib(net_arp.o)
    0x080170bc   0x080170bc   0x00000042   Code   RO         2819    i.net_atoi          Net_Dbg_CM3_L.lib(net_common.o)
    0x080170fe   0x080170fe   0x00000002   PAD
    0x08017100   0x08017100   0x00000078   Code   RO         2885    i.net_base64_decode  Net_Dbg_CM3_L.lib(net_base64.o)
    0x08017178   0x08017178   0x00000030   Code   RO         2821    i.net_chksum_buf    Net_Dbg_CM3_L.lib(net_common.o)
    0x080171a8   0x080171a8   0x0000001e   Code   RO         2822    i.net_crc_buf       Net_Dbg_CM3_L.lib(net_common.o)
    0x080171c6   0x080171c6   0x00000002   PAD
    0x080171c8   0x080171c8   0x00000088   Code   RO         2346    i.net_dhcp6_client_init  Net_Dbg_CM3_L.lib(net_dhcp6_client.o)
    0x08017250   0x08017250   0x0000001c   Code   RO         2347    i.net_dhcp6_client_run  Net_Dbg_CM3_L.lib(net_dhcp6_client.o)
    0x0801726c   0x0801726c   0x0000000e   Code   RO         1898    i.net_eth_callback  Net_Dbg_CM3_L.lib(net_eth.o)
    0x0801727a   0x0801727a   0x00000068   Code   RO         1899    i.net_eth_config_mcast  Net_Dbg_CM3_L.lib(net_eth.o)
    0x080172e2   0x080172e2   0x000000ea   Code   RO         1901    i.net_eth_get_option  Net_Dbg_CM3_L.lib(net_eth.o)
    0x080173cc   0x080173cc   0x0000001c   Code   RO         1902    i.net_eth_iface_init  Net_Dbg_CM3_L.lib(net_eth.o)
    0x080173e8   0x080173e8   0x0000001c   Code   RO         1903    i.net_eth_iface_run  Net_Dbg_CM3_L.lib(net_eth.o)
    0x08017404   0x08017404   0x000000a8   Code   RO         1905    i.net_eth_output    Net_Dbg_CM3_L.lib(net_eth.o)
    0x080174ac   0x080174ac   0x000001e0   Code   RO         1906    i.net_eth_send_frame  Net_Dbg_CM3_L.lib(net_eth.o)
    0x0801768c   0x0801768c   0x00000270   Code   RO         1907    i.net_eth_set_option  Net_Dbg_CM3_L.lib(net_eth.o)
    0x080178fc   0x080178fc   0x000000e8   Code   RO         2441    i.net_http_server_init  Net_Dbg_CM3_L.lib(net_http_server.o)
    0x080179e4   0x080179e4   0x00000028   Code   RO         2442    i.net_http_server_run  Net_Dbg_CM3_L.lib(net_http_server.o)
    0x08017a0c   0x08017a0c   0x00000018   Code   RO         2136    i.net_icmp6_init    Net_Dbg_CM3_L.lib(net_icmp6.o)
    0x08017a24   0x08017a24   0x00000238   Code   RO         2137    i.net_icmp6_process  Net_Dbg_CM3_L.lib(net_icmp6.o)
    0x08017c5c   0x08017c5c   0x00000084   Code   RO         2138    i.net_icmp6_send    Net_Dbg_CM3_L.lib(net_icmp6.o)
    0x08017ce0   0x08017ce0   0x00000058   Code   RO         2139    i.net_icmp6_send_echo  Net_Dbg_CM3_L.lib(net_icmp6.o)
    0x08017d38   0x08017d38   0x00000018   Code   RO         2116    i.net_icmp_init     Net_Dbg_CM3_L.lib(net_icmp.o)
    0x08017d50   0x08017d50   0x000001c8   Code   RO         2117    i.net_icmp_process  Net_Dbg_CM3_L.lib(net_icmp.o)
    0x08017f18   0x08017f18   0x000000a0   Code   RO         2118    i.net_icmp_send_echo  Net_Dbg_CM3_L.lib(net_icmp.o)
    0x08017fb8   0x08017fb8   0x0000000c   Code   RO         2606    i.net_if_map_all    Net_Dbg_CM3_L.lib(net_sys.o)
    0x08017fc4   0x08017fc4   0x0000018c   Code   RO         2717    i.net_ip4_chk_frame  Net_Dbg_CM3_L.lib(net_ip4.o)
    0x08018150   0x08018150   0x0000002c   Code   RO         2718    i.net_ip4_chksum    Net_Dbg_CM3_L.lib(net_ip4.o)
    0x0801817c   0x0801817c   0x00000006   Code   RO         2719    i.net_ip4_chksum_buf  Net_Dbg_CM3_L.lib(net_ip4.o)
    0x08018182   0x08018182   0x00000002   PAD
    0x08018184   0x08018184   0x00000080   Code   RO         2721    i.net_ip4_find_route  Net_Dbg_CM3_L.lib(net_ip4.o)
    0x08018204   0x08018204   0x00000124   Code   RO         2095    i.net_ip4_frag_add  Net_Dbg_CM3_L.lib(net_ip4_frag.o)
    0x08018328   0x08018328   0x000000ac   Code   RO         2096    i.net_ip4_frag_get  Net_Dbg_CM3_L.lib(net_ip4_frag.o)
    0x080183d4   0x080183d4   0x00000010   Code   RO         2097    i.net_ip4_frag_init  Net_Dbg_CM3_L.lib(net_ip4_frag.o)
    0x080183e4   0x080183e4   0x0000003c   Code   RO         2098    i.net_ip4_frag_run  Net_Dbg_CM3_L.lib(net_ip4_frag.o)
    0x08018420   0x08018420   0x0000002c   Code   RO         2722    i.net_ip4_get_local  Net_Dbg_CM3_L.lib(net_ip4.o)
    0x0801844c   0x0801844c   0x00000024   Code   RO         2723    i.net_ip4_init      Net_Dbg_CM3_L.lib(net_ip4.o)
    0x08018470   0x08018470   0x00000020   Code   RO         2724    i.net_ip4_is_onlink  Net_Dbg_CM3_L.lib(net_ip4.o)
    0x08018490   0x08018490   0x00000026   Code   RO         2725    i.net_ip4_is_subcast  Net_Dbg_CM3_L.lib(net_ip4.o)
    0x080184b6   0x080184b6   0x0000000e   Code   RO         2726    i.net_ip4_reass_frame  Net_Dbg_CM3_L.lib(net_ip4.o)
    0x080184c4   0x080184c4   0x00000164   Code   RO         2727    i.net_ip4_send_frame  Net_Dbg_CM3_L.lib(net_ip4.o)
    0x08018628   0x08018628   0x0000002a   Code   RO         2729    i.net_ip4_tx_offl_hl  Net_Dbg_CM3_L.lib(net_ip4.o)
    0x08018652   0x08018652   0x00000002   PAD
    0x08018654   0x08018654   0x00000100   Code   RO         2755    i.net_ip6_chk_frame  Net_Dbg_CM3_L.lib(net_ip6.o)
    0x08018754   0x08018754   0x00000032   Code   RO         2756    i.net_ip6_chksum    Net_Dbg_CM3_L.lib(net_ip6.o)
    0x08018786   0x08018786   0x00000002   PAD
    0x08018788   0x08018788   0x0000007c   Code   RO         2757    i.net_ip6_collect_mcast  Net_Dbg_CM3_L.lib(net_ip6.o)
    0x08018804   0x08018804   0x00000048   Code   RO         2759    i.net_ip6_find_route  Net_Dbg_CM3_L.lib(net_ip6.o)
    0x0801884c   0x0801884c   0x00000054   Code   RO         2760    i.net_ip6_get_local  Net_Dbg_CM3_L.lib(net_ip6.o)
    0x080188a0   0x080188a0   0x0000001c   Code   RO         2761    i.net_ip6_init      Net_Dbg_CM3_L.lib(net_ip6.o)
    0x080188bc   0x080188bc   0x000000cc   Code   RO         2762    i.net_ip6_send_frame  Net_Dbg_CM3_L.lib(net_ip6.o)
    0x08018988   0x08018988   0x0000001e   Code   RO         2764    i.net_ip6_tx_offl_hl  Net_Dbg_CM3_L.lib(net_ip6.o)
    0x080189a6   0x080189a6   0x00000008   Code   RO         2823    i.net_itoa          Net_Dbg_CM3_L.lib(net_common.o)
    0x080189ae   0x080189ae   0x00000006   Code   RO         2825    i.net_itoa_n0       Net_Dbg_CM3_L.lib(net_common.o)
    0x080189b4   0x080189b4   0x00000030   Code   RO         2077    i.net_loop_iface_init  Net_Dbg_CM3_L.lib(net_loopback.o)
    0x080189e4   0x080189e4   0x000000bc   Code   RO         2078    i.net_loop_iface_run  Net_Dbg_CM3_L.lib(net_loopback.o)
    0x08018aa0   0x08018aa0   0x00000070   Code   RO         2080    i.net_loop_send_frame  Net_Dbg_CM3_L.lib(net_loopback.o)
    0x08018b10   0x08018b10   0x000000c0   Code   RO         2796    i.net_mem_alloc     Net_Dbg_CM3_L.lib(net_mem.o)
    0x08018bd0   0x08018bd0   0x0000001c   Code   RO         2797    i.net_mem_avail     Net_Dbg_CM3_L.lib(net_mem.o)
    0x08018bec   0x08018bec   0x000000a4   Code   RO         2798    i.net_mem_free      Net_Dbg_CM3_L.lib(net_mem.o)
    0x08018c90   0x08018c90   0x00000070   Code   RO         2799    i.net_mem_init      Net_Dbg_CM3_L.lib(net_mem.o)
    0x08018d00   0x08018d00   0x00000048   Code   RO         2800    i.net_mem_shrink    Net_Dbg_CM3_L.lib(net_mem.o)
    0x08018d48   0x08018d48   0x00000064   Code   RO         2379    i.net_nbns_client_init  Net_Dbg_CM3_L.lib(net_nbns_client.o)
    0x08018dac   0x08018dac   0x000001c4   Code   RO         2028    i.net_ndp_cache_find  Net_Dbg_CM3_L.lib(net_ndp.o)
    0x08018f70   0x08018f70   0x00000080   Code   RO         2029    i.net_ndp_cache_init  Net_Dbg_CM3_L.lib(net_ndp.o)
    0x08018ff0   0x08018ff0   0x00000078   Code   RO         2031    i.net_ndp_cache_refresh  Net_Dbg_CM3_L.lib(net_ndp.o)
    0x08019068   0x08019068   0x0000001c   Code   RO         2032    i.net_ndp_cache_run  Net_Dbg_CM3_L.lib(net_ndp.o)
    0x08019084   0x08019084   0x00000070   Code   RO         2034    i.net_ndp_enqueue   Net_Dbg_CM3_L.lib(net_ndp.o)
    0x080190f4   0x080190f4   0x00000374   Code   RO         2036    i.net_ndp_process   Net_Dbg_CM3_L.lib(net_ndp.o)
    0x08019468   0x08019468   0x00000038   Code   RO         2608    i.net_path          Net_Dbg_CM3_L.lib(net_sys.o)
    0x080194a0   0x080194a0   0x00000020   Code   RO         2579    i.net_ping_client_init  Net_Dbg_CM3_L.lib(net_ping_core.o)
    0x080194c0   0x080194c0   0x00000080   Code   RO         2580    i.net_ping_client_run  Net_Dbg_CM3_L.lib(net_ping_core.o)
    0x08019540   0x08019540   0x0000001c   Code   RO         2609    i.net_rand32        Net_Dbg_CM3_L.lib(net_sys.o)
    0x0801955c   0x0801955c   0x0000005c   Code   RO         2553    i.net_sntp_client_init  Net_Dbg_CM3_L.lib(net_sntp_client_core.o)
    0x080195b8   0x080195b8   0x00000058   Code   RO         2554    i.net_sntp_client_run  Net_Dbg_CM3_L.lib(net_sntp_client_core.o)
    0x08019610   0x08019610   0x00000148   Code   RO         2555    i.net_sntp_client_start  Net_Dbg_CM3_L.lib(net_sntp_client_core.o)
    0x08019758   0x08019758   0x0000002e   Code   RO         2826    i.net_strcasecmp    Net_Dbg_CM3_L.lib(net_common.o)
    0x08019786   0x08019786   0x00000016   Code   RO         2827    i.net_strchr        Net_Dbg_CM3_L.lib(net_common.o)
    0x0801979c   0x0801979c   0x0000001a   Code   RO         2828    i.net_strcmp        Net_Dbg_CM3_L.lib(net_common.o)
    0x080197b6   0x080197b6   0x00000012   Code   RO         2829    i.net_strcpy        Net_Dbg_CM3_L.lib(net_common.o)
    0x080197c8   0x080197c8   0x0000001c   Code   RO         2831    i.net_strnchr       Net_Dbg_CM3_L.lib(net_common.o)
    0x080197e4   0x080197e4   0x0000001a   Code   RO         2832    i.net_strncpy       Net_Dbg_CM3_L.lib(net_common.o)
    0x080197fe   0x080197fe   0x00000020   Code   RO         2833    i.net_strtoupper    Net_Dbg_CM3_L.lib(net_common.o)
    0x0801981e   0x0801981e   0x00000002   PAD
    0x08019820   0x08019820   0x0000000c   Code   RO         2610    i.net_sys_lock      Net_Dbg_CM3_L.lib(net_sys.o)
    0x0801982c   0x0801982c   0x00000016   Code   RO         2611    i.net_sys_resume    Net_Dbg_CM3_L.lib(net_sys.o)
    0x08019842   0x08019842   0x00000002   PAD
    0x08019844   0x08019844   0x00000014   Code   RO         2613    i.net_sys_tick      Net_Dbg_CM3_L.lib(net_sys.o)
    0x08019858   0x08019858   0x0000000c   Code   RO         2614    i.net_sys_unlock    Net_Dbg_CM3_L.lib(net_sys.o)
    0x08019864   0x08019864   0x00000020   Code   RO         2616    i.net_sys_wakeup    Net_Dbg_CM3_L.lib(net_sys.o)
    0x08019884   0x08019884   0x00000084   Code   RO         2229    i.net_tcp_abort     Net_Dbg_CM3_L.lib(net_tcp.o)
    0x08019908   0x08019908   0x000000e4   Code   RO         2232    i.net_tcp_close     Net_Dbg_CM3_L.lib(net_tcp.o)
    0x080199ec   0x080199ec   0x0000002e   Code   RO         2235    i.net_tcp_get_buf   Net_Dbg_CM3_L.lib(net_tcp.o)
    0x08019a1a   0x08019a1a   0x00000002   PAD
    0x08019a1c   0x08019a1c   0x00000034   Code   RO         2237    i.net_tcp_get_local_port  Net_Dbg_CM3_L.lib(net_tcp.o)
    0x08019a50   0x08019a50   0x00000028   Code   RO         2238    i.net_tcp_get_mss   Net_Dbg_CM3_L.lib(net_tcp.o)
    0x08019a78   0x08019a78   0x00000054   Code   RO         2240    i.net_tcp_get_peer  Net_Dbg_CM3_L.lib(net_tcp.o)
    0x08019acc   0x08019acc   0x00000070   Code   RO         2242    i.net_tcp_get_socket  Net_Dbg_CM3_L.lib(net_tcp.o)
    0x08019b3c   0x08019b3c   0x0000002c   Code   RO         2243    i.net_tcp_get_state  Net_Dbg_CM3_L.lib(net_tcp.o)
    0x08019b68   0x08019b68   0x00000034   Code   RO         2244    i.net_tcp_get_timer  Net_Dbg_CM3_L.lib(net_tcp.o)
    0x08019b9c   0x08019b9c   0x000000b0   Code   RO         2245    i.net_tcp_listen    Net_Dbg_CM3_L.lib(net_tcp.o)
    0x08019c4c   0x08019c4c   0x000007a8   Code   RO         2247    i.net_tcp_process   Net_Dbg_CM3_L.lib(net_tcp.o)
    0x0801a3f4   0x0801a3f4   0x0000015c   Code   RO         2251    i.net_tcp_send      Net_Dbg_CM3_L.lib(net_tcp.o)
    0x0801a550   0x0801a550   0x0000012c   Code   RO         2253    i.net_tcp_set_option  Net_Dbg_CM3_L.lib(net_tcp.o)
    0x0801a67c   0x0801a67c   0x00000028   Code   RO         2254    i.net_tcp_socket_init  Net_Dbg_CM3_L.lib(net_tcp.o)
    0x0801a6a4   0x0801a6a4   0x000003c0   Code   RO         2255    i.net_tcp_socket_run  Net_Dbg_CM3_L.lib(net_tcp.o)
    0x0801aa64   0x0801aa64   0x00000048   Code   RO         2163    i.net_udp_close     Net_Dbg_CM3_L.lib(net_udp.o)
    0x0801aaac   0x0801aaac   0x0000002e   Code   RO         2166    i.net_udp_get_buf   Net_Dbg_CM3_L.lib(net_udp.o)
    0x0801aada   0x0801aada   0x00000002   PAD
    0x0801aadc   0x0801aadc   0x00000070   Code   RO         2169    i.net_udp_get_socket  Net_Dbg_CM3_L.lib(net_udp.o)
    0x0801ab4c   0x0801ab4c   0x000000ac   Code   RO         2171    i.net_udp_open      Net_Dbg_CM3_L.lib(net_udp.o)
    0x0801abf8   0x0801abf8   0x00000158   Code   RO         2172    i.net_udp_process   Net_Dbg_CM3_L.lib(net_udp.o)
    0x0801ad50   0x0801ad50   0x00000012   Code   RO         2174    i.net_udp_send      Net_Dbg_CM3_L.lib(net_udp.o)
    0x0801ad62   0x0801ad62   0x00000002   PAD
    0x0801ad64   0x0801ad64   0x0000022c   Code   RO         2175    i.net_udp_send_if   Net_Dbg_CM3_L.lib(net_udp.o)
    0x0801af90   0x0801af90   0x00000024   Code   RO         2177    i.net_udp_socket_init  Net_Dbg_CM3_L.lib(net_udp.o)
    0x0801afb4   0x0801afb4   0x00000008   Code   RO         2834    i.net_ultoa         Net_Dbg_CM3_L.lib(net_common.o)
    0x0801afbc   0x0801afbc   0x00000030   Code   RO         2837    i.net_ultox         Net_Dbg_CM3_L.lib(net_common.o)
    0x0801afec   0x0801afec   0x0000004c   Code   RO         2838    i.net_xtoul         Net_Dbg_CM3_L.lib(net_common.o)
    0x0801b038   0x0801b038   0x0000001c   Code   RO         2583    i.ping_send_req     Net_Dbg_CM3_L.lib(net_ping_core.o)
    0x0801b054   0x0801b054   0x00000104   Code   RO         2349    i.proc_opt_ia_na    Net_Dbg_CM3_L.lib(net_dhcp6_client.o)
    0x0801b158   0x0801b158   0x00000058   Code   RO         2445    i.proc_req_line     Net_Dbg_CM3_L.lib(net_http_server.o)
    0x0801b1b0   0x0801b1b0   0x0000001a   Code   RO         2100    i.que_free_list     Net_Dbg_CM3_L.lib(net_ip4_frag.o)
    0x0801b1ca   0x0801b1ca   0x000000a0   Code   RO         2446    i.read_script_line  Net_Dbg_CM3_L.lib(net_http_server.o)
    0x0801b26a   0x0801b26a   0x00000048   Code   RO         2447    i.search_delim      Net_Dbg_CM3_L.lib(net_http_server.o)
    0x0801b2b2   0x0801b2b2   0x00000070   Code   RO         2350    i.select_server     Net_Dbg_CM3_L.lib(net_dhcp6_client.o)
    0x0801b322   0x0801b322   0x00000002   PAD
    0x0801b324   0x0801b324   0x000000fc   Code   RO         2557    i.sntp_listener     Net_Dbg_CM3_L.lib(net_sntp_client_core.o)
    0x0801b420   0x0801b420   0x0000003c   Code   RO         2558    i.sntp_send_message  Net_Dbg_CM3_L.lib(net_sntp_client_core.o)
    0x0801b45c   0x0801b45c   0x00000018   Code   RO         2560    i.sntp_stop         Net_Dbg_CM3_L.lib(net_sntp_client_core.o)
    0x0801b474   0x0801b474   0x00000018   Code   RO         2617    i.sys_map_if        Net_Dbg_CM3_L.lib(net_sys.o)
    0x0801b48c   0x0801b48c   0x0000004c   Code   RO         2618    i.sys_proc_tick     Net_Dbg_CM3_L.lib(net_sys.o)
    0x0801b4d8   0x0801b4d8   0x00000110   Code   RO         2257    i.tcp_map_socket    Net_Dbg_CM3_L.lib(net_tcp.o)
    0x0801b5e8   0x0801b5e8   0x00000084   Code   RO         2258    i.tcp_parse_opt     Net_Dbg_CM3_L.lib(net_tcp.o)
    0x0801b66c   0x0801b66c   0x0000011c   Code   RO         2259    i.tcp_proc_acknr    Net_Dbg_CM3_L.lib(net_tcp.o)
    0x0801b788   0x0801b788   0x000000ac   Code   RO         2260    i.tcp_proc_dupack   Net_Dbg_CM3_L.lib(net_tcp.o)
    0x0801b834   0x0801b834   0x0000001a   Code   RO         2261    i.tcp_que_free      Net_Dbg_CM3_L.lib(net_tcp.o)
    0x0801b84e   0x0801b84e   0x0000001a   Code   RO         2262    i.tcp_que_init      Net_Dbg_CM3_L.lib(net_tcp.o)
    0x0801b868   0x0801b868   0x000000ac   Code   RO         2263    i.tcp_que_resend    Net_Dbg_CM3_L.lib(net_tcp.o)
    0x0801b914   0x0801b914   0x00000090   Code   RO         2264    i.tcp_send_ctrl     Net_Dbg_CM3_L.lib(net_tcp.o)
    0x0801b9a4   0x0801b9a4   0x0000007c   Code   RO         2265    i.tcp_send_data     Net_Dbg_CM3_L.lib(net_tcp.o)
    0x0801ba20   0x0801ba20   0x00000090   Code   RO         2266    i.tcp_send_reset    Net_Dbg_CM3_L.lib(net_tcp.o)
    0x0801bab0   0x0801bab0   0x00000044   Code   RO         2267    i.tcp_set_cwnd      Net_Dbg_CM3_L.lib(net_tcp.o)
    0x0801baf4   0x0801baf4   0x00000074   Code   RO         2268    i.tcp_transit       Net_Dbg_CM3_L.lib(net_tcp.o)
    0x0801bb68   0x0801bb68   0x0000010c   Code   RO         2269    i.tcp_write         Net_Dbg_CM3_L.lib(net_tcp.o)
    0x0801bc74   0x0801bc74   0x0000002c   Code   RO         2179    i.udp_port_in_use   Net_Dbg_CM3_L.lib(net_udp.o)
    0x0801bca0   0x0801bca0   0x00000044   Code   RO         2839    i.ul2str            Net_Dbg_CM3_L.lib(net_common.o)
    0x0801bce4   0x0801bce4   0x00000124   Code   RO         2448    i.utc_to_http       Net_Dbg_CM3_L.lib(net_http_server.o)
    0x0801be08   0x0801be08   0x00000024   Data   RO          200    .constdata          http_server.o
    0x0801be2c   0x0801be2c   0x00000004   Data   RO          311    .constdata          web.o
    0x0801be30   0x0801be30   0x00006ab7   Data   RO          312    .constdata          web.o
    0x080228e7   0x080228e7   0x00000001   PAD
    0x080228e8   0x080228e8   0x000000b0   Data   RO          313    .constdata          web.o
    0x08022998   0x08022998   0x00000960   Data   RO          356    .constdata          lcd.o
    0x080232f8   0x080232f8   0x00000024   Data   RO          764    .constdata          rtx_lib.o
    0x0802331c   0x0802331c   0x00000024   Data   RO          765    .constdata          rtx_lib.o
    0x08023340   0x08023340   0x00000018   Data   RO          766    .constdata          rtx_lib.o
    0x08023358   0x08023358   0x00000004   Data   RO          768    .constdata          rtx_lib.o
    0x0802335c   0x0802335c   0x00000004   Data   RO         1104    .constdata          phy_lan8742a.o
    0x08023360   0x08023360   0x00000020   Data   RO         1105    .constdata          phy_lan8742a.o
    0x08023380   0x08023380   0x00000050   Data   RO         1135    .constdata          emac_stm32f4xx.o
    0x080233d0   0x080233d0   0x00000044   Data   RO         1136    .constdata          emac_stm32f4xx.o
    0x08023414   0x08023414   0x00000034   Data   RO         1175    .constdata          spi_stm32f4xx.o
    0x08023448   0x08023448   0x00000010   Data   RO         1176    .constdata          spi_stm32f4xx.o
    0x08023458   0x08023458   0x00000010   Data   RO         1177    .constdata          spi_stm32f4xx.o
    0x08023468   0x08023468   0x0000002c   Data   RO         1178    .constdata          spi_stm32f4xx.o
    0x08023494   0x08023494   0x00000018   Data   RO         1214    .constdata          eventrecorder.o
    0x080234ac   0x080234ac   0x00000008   Data   RO         1382    .constdata          stm32f4xx_hal_dma.o
    0x080234b4   0x080234b4   0x00000010   Data   RO         1726    .constdata          system_stm32f4xx_1.o
    0x080234c4   0x080234c4   0x00000008   Data   RO         1727    .constdata          system_stm32f4xx_1.o
    0x080234cc   0x080234cc   0x000000a8   Data   RO         1772    .constdata          net_config.o
    0x08023574   0x08023574   0x0000001c   Data   RO         1773    .constdata          net_config.o
    0x08023590   0x08023590   0x00000014   Data   RO         1774    .constdata          net_config.o
    0x080235a4   0x080235a4   0x0000000c   Data   RO         1775    .constdata          net_config.o
    0x080235b0   0x080235b0   0x00000028   Data   RO         1776    .constdata          net_config.o
    0x080235d8   0x080235d8   0x00000010   Data   RO         1777    .constdata          net_config.o
    0x080235e8   0x080235e8   0x0000000c   Data   RO         1778    .constdata          net_config.o
    0x080235f4   0x080235f4   0x00000014   Data   RO         1779    .constdata          net_config.o
    0x08023608   0x08023608   0x00000020   Data   RO         1780    .constdata          net_config.o
    0x08023628   0x08023628   0x0000002c   Data   RO         1781    .constdata          net_config.o
    0x08023654   0x08023654   0x00000008   Data   RO         1782    .constdata          net_config.o
    0x0802365c   0x0802365c   0x00000008   Data   RO         1783    .constdata          net_config.o
    0x08023664   0x08023664   0x00000008   Data   RO         1784    .constdata          net_config.o
    0x0802366c   0x0802366c   0x00000008   Data   RO         1785    .constdata          net_config.o
    0x08023674   0x08023674   0x00000008   Data   RO         1786    .constdata          net_config.o
    0x0802367c   0x0802367c   0x00000008   Data   RO         1787    .constdata          net_config.o
    0x08023684   0x08023684   0x00000008   Data   RO         1788    .constdata          net_config.o
    0x0802368c   0x0802368c   0x00000008   Data   RO         1789    .constdata          net_config.o
    0x08023694   0x08023694   0x00000008   Data   RO         1790    .constdata          net_config.o
    0x0802369c   0x0802369c   0x00000008   Data   RO         1791    .constdata          net_config.o
    0x080236a4   0x080236a4   0x00000008   Data   RO         1792    .constdata          net_config.o
    0x080236ac   0x080236ac   0x0000000c   Data   RO         1793    .constdata          net_config.o
    0x080236b8   0x080236b8   0x00000018   Data   RO         1794    .constdata          net_config.o
    0x080236d0   0x080236d0   0x00000034   Data   RO         1795    .constdata          net_config.o
    0x08023704   0x08023704   0x00000008   Data   RO         1796    .constdata          net_config.o
    0x0802370c   0x0802370c   0x00000034   Data   RO         1797    .constdata          net_config.o
    0x08023740   0x08023740   0x0000002c   Data   RO         1798    .constdata          net_config.o
    0x0802376c   0x0802376c   0x00000010   Data   RO         1800    .constdata          net_config.o
    0x0802377c   0x0802377c   0x00000010   Data   RO         1801    .constdata          net_config.o
    0x0802378c   0x0802378c   0x0000002c   Data   RO         2081    .constdata          Net_Dbg_CM3_L.lib(net_loopback.o)
    0x080237b8   0x080237b8   0x0000000c   Data   RO         2082    .constdata          Net_Dbg_CM3_L.lib(net_loopback.o)
    0x080237c4   0x080237c4   0x00000010   Data   RO         2355    .constdata          Net_Dbg_CM3_L.lib(net_dhcp6_client.o)
    0x080237d4   0x080237d4   0x00000008   Data   RO         2381    .constdata          Net_Dbg_CM3_L.lib(net_nbns_client.o)
    0x080237dc   0x080237dc   0x000000fa   Data   RO         2450    .constdata          Net_Dbg_CM3_L.lib(net_http_server.o)
    0x080238d6   0x080238d6   0x00000002   PAD
    0x080238d8   0x080238d8   0x00000018   Data   RO         2529    .constdata          Net_Dbg_CM3_L.lib(net_http_server_auth.o)
    0x080238f0   0x080238f0   0x00000012   Data   RO         2585    .constdata          Net_Dbg_CM3_L.lib(net_ping_core.o)
    0x08023902   0x08023902   0x00000010   Data   RO         2678    .constdata          Net_Dbg_CM3_L.lib(net_addr.o)
    0x08023912   0x08023912   0x00000006   Data   RO         2679    .constdata          Net_Dbg_CM3_L.lib(net_addr.o)
    0x08023918   0x08023918   0x00000004   Data   RO         2731    .constdata          Net_Dbg_CM3_L.lib(net_ip4.o)
    0x0802391c   0x0802391c   0x00000020   Data   RO         2766    .constdata          Net_Dbg_CM3_L.lib(net_ip6.o)
    0x0802393c   0x0802393c   0x00000010   Data   RO         2767    .constdata          Net_Dbg_CM3_L.lib(net_ip6.o)
    0x0802394c   0x0802394c   0x00000018   Data   RO         2786    .constdata          Net_Dbg_CM3_L.lib(net_http_server_err.o)
    0x08023964   0x08023964   0x00000010   Data   RO         2840    .constdata          Net_Dbg_CM3_L.lib(net_common.o)
    0x08023974   0x08023974   0x00000090   Data   RO         2887    .constdata          Net_Dbg_CM3_L.lib(net_base64.o)
    0x08023a04   0x08023a04   0x00000004   Data   RO         2896    .constdata          Net_Dbg_CM3_L.lib(net_version.o)
    0x08023a08   0x08023a08   0x0000000c   Data   RO         2916    .constdata          mc_w.l(localtime.o)
    0x08023a14   0x08023a14   0x00000056   Data   RO         2919    .constdata          mc_w.l(strftime.o)
    0x08023a6a   0x08023a6a   0x00000002   PAD
    0x08023a6c   0x08023a6c   0x000000da   Data   RO          264    .conststring        http_server_cgi.o
    0x08023b46   0x08023b46   0x00000002   PAD
    0x08023b48   0x08023b48   0x00000078   Data   RO         1802    .conststring        net_config.o
    0x08023bc0   0x08023bc0   0x0000000d   Data   RO         1803    .conststring        net_config.o
    0x08023bcd   0x08023bcd   0x00000003   PAD
    0x08023bd0   0x08023bd0   0x00000038   Data   RO         1804    .conststring        net_config.o
    0x08023c08   0x08023c08   0x0000003d   Data   RO         1805    .conststring        net_config.o
    0x08023c45   0x08023c45   0x00000003   PAD
    0x08023c48   0x08023c48   0x0000001d   Data   RO         1806    .conststring        net_config.o
    0x08023c65   0x08023c65   0x00000003   PAD
    0x08023c68   0x08023c68   0x0000000f   Data   RO         1807    .conststring        net_config.o
    0x08023c77   0x08023c77   0x00000001   PAD
    0x08023c78   0x08023c78   0x00000203   Data   RO         2787    .conststring        Net_Dbg_CM3_L.lib(net_http_server_err.o)
    0x08023e7b   0x08023e7b   0x00000001   PAD
    0x08023e7c   0x08023e7c   0x0000000b   Data   RO          709    .conststrlit        rtx_kernel.o
    0x08023e87   0x08023e87   0x00000001   PAD
    0x08023e88   0x08023e88   0x000000a8   Data   RO          769    .rodata             rtx_lib.o
    0x08023f30   0x08023f30   0x00000030   Data   RO         3252    Region$$Table       anon$$obj.o


    Execution Region RW_IRAM2 (Exec base: 0x10000000, Load base: 0x0802409c, Size: 0x000004a4, Max: 0x00010000, ABSOLUTE)

    Exec Addr    Load Addr    Size         Type   Attr      Idx    E Section Name        Object

    0x10000000        -       0x000004a4   Zero   RW         1213    .bss.noinit         eventrecorder.o


    Execution Region RW_IRAM1 (Exec base: 0x20000000, Load base: 0x08023f60, Size: 0x0000f828, Max: 0x00030000, ABSOLUTE, COMPRESSED[0x0000013c])

    Exec Addr    Load Addr    Size         Type   Attr      Idx    E Section Name        Object

    0x20000000   COMPRESSED   0x00008000   Data   RW          756    .bss.os             rtx_lib.o
    0x20008000   COMPRESSED   0x00000040   Data   RW          757    .bss.os             rtx_lib.o
    0x20008040   COMPRESSED   0x00000001   Data   RW         1056    .bss.os             os_systick.o
    0x20008041   COMPRESSED   0x00000003   PAD
    0x20008044   COMPRESSED   0x00000034   Data   RW          758    .bss.os.msgqueue.cb  rtx_lib.o
    0x20008078   COMPRESSED   0x00000050   Data   RW          759    .bss.os.msgqueue.mem  rtx_lib.o
    0x200080c8   COMPRESSED   0x0000001c   Data   RW         1766    .bss.os.mutex.cb    net_config.o
    0x200080e4   COMPRESSED   0x0000001c   Data   RW         1767    .bss.os.mutex.cb    net_config.o
    0x20008100   COMPRESSED   0x00000010   Data   RW         1768    .bss.os.semaphore.cb  net_config.o
    0x20008110   COMPRESSED   0x00000044   Data   RW          760    .bss.os.thread.cb   rtx_lib.o
    0x20008154   COMPRESSED   0x00000044   Data   RW          761    .bss.os.thread.cb   rtx_lib.o
    0x20008198   COMPRESSED   0x00000044   Data   RW         1769    .bss.os.thread.cb   net_config.o
    0x200081dc   COMPRESSED   0x00000044   Data   RW         1770    .bss.os.thread.cb   net_config.o
    0x20008220   COMPRESSED   0x00000200   Data   RW          762    .bss.os.thread.idle.stack  rtx_lib.o
    0x20008420   COMPRESSED   0x00000200   Data   RW          763    .bss.os.thread.timer.stack  rtx_lib.o
    0x20008620   COMPRESSED   0x00000020   Data   RW         1771    .bss.os.timer.cb    net_config.o
    0x20008640   COMPRESSED   0x00000004   Data   RW            5    .data               main.o
    0x20008644   COMPRESSED   0x0000002a   Data   RW          201    .data               http_server.o
    0x2000866e   COMPRESSED   0x00000001   Data   RW          202    .data               http_server.o
    0x2000866f   COMPRESSED   0x00000001   PAD
    0x20008670   COMPRESSED   0x00000004   Data   RW          203    .data               http_server.o
    0x20008674   COMPRESSED   0x00000008   Data   RW          265    .data               http_server_cgi.o
    0x2000867c   COMPRESSED   0x00000008   Data   RW          357    .data               lcd.o
    0x20008684   COMPRESSED   0x00000004   Data   RW          431    .data               parpadeo.o
    0x20008688   COMPRESSED   0x00000004   Data   RW          459    .data               rtc.o
    0x2000868c   COMPRESSED   0x00000010   Data   RW          491    .data               sntp.o
    0x2000869c   COMPRESSED   0x00000010   Data   RW          518    .data               joystick.o
    0x200086ac   COMPRESSED   0x00000008   Data   RW          553    .data               lowpower.o
    0x200086b4   COMPRESSED   0x00000004   Data   RW         1244    .data               retarget_io.o
    0x200086b8   COMPRESSED   0x0000000c   Data   RW         1276    .data               stm32f4xx_hal.o
    0x200086c4   COMPRESSED   0x00000004   Data   RW         1728    .data               system_stm32f4xx_1.o
    0x200086c8   COMPRESSED   0x00000004   Data   RW         1808    .data               net_config.o
    0x200086cc   COMPRESSED   0x00000006   Data   RW         1809    .data               net_config.o
    0x200086d2   COMPRESSED   0x00000004   Data   RW         1810    .data               net_config.o
    0x200086d6   COMPRESSED   0x00000002   PAD
    0x200086d8   COMPRESSED   0x00000004   Data   RW         2083    .data               Net_Dbg_CM3_L.lib(net_loopback.o)
    0x200086dc   COMPRESSED   0x00000004   Data   RW         2101    .data               Net_Dbg_CM3_L.lib(net_ip4_frag.o)
    0x200086e0   COMPRESSED   0x00000001   Data   RW         2119    .data               Net_Dbg_CM3_L.lib(net_icmp.o)
    0x200086e1   COMPRESSED   0x00000001   Data   RW         2140    .data               Net_Dbg_CM3_L.lib(net_icmp6.o)
    0x200086e2   COMPRESSED   0x00000002   Data   RW         2181    .data               Net_Dbg_CM3_L.lib(net_udp.o)
    0x200086e4   COMPRESSED   0x00000004   Data   RW         2272    .data               Net_Dbg_CM3_L.lib(net_tcp.o)
    0x200086e8   COMPRESSED   0x00000002   Data   RW         2356    .data               Net_Dbg_CM3_L.lib(net_dhcp6_client.o)
    0x200086ea   COMPRESSED   0x00000001   Data   RW         2382    .data               Net_Dbg_CM3_L.lib(net_nbns_client.o)
    0x200086eb   COMPRESSED   0x00000001   PAD
    0x200086ec   COMPRESSED   0x0000000c   Data   RW         2451    .data               Net_Dbg_CM3_L.lib(net_http_server.o)
    0x200086f8   COMPRESSED   0x00000008   Data   RW         2732    .data               Net_Dbg_CM3_L.lib(net_ip4.o)
    0x20008700   COMPRESSED   0x00000004   Data   RW         2768    .data               Net_Dbg_CM3_L.lib(net_ip6.o)
    0x20008704   COMPRESSED   0x00000004   Data   RW         2910    .data               mc_w.l(stdout.o)
    0x20008708   COMPRESSED   0x00000004   Data   RW         2911    .data               mc_w.l(stderr.o)
    0x2000870c   COMPRESSED   0x000000a4   Data   RW          710    .data.os            rtx_kernel.o
    0x200087b0        -       0x00000400   Zero   RW          199    .bss                http_server.o
    0x20008bb0        -       0x00000038   Zero   RW          263    .bss                http_server_cgi.o
    0x20008be8        -       0x0000025c   Zero   RW          355    .bss                lcd.o
    0x20008e44        -       0x00000014   Zero   RW          405    .bss                leds.o
    0x20008e58        -       0x000000d4   Zero   RW          458    .bss                rtc.o
    0x20008f2c        -       0x0000000c   Zero   RW         1103    .bss                phy_lan8742a.o
    0x20008f38        -       0x000024cc   Zero   RW         1134    .bss                emac_stm32f4xx.o
    0x2000b404        -       0x00000010   Zero   RW         1173    .bss                spi_stm32f4xx.o
    0x2000b414        -       0x0000001c   Zero   RW         1174    .bss                spi_stm32f4xx.o
    0x2000b430        -       0x00000400   Zero   RW         1755    .bss                net_config.o
    0x2000b830        -       0x00000400   Zero   RW         1756    .bss                net_config.o
    0x2000bc30        -       0x00002ee0   Zero   RW         1757    .bss                net_config.o
    0x2000eb10        -       0x000000c8   Zero   RW         1758    .bss                net_config.o
    0x2000ebd8        -       0x00000018   Zero   RW         1759    .bss                net_config.o
    0x2000ebf0        -       0x000000a0   Zero   RW         1760    .bss                net_config.o
    0x2000ec90        -       0x00000064   Zero   RW         1761    .bss                net_config.o
    0x2000ecf4        -       0x00000028   Zero   RW         1762    .bss                net_config.o
    0x2000ed1c        -       0x00000050   Zero   RW         1763    .bss                net_config.o
    0x2000ed6c        -       0x00000228   Zero   RW         1764    .bss                net_config.o
    0x2000ef94        -       0x00000150   Zero   RW         1765    .bss                net_config.o
    0x2000f0e4        -       0x000000a0   Zero   RW         1908    .bss                Net_Dbg_CM3_L.lib(net_eth.o)
    0x2000f184        -       0x00000018   Zero   RW         1968    .bss                Net_Dbg_CM3_L.lib(net_arp.o)
    0x2000f19c        -       0x00000044   Zero   RW         2037    .bss                Net_Dbg_CM3_L.lib(net_ndp.o)
    0x2000f1e0        -       0x0000001c   Zero   RW         2180    .bss                Net_Dbg_CM3_L.lib(net_udp.o)
    0x2000f1fc        -       0x00000044   Zero   RW         2351    .bss                Net_Dbg_CM3_L.lib(net_dhcp6_client.o)
    0x2000f240        -       0x00000098   Zero   RW         2449    .bss                Net_Dbg_CM3_L.lib(net_http_server.o)
    0x2000f2d8        -       0x0000002c   Zero   RW         2561    .bss                Net_Dbg_CM3_L.lib(net_sntp_client_core.o)
    0x2000f304        -       0x0000002c   Zero   RW         2584    .bss                Net_Dbg_CM3_L.lib(net_ping_core.o)
    0x2000f330        -       0x00000038   Zero   RW         2619    .bss                Net_Dbg_CM3_L.lib(net_sys.o)
    0x2000f368        -       0x00000024   Zero   RW         2620    .bss                Net_Dbg_CM3_L.lib(net_sys.o)
    0x2000f38c        -       0x0000005c   Zero   RW         2677    .bss                Net_Dbg_CM3_L.lib(net_addr.o)
    0x2000f3e8        -       0x00000014   Zero   RW         2802    .bss                Net_Dbg_CM3_L.lib(net_mem.o)
    0x2000f3fc        -       0x0000002c   Zero   RW         2915    .bss                mc_w.l(localtime.o)
    0x2000f428        -       0x00000400   Zero   RW         1715    STACK               startup_stm32f429xx.o


==============================================================================

Image component sizes


      Code (inc. data)   RO Data    RW Data    ZI Data      Debug   Object Name

       304         22          0          0          0       2172   adc.o
      2552        158        148          0       9420      47618   emac_stm32f4xx.o
      1452         40         24          0       1188      17468   eventrecorder.o
        88         10         36         47       1024       2232   http_server.o
      1932        346        218          8         56       8069   http_server_cgi.o
       148          8          0          0          0        596   irq_armv7m.o
       412         24          0         16          0       2477   joystick.o
       988         36       2400          8        604       9477   lcd.o
        60         12          0          0         20        879   leds.o
       516         22          0          8          0       2362   lowpower.o
       376         28          0          4          0     815763   main.o
       364         24        998        254      15540      32639   net_config.o
       338          0          0          0          0        834   net_debug.o
       196         12          0          1          0       1992   os_systick.o
        84          8          0          4          0        951   parpadeo.o
       428         10         36          0         12       6922   phy_lan8742a.o
       240         60          0          4          0       4087   retarget_io.o
       596        122          0          4        212       2984   rtc.o
         4          0          0          0          0        579   rtx_config.o
       260         14          0          0          0      17878   rtx_delay.o
      2404         88          0          0          0      45314   rtx_evr.o
      1752         98         11        164          0      28052   rtx_kernel.o
         0          0        268      34124          0       9214   rtx_lib.o
       292          0          0          0          0       3791   rtx_memory.o
      1984         48          0          0          0      15168   rtx_mempool.o
      2820         58          0          0          0      23684   rtx_msgqueue.o
      1368         30          0          0          0      10126   rtx_mutex.o
      1432         34          0          0          0      11896   rtx_semaphore.o
       668         18          0          0          0       8473   rtx_system.o
      4828        124          0          0          0      33219   rtx_thread.o
      1152         34          0          0          0      10233   rtx_timer.o
       432        170          0         16          0       2331   sntp.o
      3436        100        128          0         44      45063   spi_stm32f4xx.o
        36          8        428          0       1024        792   startup_stm32f429xx.o
       456         38          0         12          0      11391   stm32f4xx_hal.o
      2848        100          0          0          0       8943   stm32f4xx_hal_adc.o
      1884         42          0          0          0       6546   stm32f4xx_hal_adc_ex.o
       664         10          0          0          0      36074   stm32f4xx_hal_cortex.o
      1820         28          8          0          0       7709   stm32f4xx_hal_dma.o
       904         54          0          0          0       3779   stm32f4xx_hal_gpio.o
       392         20          0          0          0       3715   stm32f4xx_hal_pwr.o
      1876         66          0          0          0       6115   stm32f4xx_hal_rcc.o
      1508         80          0          0          0       4645   stm32f4xx_hal_rcc_ex.o
      2404         26          0          0          0       9629   stm32f4xx_hal_rtc.o
      2748         20          0          0          0      13849   stm32f4xx_hal_rtc_ex.o
     12740        296          0          0          0      45954   stm32f4xx_hal_tim.o
      4984        154          0          0          0      18131   stm32f4xx_hal_tim_ex.o
       136         16         24          4          0       1665   system_stm32f4xx_1.o
       120         10      27499          0          0       1688   web.o

    ----------------------------------------------------------------------
     69426       2726      32288      34684      29144    1405168   Object Totals
         0          0         48          0          0          0   (incl. Generated)
         0          0         14          6          0          0   (incl. Padding)

    ----------------------------------------------------------------------

      Code (inc. data)   RO Data    RW Data    ZI Data      Debug   Library Member Name

      1458         18         22          0         92       1624   net_addr.o
      2874        144          0          0         24       1548   net_arp.o
       120          6        144          0          0         84   net_base64.o
       622         10         16          0          0       1340   net_common.o
      3454        144         16          2         68        944   net_dhcp6_client.o
      3664        138          0          0        160       1600   net_eth.o
      6834       1268        250         12        152       2852   net_http_server.o
       266         66         24          0          0        368   net_http_server_auth.o
         0          0        539          0          0          0   net_http_server_err.o
       640         48          0          1          0        236   net_icmp.o
       812         60          0          1          0        332   net_icmp6.o
      1188         82          4          8          0        956   net_ip4.o
       690         30          0          4          0        476   net_ip4_frag.o
       848         72         48          4          0        644   net_ip6.o
       348         28         56          4          0        256   net_loopback.o
       592         64          0          0         20        564   net_mem.o
       520         44          8          1          0        188   net_nbns_client.o
      4150        176          0          0         68       1848   net_ndp.o
       188         32         18          0         44        220   net_ping_core.o
       872         70          0          0         44        584   net_sntp_client_core.o
       834         84          0          0         92       1012   net_sys.o
      6566        282          0          4          0       2728   net_tcp.o
      1400         80          0          2         28        772   net_udp.o
         0          0          4          0          0          0   net_version.o
        86          0          0          0          0          0   __dczerorl2.o
         0          0          0          0          0          0   entry.o
         0          0          0          0          0          0   entry10a.o
         0          0          0          0          0          0   entry11a.o
         4          0          0          0          0          0   entry12b.o
         8          4          0          0          0          0   entry2.o
         4          0          0          0          0          0   entry5.o
         0          0          0          0          0          0   entry7b.o
         0          0          0          0          0          0   entry8b.o
         8          4          0          0          0          0   entry9a.o
        24          0          0          0          0         80   fputs.o
        30          0          0          0          0          0   handlers.o
        36          8          0          0          0         68   init.o
         0          0          0          0          0          0   iusefp.o
        30          0          0          0          0         68   llshl.o
        36          0          0          0          0         68   llsshr.o
        32          0          0          0          0         68   llushr.o
       148         10         12          0         44         76   localtime.o
        26          0          0          0          0         80   memcmp.o
        36          0          0          0          0         68   memcpya.o
        36          0          0          0          0        108   memseta.o
      2268         96          0          0          0        616   printfa.o
         0          0          0          4          0          0   stderr.o
         0          0          0          4          0          0   stdout.o
        28          0          0          0          0         76   strcmp.o
        18          0          0          0          0         68   strcpy.o
       916        264         86          0          0        144   strftime.o
        14          0          0          0          0         68   strlen.o
        30          0          0          0          0         80   strncmp.o
        44          0          0          0          0         80   uidiv.o
        98          0          0          0          0         92   uldiv.o
        48          0          0          0          0         68   cdrcmple.o
       334          0          0          0          0        148   dadd.o
       222          0          0          0          0        100   ddiv.o
       186          0          0          0          0        176   depilogue.o
        48          0          0          0          0         68   dfixul.o
        26          0          0          0          0         76   dfltui.o
       228          0          0          0          0         96   dmul.o
        46          0          0          0          0         80   dscalb.o
       110          0          0          0          0        168   fepilogue.o
        10          0          0          0          0         68   ffltui.o
       100          0          0          0          0         76   fmul.o
        24          0          0          0          0         68   fscalb.o

    ----------------------------------------------------------------------
     44330       3332       1252         52        836      24276   Library Totals
        48          0          5          1          0          0   (incl. Padding)

    ----------------------------------------------------------------------

      Code (inc. data)   RO Data    RW Data    ZI Data      Debug   Library Name

     38940       2946       1149         43        792      21176   Net_Dbg_CM3_L.lib
      3960        386         98          8         44       1908   mc_w.l
      1382          0          0          0          0       1192   mf_w.l

    ----------------------------------------------------------------------
     44330       3332       1252         52        836      24276   Library Totals

    ----------------------------------------------------------------------

==============================================================================


      Code (inc. data)   RO Data    RW Data    ZI Data      Debug   

    113756       6058      33540      34736      29980    1409916   Grand Totals
    113756       6058      33540        316      29980    1409916   ELF Image Totals (compressed)
    113756       6058      33540        316          0          0   ROM Totals

==============================================================================

    Total RO  Size (Code + RO Data)               147296 ( 143.84kB)
    Total RW  Size (RW Data + ZI Data)             64716 (  63.20kB)
    Total ROM Size (Code + RO Data + RW Data)     147612 ( 144.15kB)

==============================================================================

